Component: ARM Compiler 5.06 update 6 (build 750) Tool: armlink [4d35ed]

==============================================================================

Section Cross References

    startup_stm32f407xx.o(RESET) refers to startup_stm32f407xx.o(STACK) for __initial_sp
    startup_stm32f407xx.o(RESET) refers to startup_stm32f407xx.o(.text) for Reset_Handler
    startup_stm32f407xx.o(RESET) refers to stm32f4xx_it.o(i.NMI_Handler) for NMI_Handler
    startup_stm32f407xx.o(RESET) refers to stm32f4xx_it.o(i.HardFault_Handler) for HardFault_Handler
    startup_stm32f407xx.o(RESET) refers to stm32f4xx_it.o(i.MemManage_Handler) for MemManage_Handler
    startup_stm32f407xx.o(RESET) refers to stm32f4xx_it.o(i.BusFault_Handler) for BusFault_Handler
    startup_stm32f407xx.o(RESET) refers to stm32f4xx_it.o(i.UsageFault_Handler) for UsageFault_Handler
    startup_stm32f407xx.o(RESET) refers to stm32f4xx_it.o(i.SVC_Handler) for SVC_Handler
    startup_stm32f407xx.o(RESET) refers to stm32f4xx_it.o(i.DebugMon_Handler) for DebugMon_Handler
    startup_stm32f407xx.o(RESET) refers to stm32f4xx_it.o(i.PendSV_Handler) for PendSV_Handler
    startup_stm32f407xx.o(RESET) refers to stm32f4xx_it.o(i.SysTick_Handler) for SysTick_Handler
    startup_stm32f407xx.o(RESET) refers to stm32f4xx_it.o(i.OTG_FS_IRQHandler) for OTG_FS_IRQHandler
    startup_stm32f407xx.o(.text) refers to system_stm32f4xx.o(i.SystemInit) for SystemInit
    startup_stm32f407xx.o(.text) refers to entry.o(.ARM.Collect$$$$00000000) for __main
    main.o(i.SystemClock_Config) refers to memseta.o(.text) for __aeabi_memclr4
    main.o(i.SystemClock_Config) refers to stm32f4xx_hal_rcc.o(i.HAL_RCC_OscConfig) for HAL_RCC_OscConfig
    main.o(i.SystemClock_Config) refers to stm32f4xx_hal_rcc.o(i.HAL_RCC_ClockConfig) for HAL_RCC_ClockConfig
    main.o(i.main) refers to stm32f4xx_hal.o(i.HAL_Init) for HAL_Init
    main.o(i.main) refers to main.o(i.SystemClock_Config) for SystemClock_Config
    main.o(i.main) refers to gpio.o(i.MX_GPIO_Init) for MX_GPIO_Init
    main.o(i.main) refers to usb_device.o(i.MX_USB_DEVICE_Init) for MX_USB_DEVICE_Init
    main.o(i.main) refers to stm32f4xx_hal.o(i.HAL_Delay) for HAL_Delay
    main.o(i.main) refers to usbd_cdc_if.o(i.usb_printf) for usb_printf
    gpio.o(i.MX_GPIO_Init) refers to memseta.o(.text) for __aeabi_memclr4
    gpio.o(i.MX_GPIO_Init) refers to stm32f4xx_hal_gpio.o(i.HAL_GPIO_WritePin) for HAL_GPIO_WritePin
    gpio.o(i.MX_GPIO_Init) refers to stm32f4xx_hal_gpio.o(i.HAL_GPIO_Init) for HAL_GPIO_Init
    stm32f4xx_it.o(i.OTG_FS_IRQHandler) refers to stm32f4xx_hal_pcd.o(i.HAL_PCD_IRQHandler) for HAL_PCD_IRQHandler
    stm32f4xx_it.o(i.OTG_FS_IRQHandler) refers to usbd_conf.o(.bss) for hpcd_USB_OTG_FS
    stm32f4xx_it.o(i.SysTick_Handler) refers to stm32f4xx_hal.o(i.HAL_IncTick) for HAL_IncTick
    usb_device.o(i.MX_USB_DEVICE_Init) refers to usbd_core.o(i.USBD_Init) for USBD_Init
    usb_device.o(i.MX_USB_DEVICE_Init) refers to main.o(i.Error_Handler) for Error_Handler
    usb_device.o(i.MX_USB_DEVICE_Init) refers to usbd_core.o(i.USBD_RegisterClass) for USBD_RegisterClass
    usb_device.o(i.MX_USB_DEVICE_Init) refers to usbd_cdc.o(i.USBD_CDC_RegisterInterface) for USBD_CDC_RegisterInterface
    usb_device.o(i.MX_USB_DEVICE_Init) refers to usbd_core.o(i.USBD_Start) for USBD_Start
    usb_device.o(i.MX_USB_DEVICE_Init) refers to usbd_desc.o(.data) for FS_Desc
    usb_device.o(i.MX_USB_DEVICE_Init) refers to usb_device.o(.bss) for .bss
    usb_device.o(i.MX_USB_DEVICE_Init) refers to usbd_cdc.o(.data) for USBD_CDC
    usb_device.o(i.MX_USB_DEVICE_Init) refers to usbd_cdc_if.o(.data) for USBD_Interface_fops_FS
    usbd_desc.o(i.USBD_FS_ConfigStrDescriptor) refers to usbd_ctlreq.o(i.USBD_GetString) for USBD_GetString
    usbd_desc.o(i.USBD_FS_ConfigStrDescriptor) refers to usbd_desc.o(.bss) for .bss
    usbd_desc.o(i.USBD_FS_DeviceDescriptor) refers to usbd_desc.o(.data) for .data
    usbd_desc.o(i.USBD_FS_InterfaceStrDescriptor) refers to usbd_ctlreq.o(i.USBD_GetString) for USBD_GetString
    usbd_desc.o(i.USBD_FS_InterfaceStrDescriptor) refers to usbd_desc.o(.bss) for .bss
    usbd_desc.o(i.USBD_FS_LangIDStrDescriptor) refers to usbd_desc.o(.data) for .data
    usbd_desc.o(i.USBD_FS_ManufacturerStrDescriptor) refers to usbd_ctlreq.o(i.USBD_GetString) for USBD_GetString
    usbd_desc.o(i.USBD_FS_ManufacturerStrDescriptor) refers to usbd_desc.o(.bss) for .bss
    usbd_desc.o(i.USBD_FS_ProductStrDescriptor) refers to usbd_ctlreq.o(i.USBD_GetString) for USBD_GetString
    usbd_desc.o(i.USBD_FS_ProductStrDescriptor) refers to usbd_desc.o(.bss) for .bss
    usbd_desc.o(i.USBD_FS_SerialStrDescriptor) refers to usbd_desc.o(i.IntToUnicode) for IntToUnicode
    usbd_desc.o(i.USBD_FS_SerialStrDescriptor) refers to usbd_desc.o(.data) for .data
    usbd_desc.o(.data) refers to usbd_desc.o(i.USBD_FS_DeviceDescriptor) for USBD_FS_DeviceDescriptor
[...]
    ..\Core\Src\stm32f4xx_hal_msp.c          0x00000000   Number         0  stm32f4xx_hal_msp.o ABSOLUTE
    ..\Core\Src\stm32f4xx_it.c               0x00000000   Number         0  stm32f4xx_it.o ABSOLUTE
    ..\Core\Src\system_stm32f4xx.c           0x00000000   Number         0  system_stm32f4xx.o ABSOLUTE
    ..\Drivers\STM32F4xx_HAL_Driver\Src\stm32f4xx_hal.c 0x00000000   Number         0  stm32f4xx_hal.o ABSOLUTE
    ..\Drivers\STM32F4xx_HAL_Driver\Src\stm32f4xx_hal_cortex.c 0x00000000   Number         0  stm32f4xx_hal_cortex.o ABSOLUTE
    ..\Drivers\STM32F4xx_HAL_Driver\Src\stm32f4xx_hal_dma.c 0x00000000   Number         0  stm32f4xx_hal_dma.o ABSOLUTE
    ..\Drivers\STM32F4xx_HAL_Driver\Src\stm32f4xx_hal_dma_ex.c 0x00000000   Number         0  stm32f4xx_hal_dma_ex.o ABSOLUTE
    ..\Drivers\STM32F4xx_HAL_Driver\Src\stm32f4xx_hal_exti.c 0x00000000   Number         0  stm32f4xx_hal_exti.o ABSOLUTE
    ..\Drivers\STM32F4xx_HAL_Driver\Src\stm32f4xx_hal_flash.c 0x00000000   Number         0  stm32f4xx_hal_flash.o ABSOLUTE
    ..\Drivers\STM32F4xx_HAL_Driver\Src\stm32f4xx_hal_flash_ex.c 0x00000000   Number         0  stm32f4xx_hal_flash_ex.o ABSOLUTE
    ..\Drivers\STM32F4xx_HAL_Driver\Src\stm32f4xx_hal_flash_ramfunc.c 0x00000000   Number         0  stm32f4xx_hal_flash_ramfunc.o ABSOLUTE
    ..\Drivers\STM32F4xx_HAL_Driver\Src\stm32f4xx_hal_gpio.c 0x00000000   Number         0  stm32f4xx_hal_gpio.o ABSOLUTE
    ..\Drivers\STM32F4xx_HAL_Driver\Src\stm32f4xx_hal_pcd.c 0x00000000   Number         0  stm32f4xx_hal_pcd.o ABSOLUTE
    ..\Drivers\STM32F4xx_HAL_Driver\Src\stm32f4xx_hal_pcd_ex.c 0x00000000   Number         0  stm32f4xx_hal_pcd_ex.o ABSOLUTE
    ..\Drivers\STM32F4xx_HAL_Driver\Src\stm32f4xx_hal_pwr.c 0x00000000   Number         0  stm32f4xx_hal_pwr.o ABSOLUTE
    ..\Drivers\STM32F4xx_HAL_Driver\Src\stm32f4xx_hal_pwr_ex.c 0x00000000   Number         0  stm32f4xx_hal_pwr_ex.o ABSOLUTE
    ..\Drivers\STM32F4xx_HAL_Driver\Src\stm32f4xx_hal_rcc.c 0x00000000   Number         0  stm32f4xx_hal_rcc.o ABSOLUTE
    ..\Drivers\STM32F4xx_HAL_Driver\Src\stm32f4xx_hal_rcc_ex.c 0x00000000   Number         0  stm32f4xx_hal_rcc_ex.o ABSOLUTE
    ..\Drivers\STM32F4xx_HAL_Driver\Src\stm32f4xx_hal_tim.c 0x00000000   Number         0  stm32f4xx_hal_tim.o ABSOLUTE
    ..\Drivers\STM32F4xx_HAL_Driver\Src\stm32f4xx_hal_tim_ex.c 0x00000000   Number         0  stm32f4xx_hal_tim_ex.o ABSOLUTE
    ..\Drivers\STM32F4xx_HAL_Driver\Src\stm32f4xx_ll_usb.c 0x00000000   Number         0  stm32f4xx_ll_usb.o ABSOLUTE
    ..\Middlewares\ST\STM32_USB_Device_Library\Class\CDC\Src\usbd_cdc.c 0x00000000   Number         0  usbd_cdc.o ABSOLUTE
    ..\Middlewares\ST\STM32_USB_Device_Library\Core\Src\usbd_core.c 0x00000000   Number         0  usbd_core.o ABSOLUTE
    ..\Middlewares\ST\STM32_USB_Device_Library\Core\Src\usbd_ctlreq.c 0x00000000   Number         0  usbd_ctlreq.o ABSOLUTE
    ..\Middlewares\ST\STM32_USB_Device_Library\Core\Src\usbd_ioreq.c 0x00000000   Number         0  usbd_ioreq.o ABSOLUTE
    ..\USB_DEVICE\App\usb_device.c           0x00000000   Number         0  usb_device.o ABSOLUTE
    ..\USB_DEVICE\App\usbd_cdc_if.c          0x00000000   Number         0  usbd_cdc_if.o ABSOLUTE
    ..\USB_DEVICE\App\usbd_desc.c            0x00000000   Number         0  usbd_desc.o ABSOLUTE
    ..\USB_DEVICE\Target\usbd_conf.c         0x00000000   Number         0  usbd_conf.o ABSOLUTE
    cdrcmple.s                               0x00000000   Number         0  cdrcmple.o ABSOLUTE
    dc.s                                     0x00000000   Number         0  dc.o ABSOLUTE
    handlers.s                               0x00000000   Number         0  handlers.o ABSOLUTE
    init.s                                   0x00000000   Number         0  init.o ABSOLUTE
    startup_stm32f407xx.s                    0x00000000   Number         0  startup_stm32f407xx.o ABSOLUTE
    RESET                                    0x08010000   Section      392  startup_stm32f407xx.o(RESET)
    .ARM.Collect$$$$00000000                 0x08010188   Section        0  entry.o(.ARM.Collect$$$$00000000)
    .ARM.Collect$$$$00000001                 0x08010188   Section        4  entry2.o(.ARM.Collect$$$$00000001)
    .ARM.Collect$$$$00000004                 0x0801018c   Section        4  entry5.o(.ARM.Collect$$$$00000004)
    .ARM.Collect$$$$00000008                 0x08010190   Section        0  entry7b.o(.ARM.Collect$$$$00000008)
    .ARM.Collect$$$$0000000A                 0x08010190   Section        0  entry8b.o(.ARM.Collect$$$$0000000A)
    .ARM.Collect$$$$0000000B                 0x08010190   Section        8  entry9a.o(.ARM.Collect$$$$0000000B)
    .ARM.Collect$$$$0000000D                 0x08010198   Section        0  entry10a.o(.ARM.Collect$$$$0000000D)
    .ARM.Collect$$$$0000000F                 0x08010198   Section        0  entry11a.o(.ARM.Collect$$$$0000000F)
    .ARM.Collect$$$$00002712                 0x08010198   Section        4  entry2.o(.ARM.Collect$$$$00002712)
    __lit__00000000                          0x08010198   Data           4  entry2.o(.ARM.Collect$$$$00002712)
    .text                                    0x0801019c   Section       36  startup_stm32f407xx.o(.text)
    $v0                                      0x0801019c   Number         0  startup_stm32f407xx.o(.text)
    .text                                    0x080101c0   Section        0  uldiv.o(.text)
    .text                                    0x08010222   Section        0  memcpya.o(.text)
    .text                                    0x08010246   Section        0  memseta.o(.text)
    .text                                    0x0801026a   Section        0  uidiv.o(.text)
    .text                                    0x08010296   Section        0  llshl.o(.text)
    .text                                    0x080102b4   Section        0  llushr.o(.text)
    .text                                    0x080102d4   Section        0  iusefp.o(.text)
    .text                                    0x080102d4   Section        0  dadd.o(.text)
    .text                                    0x08010422   Section        0  dmul.o(.text)
    .text                                    0x08010506   Section        0  ddiv.o(.text)
    .text                                    0x080105e4   Section        0  dfixul.o(.text)
    .text                                    0x08010614   Section       48  cdrcmple.o(.text)
    .text                                    0x08010644   Section       36  init.o(.text)
    .text                                    0x08010668   Section        0  llsshr.o(.text)
    .text                                    0x0801068c   Section        0  depilogue.o(.text)
    .text                                    0x08010746   Section        0  __dczerorl2.o(.text)
    i.BusFault_Handler                       0x0801079c   Section        0  stm32f4xx_it.o(i.BusFault_Handler)
    i.CDC_Control_FS                         0x0801079e   Section        0  usbd_cdc_if.o(i.CDC_Control_FS)
    CDC_Control_FS                           0x0801079f   Thumb Code     4  usbd_cdc_if.o(i.CDC_Control_FS)
    i.CDC_DeInit_FS                          0x080107a2   Section        0  usbd_cdc_if.o(i.CDC_DeInit_FS)
    CDC_DeInit_FS                            0x080107a3   Thumb Code     4  usbd_cdc_if.o(i.CDC_DeInit_FS)
    i.CDC_Init_FS                            0x080107a8   Section        0  usbd_cdc_if.o(i.CDC_Init_FS)
    CDC_Init_FS                              0x080107a9   Thumb Code    24  usbd_cdc_if.o(i.CDC_Init_FS)
    i.CDC_Receive_FS                         0x080107cc   Section        0  usbd_cdc_if.o(i.CDC_Receive_FS)
    CDC_Receive_FS                           0x080107cd   Thumb Code    20  usbd_cdc_if.o(i.CDC_Receive_FS)
    i.CDC_TransmitCplt_FS                    0x080107e4   Section        0  usbd_cdc_if.o(i.CDC_TransmitCplt_FS)
    CDC_TransmitCplt_FS                      0x080107e5   Thumb Code     4  usbd_cdc_if.o(i.CDC_TransmitCplt_FS)
    i.CDC_Transmit_FS                        0x080107e8   Section        0  usbd_cdc_if.o(i.CDC_Transmit_FS)
    i.DebugMon_Handler                       0x08010814   Section        0  stm32f4xx_it.o(i.DebugMon_Handler)
    i.Error_Handler                          0x08010816   Section        0  main.o(i.Error_Handler)
    i.HAL_Delay                              0x0801081c   Section        0  stm32f4xx_hal.o(i.HAL_Delay)
    i.HAL_GPIO_Init                          0x08010840   Section        0  stm32f4xx_hal_gpio.o(i.HAL_GPIO_Init)
    i.HAL_GPIO_WritePin                      0x08010a30   Section        0  stm32f4xx_hal_gpio.o(i.HAL_GPIO_WritePin)
    i.HAL_GetTick                            0x08010a3c   Section        0  stm32f4xx_hal.o(i.HAL_GetTick)
    i.HAL_IncTick                            0x08010a48   Section        0  stm32f4xx_hal.o(i.HAL_IncTick)
    i.HAL_Init                               0x08010a58   Section        0  stm32f4xx_hal.o(i.HAL_Init)
    i.HAL_InitTick                           0x08010a8c   Section        0  stm32f4xx_hal.o(i.HAL_InitTick)
    i.HAL_MspInit                            0x08010acc   Section        0  stm32f4xx_hal_msp.o(i.HAL_MspInit)
    i.HAL_NVIC_EnableIRQ                     0x08010afc   Section        0  stm32f4xx_hal_cortex.o(i.HAL_NVIC_EnableIRQ)
    i.HAL_NVIC_SetPriority                   0x08010b18   Section        0  stm32f4xx_hal_cortex.o(i.HAL_NVIC_SetPriority)
    i.HAL_NVIC_SetPriorityGrouping           0x08010b58   Section        0  stm32f4xx_hal_cortex.o(i.HAL_NVIC_SetPriorityGrouping)
    i.HAL_PCDEx_LPM_Callback                 0x08010b7c   Section        0  stm32f4xx_hal_pcd_ex.o(i.HAL_PCDEx_LPM_Callback)
    i.HAL_PCDEx_SetRxFiFo                    0x08010b7e   Section        0  stm32f4xx_hal_pcd_ex.o(i.HAL_PCDEx_SetRxFiFo)
    i.HAL_PCDEx_SetTxFiFo                    0x08010b86   Section        0  stm32f4xx_hal_pcd_ex.o(i.HAL_PCDEx_SetTxFiFo)
    i.HAL_PCD_ConnectCallback                0x08010bca   Section        0  usbd_conf.o(i.HAL_PCD_ConnectCallback)
    i.HAL_PCD_DataInStageCallback            0x08010bd2   Section        0  usbd_conf.o(i.HAL_PCD_DataInStageCallback)
    i.HAL_PCD_DataOutStageCallback           0x08010be4   Section        0  usbd_conf.o(i.HAL_PCD_DataOutStageCallback)
    i.HAL_PCD_DisconnectCallback             0x08010bf8   Section        0  usbd_conf.o(i.HAL_PCD_DisconnectCallback)
    i.HAL_PCD_EP_Close                       0x08010c00   Section        0  stm32f4xx_hal_pcd.o(i.HAL_PCD_EP_Close)
    i.HAL_PCD_EP_ClrStall                    0x08010c4c   Section        0  stm32f4xx_hal_pcd.o(i.HAL_PCD_EP_ClrStall)
    i.HAL_PCD_EP_GetRxCount                  0x08010ca8   Section        0  stm32f4xx_hal_pcd.o(i.HAL_PCD_EP_GetRxCount)
    i.HAL_PCD_EP_Open                        0x08010cba   Section        0  stm32f4xx_hal_pcd.o(i.HAL_PCD_EP_Open)
    i.HAL_PCD_EP_Receive                     0x08010d1a   Section        0  stm32f4xx_hal_pcd.o(i.HAL_PCD_EP_Receive)
    i.HAL_PCD_EP_SetStall                    0x08010d62   Section        0  stm32f4xx_hal_pcd.o(i.HAL_PCD_EP_SetStall)
    i.HAL_PCD_EP_Transmit                    0x08010dd6   Section        0  stm32f4xx_hal_pcd.o(i.HAL_PCD_EP_Transmit)
    i.HAL_PCD_IRQHandler                     0x08010e18   Section        0  stm32f4xx_hal_pcd.o(i.HAL_PCD_IRQHandler)
    i.HAL_PCD_ISOINIncompleteCallback        0x0801124c   Section        0  usbd_conf.o(i.HAL_PCD_ISOINIncompleteCallback)
    i.HAL_PCD_ISOOUTIncompleteCallback       0x08011254   Section        0  usbd_conf.o(i.HAL_PCD_ISOOUTIncompleteCallback)
    i.HAL_PCD_Init                           0x0801125c   Section        0  stm32f4xx_hal_pcd.o(i.HAL_PCD_Init)
    i.HAL_PCD_MspInit                        0x08011340   Section        0  usbd_conf.o(i.HAL_PCD_MspInit)
    i.HAL_PCD_ResetCallback                  0x080113c4   Section        0  usbd_conf.o(i.HAL_PCD_ResetCallback)
    i.HAL_PCD_ResumeCallback                 0x080113f0   Section        0  usbd_conf.o(i.HAL_PCD_ResumeCallback)
    i.HAL_PCD_SOFCallback                    0x080113f8   Section        0  usbd_conf.o(i.HAL_PCD_SOFCallback)
    i.HAL_PCD_SetAddress                     0x08011400   Section        0  stm32f4xx_hal_pcd.o(i.HAL_PCD_SetAddress)
    i.HAL_PCD_SetupStageCallback             0x08011428   Section        0  usbd_conf.o(i.HAL_PCD_SetupStageCallback)
    i.HAL_PCD_Start                          0x08011436   Section        0  stm32f4xx_hal_pcd.o(i.HAL_PCD_Start)
    i.HAL_PCD_SuspendCallback                0x08011478   Section        0  usbd_conf.o(i.HAL_PCD_SuspendCallback)
    i.HAL_RCC_ClockConfig                    0x080114a8   Section        0  stm32f4xx_hal_rcc.o(i.HAL_RCC_ClockConfig)
    i.HAL_RCC_GetHCLKFreq                    0x080115dc   Section        0  stm32f4xx_hal_rcc.o(i.HAL_RCC_GetHCLKFreq)
    i.HAL_RCC_GetSysClockFreq                0x080115e8   Section        0  stm32f4xx_hal_rcc.o(i.HAL_RCC_GetSysClockFreq)
    i.HAL_RCC_OscConfig                      0x08011648   Section        0  stm32f4xx_hal_rcc.o(i.HAL_RCC_OscConfig)
    i.HAL_SYSTICK_Config                     0x080119b4   Section        0  stm32f4xx_hal_cortex.o(i.HAL_SYSTICK_Config)
    i.HardFault_Handler                      0x080119dc   Section        0  stm32f4xx_it.o(i.HardFault_Handler)
    i.IntToUnicode                           0x080119e0   Section        0  usbd_desc.o(i.IntToUnicode)
    IntToUnicode                             0x080119e1   Thumb Code    56  usbd_desc.o(i.IntToUnicode)
    i.MX_GPIO_Init                           0x08011a18   Section        0  gpio.o(i.MX_GPIO_Init)
    i.MX_USB_DEVICE_Init                     0x08011a88   Section        0  usb_device.o(i.MX_USB_DEVICE_Init)
    i.MemManage_Handler                      0x08011adc   Section        0  stm32f4xx_it.o(i.MemManage_Handler)
    i.NMI_Handler                            0x08011ade   Section        0  stm32f4xx_it.o(i.NMI_Handler)
    i.OTG_FS_IRQHandler                      0x08011ae0   Section        0  stm32f4xx_it.o(i.OTG_FS_IRQHandler)
    i.PCD_EP_OutXfrComplete_int              0x08011aec   Section        0  stm32f4xx_hal_pcd.o(i.PCD_EP_OutXfrComplete_int)
    PCD_EP_OutXfrComplete_int                0x08011aed   Thumb Code   196  stm32f4xx_hal_pcd.o(i.PCD_EP_OutXfrComplete_int)
    i.PCD_WriteEmptyTxFifo                   0x08011bb8   Section        0  stm32f4xx_hal_pcd.o(i.PCD_WriteEmptyTxFifo)
    PCD_WriteEmptyTxFifo                     0x08011bb9   Thumb Code   162  stm32f4xx_hal_pcd.o(i.PCD_WriteEmptyTxFifo)
    i.PendSV_Handler                         0x08011c5a   Section        0  stm32f4xx_it.o(i.PendSV_Handler)
    i.SVC_Handler                            0x08011c5c   Section        0  stm32f4xx_it.o(i.SVC_Handler)
    i.SWAPBYTE                               0x08011c5e   Section        0  usbd_ctlreq.o(i.SWAPBYTE)
    SWAPBYTE                                 0x08011c5f   Thumb Code    10  usbd_ctlreq.o(i.SWAPBYTE)
    i.SysTick_Handler                        0x08011c68   Section        0  stm32f4xx_it.o(i.SysTick_Handler)
    i.SystemClock_Config                     0x08011c6c   Section        0  main.o(i.SystemClock_Config)
    i.SystemInit                             0x08011d00   Section        0  system_stm32f4xx.o(i.SystemInit)
    i.USBD_CDC_DataIn                        0x08011d10   Section        0  usbd_cdc.o(i.USBD_CDC_DataIn)
    USBD_CDC_DataIn                          0x08011d11   Thumb Code    98  usbd_cdc.o(i.USBD_CDC_DataIn)
    i.USBD_CDC_DataOut                       0x08011d72   Section        0  usbd_cdc.o(i.USBD_CDC_DataOut)
    USBD_CDC_DataOut                         0x08011d73   Thumb Code    42  usbd_cdc.o(i.USBD_CDC_DataOut)
    i.USBD_CDC_DeInit                        0x08011d9c   Section        0  usbd_cdc.o(i.USBD_CDC_DeInit)
    USBD_CDC_DeInit                          0x08011d9d   Thumb Code    72  usbd_cdc.o(i.USBD_CDC_DeInit)
    i.USBD_CDC_EP0_RxReady                   0x08011de4   Section        0  usbd_cdc.o(i.USBD_CDC_EP0_RxReady)
    USBD_CDC_EP0_RxReady                     0x08011de5   Thumb Code    46  usbd_cdc.o(i.USBD_CDC_EP0_RxReady)
    i.USBD_CDC_GetDeviceQualifierDescriptor  0x08011e14   Section        0  usbd_cdc.o(i.USBD_CDC_GetDeviceQualifierDescriptor)
    i.USBD_CDC_GetFSCfgDesc                  0x08011e20   Section        0  usbd_cdc.o(i.USBD_CDC_GetFSCfgDesc)
    USBD_CDC_GetFSCfgDesc                    0x08011e21   Thumb Code     8  usbd_cdc.o(i.USBD_CDC_GetFSCfgDesc)
    i.USBD_CDC_GetHSCfgDesc                  0x08011e2c   Section        0  usbd_cdc.o(i.USBD_CDC_GetHSCfgDesc)
    USBD_CDC_GetHSCfgDesc                    0x08011e2d   Thumb Code     8  usbd_cdc.o(i.USBD_CDC_GetHSCfgDesc)
    i.USBD_CDC_GetOtherSpeedCfgDesc          0x08011e38   Section        0  usbd_cdc.o(i.USBD_CDC_GetOtherSpeedCfgDesc)
    USBD_CDC_GetOtherSpeedCfgDesc            0x08011e39   Thumb Code     8  usbd_cdc.o(i.USBD_CDC_GetOtherSpeedCfgDesc)
    i.USBD_CDC_Init                          0x08011e44   Section        0  usbd_cdc.o(i.USBD_CDC_Init)
    USBD_CDC_Init                            0x08011e45   Thumb Code   162  usbd_cdc.o(i.USBD_CDC_Init)
    i.USBD_CDC_ReceivePacket                 0x08011ee6   Section        0  usbd_cdc.o(i.USBD_CDC_ReceivePacket)
    i.USBD_CDC_RegisterInterface             0x08011f0e   Section        0  usbd_cdc.o(i.USBD_CDC_RegisterInterface)
    i.USBD_CDC_SetRxBuffer                   0x08011f1c   Section        0  usbd_cdc.o(i.USBD_CDC_SetRxBuffer)
    i.USBD_CDC_SetTxBuffer                   0x08011f2e   Section        0  usbd_cdc.o(i.USBD_CDC_SetTxBuffer)
    i.USBD_CDC_Setup                         0x08011f44   Section        0  usbd_cdc.o(i.USBD_CDC_Setup)
    USBD_CDC_Setup                           0x08011f45   Thumb Code   190  usbd_cdc.o(i.USBD_CDC_Setup)
    i.USBD_CDC_TransmitPacket                0x08012002   Section        0  usbd_cdc.o(i.USBD_CDC_TransmitPacket)
    i.USBD_ClrClassConfig                    0x08012038   Section        0  usbd_core.o(i.USBD_ClrClassConfig)
    i.USBD_CtlContinueRx                     0x08012048   Section        0  usbd_ioreq.o(i.USBD_CtlContinueRx)
    i.USBD_CtlContinueSendData               0x08012058   Section        0  usbd_ioreq.o(i.USBD_CtlContinueSendData)
    i.USBD_CtlError                          0x08012068   Section        0  usbd_ctlreq.o(i.USBD_CtlError)
    i.USBD_CtlPrepareRx                      0x0801207e   Section        0  usbd_ioreq.o(i.USBD_CtlPrepareRx)
    i.USBD_CtlReceiveStatus                  0x0801209c   Section        0  usbd_ioreq.o(i.USBD_CtlReceiveStatus)
    i.USBD_CtlSendData                       0x080120b2   Section        0  usbd_ioreq.o(i.USBD_CtlSendData)
    i.USBD_CtlSendStatus                     0x080120cc   Section        0  usbd_ioreq.o(i.USBD_CtlSendStatus)
    i.USBD_FS_ConfigStrDescriptor            0x080120e4   Section        0  usbd_desc.o(i.USBD_FS_ConfigStrDescriptor)
    i.USBD_FS_DeviceDescriptor               0x08012104   Section        0  usbd_desc.o(i.USBD_FS_DeviceDescriptor)
    i.USBD_FS_InterfaceStrDescriptor         0x08012110   Section        0  usbd_desc.o(i.USBD_FS_InterfaceStrDescriptor)
    i.USBD_FS_LangIDStrDescriptor            0x08012134   Section        0  usbd_desc.o(i.USBD_FS_LangIDStrDescriptor)
    i.USBD_FS_ManufacturerStrDescriptor      0x08012140   Section        0  usbd_desc.o(i.USBD_FS_ManufacturerStrDescriptor)
    i.USBD_FS_ProductStrDescriptor           0x08012168   Section        0  usbd_desc.o(i.USBD_FS_ProductStrDescriptor)
    i.USBD_FS_SerialStrDescriptor            0x08012194   Section        0  usbd_desc.o(i.USBD_FS_SerialStrDescriptor)
    i.USBD_GetDescriptor                     0x080121cc   Section        0  usbd_ctlreq.o(i.USBD_GetDescriptor)
    USBD_GetDescriptor                       0x080121cd   Thumb Code   230  usbd_ctlreq.o(i.USBD_GetDescriptor)
    i.USBD_GetString                         0x080122b2   Section        0  usbd_ctlreq.o(i.USBD_GetString)
    i.USBD_Get_USB_Status                    0x080122fa   Section        0  usbd_conf.o(i.USBD_Get_USB_Status)
    i.USBD_Init                              0x08012312   Section        0  usbd_core.o(i.USBD_Init)
    i.USBD_LL_ClearStallEP                   0x08012338   Section        0  usbd_conf.o(i.USBD_LL_ClearStallEP)
    i.USBD_LL_CloseEP                        0x0801234a   Section        0  usbd_conf.o(i.USBD_LL_CloseEP)
    i.USBD_LL_DataInStage                    0x0801235c   Section        0  usbd_core.o(i.USBD_LL_DataInStage)
    i.USBD_LL_DataOutStage                   0x08012404   Section        0  usbd_core.o(i.USBD_LL_DataOutStage)
    i.USBD_LL_DevConnected                   0x08012470   Section        0  usbd_core.o(i.USBD_LL_DevConnected)
    i.USBD_LL_DevDisconnected                0x08012474   Section        0  usbd_core.o(i.USBD_LL_DevDisconnected)
    i.USBD_LL_GetRxDataSize                  0x0801248c   Section        0  usbd_conf.o(i.USBD_LL_GetRxDataSize)
    i.USBD_LL_Init                           0x08012494   Section        0  usbd_conf.o(i.USBD_LL_Init)
    i.USBD_LL_IsStallEP                      0x080124f4   Section        0  usbd_conf.o(i.USBD_LL_IsStallEP)
    i.USBD_LL_IsoINIncomplete                0x08012514   Section        0  usbd_core.o(i.USBD_LL_IsoINIncomplete)
    i.USBD_LL_IsoOUTIncomplete               0x08012534   Section        0  usbd_core.o(i.USBD_LL_IsoOUTIncomplete)
    i.USBD_LL_OpenEP                         0x08012554   Section        0  usbd_conf.o(i.USBD_LL_OpenEP)
    i.USBD_LL_PrepareReceive                 0x0801256c   Section        0  usbd_conf.o(i.USBD_LL_PrepareReceive)
    i.USBD_LL_Reset                          0x0801257e   Section        0  usbd_core.o(i.USBD_LL_Reset)
    i.USBD_LL_Resume                         0x080125d8   Section        0  usbd_core.o(i.USBD_LL_Resume)
    i.USBD_LL_SOF                            0x080125ec   Section        0  usbd_core.o(i.USBD_LL_SOF)
    i.USBD_LL_SetSpeed                       0x0801260c   Section        0  usbd_core.o(i.USBD_LL_SetSpeed)
    i.USBD_LL_SetUSBAddress                  0x08012612   Section        0  usbd_conf.o(i.USBD_LL_SetUSBAddress)
    i.USBD_LL_SetupStage                     0x08012624   Section        0  usbd_core.o(i.USBD_LL_SetupStage)
    i.USBD_LL_StallEP                        0x08012684   Section        0  usbd_conf.o(i.USBD_LL_StallEP)
    i.USBD_LL_Start                          0x08012696   Section        0  usbd_conf.o(i.USBD_LL_Start)
    i.USBD_LL_Suspend                        0x080126a8   Section        0  usbd_core.o(i.USBD_LL_Suspend)
    i.USBD_LL_Transmit                       0x080126ba   Section        0  usbd_conf.o(i.USBD_LL_Transmit)
    i.USBD_ParseSetupRequest                 0x080126cc   Section        0  usbd_ctlreq.o(i.USBD_ParseSetupRequest)
    i.USBD_RegisterClass                     0x080126f8   Section        0  usbd_core.o(i.USBD_RegisterClass)
    i.USBD_SetClassConfig                    0x0801271c   Section        0  usbd_core.o(i.USBD_SetClassConfig)
    i.USBD_SetConfig                         0x08012730   Section        0  usbd_ctlreq.o(i.USBD_SetConfig)
    USBD_SetConfig                           0x08012731   Thumb Code   182  usbd_ctlreq.o(i.USBD_SetConfig)
    i.USBD_Start                             0x080127ec   Section        0  usbd_core.o(i.USBD_Start)
    i.USBD_StdDevReq                         0x080127f0   Section        0  usbd_ctlreq.o(i.USBD_StdDevReq)
    i.USBD_StdEPReq                          0x08012904   Section        0  usbd_ctlreq.o(i.USBD_StdEPReq)
    i.USBD_StdItfReq                         0x08012a44   Section        0  usbd_ctlreq.o(i.USBD_StdItfReq)
    i.USBD_static_free                       0x08012a96   Section        0  usbd_conf.o(i.USBD_static_free)
    i.USBD_static_malloc                     0x08012a98   Section        0  usbd_conf.o(i.USBD_static_malloc)
    i.USB_ActivateEndpoint                   0x08012aa0   Section        0  stm32f4xx_ll_usb.o(i.USB_ActivateEndpoint)
    i.USB_ActivateSetup                      0x08012b20   Section        0  stm32f4xx_ll_usb.o(i.USB_ActivateSetup)
    i.USB_CoreInit                           0x08012b3c   Section        0  stm32f4xx_ll_usb.o(i.USB_CoreInit)
    i.USB_CoreReset                          0x08012bb0   Section        0  stm32f4xx_ll_usb.o(i.USB_CoreReset)
    USB_CoreReset                            0x08012bb1   Thumb Code    58  stm32f4xx_ll_usb.o(i.USB_CoreReset)
    i.USB_DeactivateEndpoint                 0x08012bf0   Section        0  stm32f4xx_ll_usb.o(i.USB_DeactivateEndpoint)
    i.USB_DevConnect                         0x08012cbc   Section        0  stm32f4xx_ll_usb.o(i.USB_DevConnect)
    i.USB_DevDisconnect                      0x08012cd8   Section        0  stm32f4xx_ll_usb.o(i.USB_DevDisconnect)
    i.USB_DevInit                            0x08012cf4   Section        0  stm32f4xx_ll_usb.o(i.USB_DevInit)
    i.USB_DisableGlobalInt                   0x08012e68   Section        0  stm32f4xx_ll_usb.o(i.USB_DisableGlobalInt)
    i.USB_EP0StartXfer                       0x08012e74   Section        0  stm32f4xx_ll_usb.o(i.USB_EP0StartXfer)
    i.USB_EP0_OutStart                       0x08012f8c   Section        0  stm32f4xx_ll_usb.o(i.USB_EP0_OutStart)
    i.USB_EPClearStall                       0x08012fe4   Section        0  stm32f4xx_ll_usb.o(i.USB_EPClearStall)
    i.USB_EPSetStall                         0x0801303c   Section        0  stm32f4xx_ll_usb.o(i.USB_EPSetStall)
    i.USB_EPStartXfer                        0x08013094   Section        0  stm32f4xx_ll_usb.o(i.USB_EPStartXfer)
    i.USB_EnableGlobalInt                    0x0801327c   Section        0  stm32f4xx_ll_usb.o(i.USB_EnableGlobalInt)
    i.USB_FlushRxFifo                        0x08013288   Section        0  stm32f4xx_ll_usb.o(i.USB_FlushRxFifo)
    i.USB_FlushTxFifo                        0x080132b0   Section        0  stm32f4xx_ll_usb.o(i.USB_FlushTxFifo)
    i.USB_GetDevSpeed                        0x080132dc   Section        0  stm32f4xx_ll_usb.o(i.USB_GetDevSpeed)
    i.USB_GetMode                            0x080132f6   Section        0  stm32f4xx_ll_usb.o(i.USB_GetMode)
    i.USB_ReadDevAllInEpInterrupt            0x080132fe   Section        0  stm32f4xx_ll_usb.o(i.USB_ReadDevAllInEpInterrupt)
    i.USB_ReadDevAllOutEpInterrupt           0x0801330c   Section        0  stm32f4xx_ll_usb.o(i.USB_ReadDevAllOutEpInterrupt)
    i.USB_ReadDevInEPInterrupt               0x0801331a   Section        0  stm32f4xx_ll_usb.o(i.USB_ReadDevInEPInterrupt)
    i.USB_ReadDevOutEPInterrupt              0x0801333e   Section        0  stm32f4xx_ll_usb.o(i.USB_ReadDevOutEPInterrupt)
    i.USB_ReadInterrupts                     0x0801334e   Section        0  stm32f4xx_ll_usb.o(i.USB_ReadInterrupts)
    i.USB_ReadPacket                         0x08013356   Section        0  stm32f4xx_ll_usb.o(i.USB_ReadPacket)
    i.USB_SetCurrentMode                     0x08013394   Section        0  stm32f4xx_ll_usb.o(i.USB_SetCurrentMode)
    i.USB_SetDevAddress                      0x080133f0   Section        0  stm32f4xx_ll_usb.o(i.USB_SetDevAddress)
    i.USB_SetTurnaroundTime                  0x08013414   Section        0  stm32f4xx_ll_usb.o(i.USB_SetTurnaroundTime)
    i.USB_WritePacket                        0x080134fc   Section        0  stm32f4xx_ll_usb.o(i.USB_WritePacket)
    i.UsageFault_Handler                     0x08013524   Section        0  stm32f4xx_it.o(i.UsageFault_Handler)
    i.__0vsnprintf                           0x08013528   Section        0  printfa.o(i.__0vsnprintf)
    i.__NVIC_SetPriority                     0x08013554   Section        0  stm32f4xx_hal_cortex.o(i.__NVIC_SetPriority)
    __NVIC_SetPriority                       0x08013555   Thumb Code    32  stm32f4xx_hal_cortex.o(i.__NVIC_SetPriority)
    i.__scatterload_copy                     0x08013574   Section       14  handlers.o(i.__scatterload_copy)
    i.__scatterload_null                     0x08013582   Section        2  handlers.o(i.__scatterload_null)
    i.__scatterload_zeroinit                 0x08013584   Section       14  handlers.o(i.__scatterload_zeroinit)
    i._fp_digits                             0x08013594   Section        0  printfa.o(i._fp_digits)
    _fp_digits                               0x08013595   Thumb Code   366  printfa.o(i._fp_digits)
    i._printf_core                           0x08013718   Section        0  printfa.o(i._printf_core)
    _printf_core                             0x08013719   Thumb Code  1744  printfa.o(i._printf_core)
    i._printf_post_padding                   0x08013df4   Section        0  printfa.o(i._printf_post_padding)
    _printf_post_padding                     0x08013df5   Thumb Code    36  printfa.o(i._printf_post_padding)
    i._printf_pre_padding                    0x08013e18   Section        0  printfa.o(i._printf_pre_padding)
    _printf_pre_padding                      0x08013e19   Thumb Code    46  printfa.o(i._printf_pre_padding)
    i._snputc                                0x08013e46   Section        0  printfa.o(i._snputc)
    _snputc                                  0x08013e47   Thumb Code    22  printfa.o(i._snputc)
    i.main                                   0x08013e5c   Section        0  main.o(i.main)
    i.usb_printf                             0x08013e9c   Section        0  usbd_cdc_if.o(i.usb_printf)
    .constdata                               0x08013ec0   Section       16  system_stm32f4xx.o(.constdata)
    .data                                    0x20000000   Section       28  usbd_desc.o(.data)
    .data                                    0x2000001c   Section       50  usbd_desc.o(.data)
    .data                                    0x20000050   Section       20  usbd_cdc_if.o(.data)
    .data                                    0x20000064   Section       12  stm32f4xx_hal.o(.data)
    .data                                    0x20000070   Section        4  system_stm32f4xx.o(.data)
    .data                                    0x20000074   Section        1  usbd_ctlreq.o(.data)
    cfgidx                                   0x20000074   Data           1  usbd_ctlreq.o(.data)
    .data                                    0x20000078   Section      215  usbd_cdc.o(.data)
    USBD_CDC_DeviceQualifierDesc             0x20000078   Data          10  usbd_cdc.o(.data)
    USBD_CDC_CfgHSDesc                       0x20000084   Data          67  usbd_cdc.o(.data)
    USBD_CDC_CfgFSDesc                       0x200000c8   Data          67  usbd_cdc.o(.data)
    USBD_CDC_OtherSpeedCfgDesc               0x2000010c   Data          67  usbd_cdc.o(.data)
    .data                                    0x20000150   Section       56  usbd_cdc.o(.data)
    .bss                                     0x20000188   Section      720  usb_device.o(.bss)
    .bss                                     0x20000458   Section      512  usbd_desc.o(.bss)
    .bss                                     0x20000658   Section     4096  usbd_cdc_if.o(.bss)
    .bss                                     0x20001658   Section     1576  usbd_conf.o(.bss)
    mem                                      0x20001658   Data         544  usbd_conf.o(.bss)
    STACK                                    0x20001c80   Section     2048  startup_stm32f407xx.o(STACK)

    Global Symbols

    Symbol Name                              Value     Ov Type        Size  Object(Section)

    BuildAttributes$$THM_ISAv4$E$P$D$K$B$S$7EM$VFPi3$EXTD16$VFPS$VFMA$PE$A:L22UL41UL21$X:L11$S22US41US21$IEEE1$IW$USESV6$~STKCKD$USESV7$~SHL$OSPACE$ROPI$EBA8$MICROLIB$REQ8$PRES8$EABIv2 0x00000000   Number         0  anon$$obj.o ABSOLUTE
    __ARM_use_no_argv                        0x00000000   Number         0  main.o ABSOLUTE
    __cpp_initialize__aeabi_                  - Undefined Weak Reference
    __cxa_finalize                            - Undefined Weak Reference
    _clock_init                               - Undefined Weak Reference
    _microlib_exit                            - Undefined Weak Reference
    __Vectors_Size                           0x00000188   Number         0  startup_stm32f407xx.o ABSOLUTE
    __Vectors                                0x08010000   Data           4  startup_stm32f407xx.o(RESET)
    __Vectors_End                            0x08010188   Data           0  startup_stm32f407xx.o(RESET)
    __main                                   0x08010189   Thumb Code     0  entry.o(.ARM.Collect$$$$00000000)
    _main_stk                                0x08010189   Thumb Code     0  entry2.o(.ARM.Collect$$$$00000001)
    _main_scatterload                        0x0801018d   Thumb Code     0  entry5.o(.ARM.Collect$$$$00000004)
    __main_after_scatterload                 0x08010191   Thumb Code     0  entry5.o(.ARM.Collect$$$$00000004)
    _main_clock                              0x08010191   Thumb Code     0  entry7b.o(.ARM.Collect$$$$00000008)
    _main_cpp_init                           0x08010191   Thumb Code     0  entry8b.o(.ARM.Collect$$$$0000000A)
    _main_init                               0x08010191   Thumb Code     0  entry9a.o(.ARM.Collect$$$$0000000B)
    __rt_final_cpp                           0x08010199   Thumb Code     0  entry10a.o(.ARM.Collect$$$$0000000D)
    __rt_final_exit                          0x08010199   Thumb Code     0  entry11a.o(.ARM.Collect$$$$0000000F)
    Reset_Handler                            0x0801019d   Thumb Code     8  startup_stm32f407xx.o(.text)
    ADC_IRQHandler                           0x080101b7   Thumb Code     0  startup_stm32f407xx.o(.text)
    CAN1_RX0_IRQHandler                      0x080101b7   Thumb Code     0  startup_stm32f407xx.o(.text)
    CAN1_RX1_IRQHandler                      0x080101b7   Thumb Code     0  startup_stm32f407xx.o(.text)
    CAN1_SCE_IRQHandler                      0x080101b7   Thumb Code     0  startup_stm32f407xx.o(.text)
    CAN1_TX_IRQHandler                       0x080101b7   Thumb Code     0  startup_stm32f407xx.o(.text)
    CAN2_RX0_IRQHandler                      0x080101b7   Thumb Code     0  startup_stm32f407xx.o(.text)
    CAN2_RX1_IRQHandler                      0x080101b7   Thumb Code     0  startup_stm32f407xx.o(.text)
    CAN2_SCE_IRQHandler                      0x080101b7   Thumb Code     0  startup_stm32f407xx.o(.text)
    CAN2_TX_IRQHandler                       0x080101b7   Thumb Code     0  startup_stm32f407xx.o(.text)
    DCMI_IRQHandler                          0x080101b7   Thumb Code     0  startup_stm32f407xx.o(.text)
    DMA1_Stream0_IRQHandler                  0x080101b7   Thumb Code     0  startup_stm32f407xx.o(.text)
    DMA1_Stream1_IRQHandler                  0x080101b7   Thumb Code     0  startup_stm32f407xx.o(.text)
    DMA1_Stream2_IRQHandler                  0x080101b7   Thumb Code     0  startup_stm32f407xx.o(.text)
    DMA1_Stream3_IRQHandler                  0x080101b7   Thumb Code     0  startup_stm32f407xx.o(.text)
    DMA1_Stream4_IRQHandler                  0x080101b7   Thumb Code     0  startup_stm32f407xx.o(.text)
    DMA1_Stream5_IRQHandler                  0x080101b7   Thumb Code     0  startup_stm32f407xx.o(.text)
    DMA1_Stream6_IRQHandler                  0x080101b7   Thumb Code     0  startup_stm32f407xx.o(.text)
    DMA1_Stream7_IRQHandler                  0x080101b7   Thumb Code     0  startup_stm32f407xx.o(.text)
    DMA2_Stream0_IRQHandler                  0x080101b7   Thumb Code     0  startup_stm32f407xx.o(.text)
    DMA2_Stream1_IRQHandler                  0x080101b7   Thumb Code     0  startup_stm32f407xx.o(.text)
    DMA2_Stream2_IRQHandler                  0x080101b7   Thumb Code     0  startup_stm32f407xx.o(.text)
    DMA2_Stream3_IRQHandler                  0x080101b7   Thumb Code     0  startup_stm32f407xx.o(.text)
    DMA2_Stream4_IRQHandler                  0x080101b7   Thumb Code     0  startup_stm32f407xx.o(.text)
    DMA2_Stream5_IRQHandler                  0x080101b7   Thumb Code     0  startup_stm32f407xx.o(.text)
    DMA2_Stream6_IRQHandler                  0x080101b7   Thumb Code     0  startup_stm32f407xx.o(.text)
    DMA2_Stream7_IRQHandler                  0x080101b7   Thumb Code     0  startup_stm32f407xx.o(.text)
    ETH_IRQHandler                           0x080101b7   Thumb Code     0  startup_stm32f407xx.o(.text)
    ETH_WKUP_IRQHandler                      0x080101b7   Thumb Code     0  startup_stm32f407xx.o(.text)
    EXTI0_IRQHandler                         0x080101b7   Thumb Code     0  startup_stm32f407xx.o(.text)
    EXTI15_10_IRQHandler                     0x080101b7   Thumb Code     0  startup_stm32f407xx.o(.text)
    EXTI1_IRQHandler                         0x080101b7   Thumb Code     0  startup_stm32f407xx.o(.text)
    EXTI2_IRQHandler                         0x080101b7   Thumb Code     0  startup_stm32f407xx.o(.text)
    EXTI3_IRQHandler                         0x080101b7   Thumb Code     0  startup_stm32f407xx.o(.text)
    EXTI4_IRQHandler                         0x080101b7   Thumb Code     0  startup_stm32f407xx.o(.text)
    EXTI9_5_IRQHandler                       0x080101b7   Thumb Code     0  startup_stm32f407xx.o(.text)
    FLASH_IRQHandler                         0x080101b7   Thumb Code     0  startup_stm32f407xx.o(.text)
    FMC_IRQHandler                           0x080101b7   Thumb Code     0  startup_stm32f407xx.o(.text)
    FPU_IRQHandler                           0x080101b7   Thumb Code     0  startup_stm32f407xx.o(.text)
    HASH_RNG_IRQHandler                      0x080101b7   Thumb Code     0  startup_stm32f407xx.o(.text)
    I2C1_ER_IRQHandler                       0x080101b7   Thumb Code     0  startup_stm32f407xx.o(.text)
    I2C1_EV_IRQHandler                       0x080101b7   Thumb Code     0  startup_stm32f407xx.o(.text)
    I2C2_ER_IRQHandler                       0x080101b7   Thumb Code     0  startup_stm32f407xx.o(.text)
    I2C2_EV_IRQHandler                       0x080101b7   Thumb Code     0  startup_stm32f407xx.o(.text)
    I2C3_ER_IRQHandler                       0x080101b7   Thumb Code     0  startup_stm32f407xx.o(.text)
    I2C3_EV_IRQHandler                       0x080101b7   Thumb Code     0  startup_stm32f407xx.o(.text)
    OTG_FS_WKUP_IRQHandler                   0x080101b7   Thumb Code     0  startup_stm32f407xx.o(.text)
    OTG_HS_EP1_IN_IRQHandler                 0x080101b7   Thumb Code     0  startup_stm32f407xx.o(.text)
    OTG_HS_EP1_OUT_IRQHandler                0x080101b7   Thumb Code     0  startup_stm32f407xx.o(.text)
    OTG_HS_IRQHandler                        0x080101b7   Thumb Code     0  startup_stm32f407xx.o(.text)
    OTG_HS_WKUP_IRQHandler                   0x080101b7   Thumb Code     0  startup_stm32f407xx.o(.text)
    PVD_IRQHandler                           0x080101b7   Thumb Code     0  startup_stm32f407xx.o(.text)
    RCC_IRQHandler                           0x080101b7   Thumb Code     0  startup_stm32f407xx.o(.text)
    RTC_Alarm_IRQHandler                     0x080101b7   Thumb Code     0  startup_stm32f407xx.o(.text)
    RTC_WKUP_IRQHandler                      0x080101b7   Thumb Code     0  startup_stm32f407xx.o(.text)
    SDIO_IRQHandler                          0x080101b7   Thumb Code     0  startup_stm32f407xx.o(.text)
    SPI1_IRQHandler                          0x080101b7   Thumb Code     0  startup_stm32f407xx.o(.text)
    SPI2_IRQHandler                          0x080101b7   Thumb Code     0  startup_stm32f407xx.o(.text)
    SPI3_IRQHandler                          0x080101b7   Thumb Code     0  startup_stm32f407xx.o(.text)
    TAMP_STAMP_IRQHandler                    0x080101b7   Thumb Code     0  startup_stm32f407xx.o(.text)
    TIM1_BRK_TIM9_IRQHandler                 0x080101b7   Thumb Code     0  startup_stm32f407xx.o(.text)
    TIM1_CC_IRQHandler                       0x080101b7   Thumb Code     0  startup_stm32f407xx.o(.text)
    TIM1_TRG_COM_TIM11_IRQHandler            0x080101b7   Thumb Code     0  startup_stm32f407xx.o(.text)
    TIM1_UP_TIM10_IRQHandler                 0x080101b7   Thumb Code     0  startup_stm32f407xx.o(.text)
    TIM2_IRQHandler                          0x080101b7   Thumb Code     0  startup_stm32f407xx.o(.text)
    TIM3_IRQHandler                          0x080101b7   Thumb Code     0  startup_stm32f407xx.o(.text)
    TIM4_IRQHandler                          0x080101b7   Thumb Code     0  startup_stm32f407xx.o(.text)
    TIM5_IRQHandler                          0x080101b7   Thumb Code     0  startup_stm32f407xx.o(.text)
    TIM6_DAC_IRQHandler                      0x080101b7   Thumb Code     0  startup_stm32f407xx.o(.text)
    TIM7_IRQHandler                          0x080101b7   Thumb Code     0  startup_stm32f407xx.o(.text)
    TIM8_BRK_TIM12_IRQHandler                0x080101b7   Thumb Code     0  startup_stm32f407xx.o(.text)
    TIM8_CC_IRQHandler                       0x080101b7   Thumb Code     0  startup_stm32f407xx.o(.text)
    TIM8_TRG_COM_TIM14_IRQHandler            0x080101b7   Thumb Code     0  startup_stm32f407xx.o(.text)
    TIM8_UP_TIM13_IRQHandler                 0x080101b7   Thumb Code     0  startup_stm32f407xx.o(.text)
    UART4_IRQHandler                         0x080101b7   Thumb Code     0  startup_stm32f407xx.o(.text)
    UART5_IRQHandler                         0x080101b7   Thumb Code     0  startup_stm32f407xx.o(.text)
    USART1_IRQHandler                        0x080101b7   Thumb Code     0  startup_stm32f407xx.o(.text)
    USART2_IRQHandler                        0x080101b7   Thumb Code     0  startup_stm32f407xx.o(.text)
    USART3_IRQHandler                        0x080101b7   Thumb Code     0  startup_stm32f407xx.o(.text)
    USART6_IRQHandler                        0x080101b7   Thumb Code     0  startup_stm32f407xx.o(.text)
    WWDG_IRQHandler                          0x080101b7   Thumb Code     0  startup_stm32f407xx.o(.text)
    __aeabi_uldivmod                         0x080101c1   Thumb Code    98  uldiv.o(.text)
    __aeabi_memcpy                           0x08010223   Thumb Code    36  memcpya.o(.text)
    __aeabi_memcpy4                          0x08010223   Thumb Code     0  memcpya.o(.text)
    __aeabi_memcpy8                          0x08010223   Thumb Code     0  memcpya.o(.text)
    __aeabi_memset                           0x08010247   Thumb Code    14  memseta.o(.text)
    __aeabi_memset4                          0x08010247   Thumb Code     0  memseta.o(.text)
    __aeabi_memset8                          0x08010247   Thumb Code     0  memseta.o(.text)
    __aeabi_memclr                           0x08010255   Thumb Code     4  memseta.o(.text)
    __aeabi_memclr4                          0x08010255   Thumb Code     0  memseta.o(.text)
    __aeabi_memclr8                          0x08010255   Thumb Code     0  memseta.o(.text)
    _memset$wrapper                          0x08010259   Thumb Code    18  memseta.o(.text)
    __aeabi_uidiv                            0x0801026b   Thumb Code     0  uidiv.o(.text)
    __aeabi_uidivmod                         0x0801026b   Thumb Code    44  uidiv.o(.text)
    __aeabi_llsl                             0x08010297   Thumb Code    30  llshl.o(.text)
    _ll_shift_l                              0x08010297   Thumb Code     0  llshl.o(.text)
    __aeabi_llsr                             0x080102b5   Thumb Code    32  llushr.o(.text)
    _ll_ushift_r                             0x080102b5   Thumb Code     0  llushr.o(.text)
    __I$use$fp                               0x080102d5   Thumb Code     0  iusefp.o(.text)
    __aeabi_dadd                             0x080102d5   Thumb Code   322  dadd.o(.text)
    __aeabi_dsub                             0x08010417   Thumb Code     6  dadd.o(.text)
    __aeabi_drsub                            0x0801041d   Thumb Code     6  dadd.o(.text)
    __aeabi_dmul                             0x08010423   Thumb Code   228  dmul.o(.text)
    __aeabi_ddiv                             0x08010507   Thumb Code   222  ddiv.o(.text)
    __aeabi_d2ulz                            0x080105e5   Thumb Code    48  dfixul.o(.text)
    __aeabi_cdrcmple                         0x08010615   Thumb Code    48  cdrcmple.o(.text)
    __scatterload                            0x08010645   Thumb Code    28  init.o(.text)
    __scatterload_rt2                        0x08010645   Thumb Code     0  init.o(.text)
    __aeabi_lasr                             0x08010669   Thumb Code    36  llsshr.o(.text)
    _ll_sshift_r                             0x08010669   Thumb Code     0  llsshr.o(.text)
    _double_round                            0x0801068d   Thumb Code    30  depilogue.o(.text)
    _double_epilogue                         0x080106ab   Thumb Code   156  depilogue.o(.text)
    __decompress                             0x08010747   Thumb Code     0  __dczerorl2.o(.text)
    __decompress1                            0x08010747   Thumb Code    86  __dczerorl2.o(.text)
    BusFault_Handler                         0x0801079d   Thumb Code     2  stm32f4xx_it.o(i.BusFault_Handler)
    CDC_Transmit_FS                          0x080107e9   Thumb Code    38  usbd_cdc_if.o(i.CDC_Transmit_FS)
    DebugMon_Handler                         0x08010815   Thumb Code     2  stm32f4xx_it.o(i.DebugMon_Handler)
    Error_Handler                            0x08010817   Thumb Code     4  main.o(i.Error_Handler)
    HAL_Delay                                0x0801081d   Thumb Code    32  stm32f4xx_hal.o(i.HAL_Delay)
    HAL_GPIO_Init                            0x08010841   Thumb Code   450  stm32f4xx_hal_gpio.o(i.HAL_GPIO_Init)
    HAL_GPIO_WritePin                        0x08010a31   Thumb Code    10  stm32f4xx_hal_gpio.o(i.HAL_GPIO_WritePin)
    HAL_GetTick                              0x08010a3d   Thumb Code     6  stm32f4xx_hal.o(i.HAL_GetTick)
    HAL_IncTick                              0x08010a49   Thumb Code    12  stm32f4xx_hal.o(i.HAL_IncTick)
    HAL_Init                                 0x08010a59   Thumb Code    48  stm32f4xx_hal.o(i.HAL_Init)
    HAL_InitTick                             0x08010a8d   Thumb Code    54  stm32f4xx_hal.o(i.HAL_InitTick)
    HAL_MspInit                              0x08010acd   Thumb Code    42  stm32f4xx_hal_msp.o(i.HAL_MspInit)
    HAL_NVIC_EnableIRQ                       0x08010afd   Thumb Code    26  stm32f4xx_hal_cortex.o(i.HAL_NVIC_EnableIRQ)
    HAL_NVIC_SetPriority                     0x08010b19   Thumb Code    60  stm32f4xx_hal_cortex.o(i.HAL_NVIC_SetPriority)
    HAL_NVIC_SetPriorityGrouping             0x08010b59   Thumb Code    26  stm32f4xx_hal_cortex.o(i.HAL_NVIC_SetPriorityGrouping)
    HAL_PCDEx_LPM_Callback                   0x08010b7d   Thumb Code     2  stm32f4xx_hal_pcd_ex.o(i.HAL_PCDEx_LPM_Callback)
    HAL_PCDEx_SetRxFiFo                      0x08010b7f   Thumb Code     8  stm32f4xx_hal_pcd_ex.o(i.HAL_PCDEx_SetRxFiFo)
    HAL_PCDEx_SetTxFiFo                      0x08010b87   Thumb Code    68  stm32f4xx_hal_pcd_ex.o(i.HAL_PCDEx_SetTxFiFo)
    HAL_PCD_ConnectCallback                  0x08010bcb   Thumb Code     8  usbd_conf.o(i.HAL_PCD_ConnectCallback)
    HAL_PCD_DataInStageCallback              0x08010bd3   Thumb Code    18  usbd_conf.o(i.HAL_PCD_DataInStageCallback)
    HAL_PCD_DataOutStageCallback             0x08010be5   Thumb Code    20  usbd_conf.o(i.HAL_PCD_DataOutStageCallback)
    HAL_PCD_DisconnectCallback               0x08010bf9   Thumb Code     8  usbd_conf.o(i.HAL_PCD_DisconnectCallback)
    HAL_PCD_EP_Close                         0x08010c01   Thumb Code    76  stm32f4xx_hal_pcd.o(i.HAL_PCD_EP_Close)
    HAL_PCD_EP_ClrStall                      0x08010c4d   Thumb Code    92  stm32f4xx_hal_pcd.o(i.HAL_PCD_EP_ClrStall)
    HAL_PCD_EP_GetRxCount                    0x08010ca9   Thumb Code    18  stm32f4xx_hal_pcd.o(i.HAL_PCD_EP_GetRxCount)
    HAL_PCD_EP_Open                          0x08010cbb   Thumb Code    96  stm32f4xx_hal_pcd.o(i.HAL_PCD_EP_Open)
    HAL_PCD_EP_Receive                       0x08010d1b   Thumb Code    72  stm32f4xx_hal_pcd.o(i.HAL_PCD_EP_Receive)
    HAL_PCD_EP_SetStall                      0x08010d63   Thumb Code   116  stm32f4xx_hal_pcd.o(i.HAL_PCD_EP_SetStall)
    HAL_PCD_EP_Transmit                      0x08010dd7   Thumb Code    64  stm32f4xx_hal_pcd.o(i.HAL_PCD_EP_Transmit)
    HAL_PCD_IRQHandler                       0x08010e19   Thumb Code  1070  stm32f4xx_hal_pcd.o(i.HAL_PCD_IRQHandler)
    HAL_PCD_ISOINIncompleteCallback          0x0801124d   Thumb Code     8  usbd_conf.o(i.HAL_PCD_ISOINIncompleteCallback)
    HAL_PCD_ISOOUTIncompleteCallback         0x08011255   Thumb Code     8  usbd_conf.o(i.HAL_PCD_ISOOUTIncompleteCallback)
    HAL_PCD_Init                             0x0801125d   Thumb Code   226  stm32f4xx_hal_pcd.o(i.HAL_PCD_Init)
    HAL_PCD_MspInit                          0x08011341   Thumb Code   122  usbd_conf.o(i.HAL_PCD_MspInit)
    HAL_PCD_ResetCallback                    0x080113c5   Thumb Code    44  usbd_conf.o(i.HAL_PCD_ResetCallback)
    HAL_PCD_ResumeCallback                   0x080113f1   Thumb Code     8  usbd_conf.o(i.HAL_PCD_ResumeCallback)
    HAL_PCD_SOFCallback                      0x080113f9   Thumb Code     8  usbd_conf.o(i.HAL_PCD_SOFCallback)
    HAL_PCD_SetAddress                       0x08011401   Thumb Code    40  stm32f4xx_hal_pcd.o(i.HAL_PCD_SetAddress)
    HAL_PCD_SetupStageCallback               0x08011429   Thumb Code    14  usbd_conf.o(i.HAL_PCD_SetupStageCallback)
    HAL_PCD_Start                            0x08011437   Thumb Code    66  stm32f4xx_hal_pcd.o(i.HAL_PCD_Start)
    HAL_PCD_SuspendCallback                  0x08011479   Thumb Code    44  usbd_conf.o(i.HAL_PCD_SuspendCallback)
    HAL_RCC_ClockConfig                      0x080114a9   Thumb Code   288  stm32f4xx_hal_rcc.o(i.HAL_RCC_ClockConfig)
    HAL_RCC_GetHCLKFreq                      0x080115dd   Thumb Code     6  stm32f4xx_hal_rcc.o(i.HAL_RCC_GetHCLKFreq)
    HAL_RCC_GetSysClockFreq                  0x080115e9   Thumb Code    88  stm32f4xx_hal_rcc.o(i.HAL_RCC_GetSysClockFreq)
    HAL_RCC_OscConfig                        0x08011649   Thumb Code   856  stm32f4xx_hal_rcc.o(i.HAL_RCC_OscConfig)
    HAL_SYSTICK_Config                       0x080119b5   Thumb Code    40  stm32f4xx_hal_cortex.o(i.HAL_SYSTICK_Config)
    HardFault_Handler                        0x080119dd   Thumb Code     2  stm32f4xx_it.o(i.HardFault_Handler)
    MX_GPIO_Init                             0x08011a19   Thumb Code   102  gpio.o(i.MX_GPIO_Init)
    MX_USB_DEVICE_Init                       0x08011a89   Thumb Code    66  usb_device.o(i.MX_USB_DEVICE_Init)
    MemManage_Handler                        0x08011add   Thumb Code     2  stm32f4xx_it.o(i.MemManage_Handler)
    NMI_Handler                              0x08011adf   Thumb Code     2  stm32f4xx_it.o(i.NMI_Handler)
    OTG_FS_IRQHandler                        0x08011ae1   Thumb Code     6  stm32f4xx_it.o(i.OTG_FS_IRQHandler)
    PendSV_Handler                           0x08011c5b   Thumb Code     2  stm32f4xx_it.o(i.PendSV_Handler)
    SVC_Handler                              0x08011c5d   Thumb Code     2  stm32f4xx_it.o(i.SVC_Handler)
    SysTick_Handler                          0x08011c69   Thumb Code     4  stm32f4xx_it.o(i.SysTick_Handler)
    SystemClock_Config                       0x08011c6d   Thumb Code   140  main.o(i.SystemClock_Config)
    SystemInit                               0x08011d01   Thumb Code    12  system_stm32f4xx.o(i.SystemInit)
    USBD_CDC_GetDeviceQualifierDescriptor    0x08011e15   Thumb Code     8  usbd_cdc.o(i.USBD_CDC_GetDeviceQualifierDescriptor)
    USBD_CDC_ReceivePacket                   0x08011ee7   Thumb Code    40  usbd_cdc.o(i.USBD_CDC_ReceivePacket)
    USBD_CDC_RegisterInterface               0x08011f0f   Thumb Code    14  usbd_cdc.o(i.USBD_CDC_RegisterInterface)
    USBD_CDC_SetRxBuffer                     0x08011f1d   Thumb Code    18  usbd_cdc.o(i.USBD_CDC_SetRxBuffer)
    USBD_CDC_SetTxBuffer                     0x08011f2f   Thumb Code    22  usbd_cdc.o(i.USBD_CDC_SetTxBuffer)
    USBD_CDC_TransmitPacket                  0x08012003   Thumb Code    54  usbd_cdc.o(i.USBD_CDC_TransmitPacket)
    USBD_ClrClassConfig                      0x08012039   Thumb Code    16  usbd_core.o(i.USBD_ClrClassConfig)
    USBD_CtlContinueRx                       0x08012049   Thumb Code    16  usbd_ioreq.o(i.USBD_CtlContinueRx)
    USBD_CtlContinueSendData                 0x08012059   Thumb Code    16  usbd_ioreq.o(i.USBD_CtlContinueSendData)
    USBD_CtlError                            0x08012069   Thumb Code    22  usbd_ctlreq.o(i.USBD_CtlError)
    USBD_CtlPrepareRx                        0x0801207f   Thumb Code    30  usbd_ioreq.o(i.USBD_CtlPrepareRx)
    USBD_CtlReceiveStatus                    0x0801209d   Thumb Code    22  usbd_ioreq.o(i.USBD_CtlReceiveStatus)
    USBD_CtlSendData                         0x080120b3   Thumb Code    26  usbd_ioreq.o(i.USBD_CtlSendData)
    USBD_CtlSendStatus                       0x080120cd   Thumb Code    22  usbd_ioreq.o(i.USBD_CtlSendStatus)
    USBD_FS_ConfigStrDescriptor              0x080120e5   Thumb Code    16  usbd_desc.o(i.USBD_FS_ConfigStrDescriptor)
    USBD_FS_DeviceDescriptor                 0x08012105   Thumb Code     8  usbd_desc.o(i.USBD_FS_DeviceDescriptor)
    USBD_FS_InterfaceStrDescriptor           0x08012111   Thumb Code    16  usbd_desc.o(i.USBD_FS_InterfaceStrDescriptor)
    USBD_FS_LangIDStrDescriptor              0x08012135   Thumb Code     8  usbd_desc.o(i.USBD_FS_LangIDStrDescriptor)
    USBD_FS_ManufacturerStrDescriptor        0x08012141   Thumb Code    16  usbd_desc.o(i.USBD_FS_ManufacturerStrDescriptor)
    USBD_FS_ProductStrDescriptor             0x08012169   Thumb Code    16  usbd_desc.o(i.USBD_FS_ProductStrDescriptor)
    USBD_FS_SerialStrDescriptor              0x08012195   Thumb Code    48  usbd_desc.o(i.USBD_FS_SerialStrDescriptor)
    USBD_GetString                           0x080122b3   Thumb Code    72  usbd_ctlreq.o(i.USBD_GetString)
    USBD_Get_USB_Status                      0x080122fb   Thumb Code    24  usbd_conf.o(i.USBD_Get_USB_Status)
    USBD_Init                                0x08012313   Thumb Code    38  usbd_core.o(i.USBD_Init)
    USBD_LL_ClearStallEP                     0x08012339   Thumb Code    18  usbd_conf.o(i.USBD_LL_ClearStallEP)
    USBD_LL_CloseEP                          0x0801234b   Thumb Code    18  usbd_conf.o(i.USBD_LL_CloseEP)
    USBD_LL_DataInStage                      0x0801235d   Thumb Code   168  usbd_core.o(i.USBD_LL_DataInStage)
    USBD_LL_DataOutStage                     0x08012405   Thumb Code   108  usbd_core.o(i.USBD_LL_DataOutStage)
    USBD_LL_DevConnected                     0x08012471   Thumb Code     4  usbd_core.o(i.USBD_LL_DevConnected)
    USBD_LL_DevDisconnected                  0x08012475   Thumb Code    24  usbd_core.o(i.USBD_LL_DevDisconnected)
    USBD_LL_GetRxDataSize                    0x0801248d   Thumb Code     8  usbd_conf.o(i.USBD_LL_GetRxDataSize)
    USBD_LL_Init                             0x08012495   Thumb Code    90  usbd_conf.o(i.USBD_LL_Init)
    USBD_LL_IsStallEP                        0x080124f5   Thumb Code    32  usbd_conf.o(i.USBD_LL_IsStallEP)
    USBD_LL_IsoINIncomplete                  0x08012515   Thumb Code    32  usbd_core.o(i.USBD_LL_IsoINIncomplete)
    USBD_LL_IsoOUTIncomplete                 0x08012535   Thumb Code    32  usbd_core.o(i.USBD_LL_IsoOUTIncomplete)
    USBD_LL_OpenEP                           0x08012555   Thumb Code    24  usbd_conf.o(i.USBD_LL_OpenEP)
    USBD_LL_PrepareReceive                   0x0801256d   Thumb Code    18  usbd_conf.o(i.USBD_LL_PrepareReceive)
    USBD_LL_Reset                            0x0801257f   Thumb Code    90  usbd_core.o(i.USBD_LL_Reset)
    USBD_LL_Resume                           0x080125d9   Thumb Code    20  usbd_core.o(i.USBD_LL_Resume)
    USBD_LL_SOF                              0x080125ed   Thumb Code    32  usbd_core.o(i.USBD_LL_SOF)
    USBD_LL_SetSpeed                         0x0801260d   Thumb Code     6  usbd_core.o(i.USBD_LL_SetSpeed)
    USBD_LL_SetUSBAddress                    0x08012613   Thumb Code    18  usbd_conf.o(i.USBD_LL_SetUSBAddress)
    USBD_LL_SetupStage                       0x08012625   Thumb Code    96  usbd_core.o(i.USBD_LL_SetupStage)
    USBD_LL_StallEP                          0x08012685   Thumb Code    18  usbd_conf.o(i.USBD_LL_StallEP)
    USBD_LL_Start                            0x08012697   Thumb Code    18  usbd_conf.o(i.USBD_LL_Start)
    USBD_LL_Suspend                          0x080126a9   Thumb Code    18  usbd_core.o(i.USBD_LL_Suspend)
    USBD_LL_Transmit                         0x080126bb   Thumb Code    18  usbd_conf.o(i.USBD_LL_Transmit)
    USBD_ParseSetupRequest                   0x080126cd   Thumb Code    44  usbd_ctlreq.o(i.USBD_ParseSetupRequest)
    USBD_RegisterClass                       0x080126f9   Thumb Code    36  usbd_core.o(i.USBD_RegisterClass)
    USBD_SetClassConfig                      0x0801271d   Thumb Code    20  usbd_core.o(i.USBD_SetClassConfig)
    USBD_Start                               0x080127ed   Thumb Code     4  usbd_core.o(i.USBD_Start)
    USBD_StdDevReq                           0x080127f1   Thumb Code   276  usbd_ctlreq.o(i.USBD_StdDevReq)
    USBD_StdEPReq                            0x08012905   Thumb Code   320  usbd_ctlreq.o(i.USBD_StdEPReq)
    USBD_StdItfReq                           0x08012a45   Thumb Code    82  usbd_ctlreq.o(i.USBD_StdItfReq)
    USBD_static_free                         0x08012a97   Thumb Code     2  usbd_conf.o(i.USBD_static_free)
    USBD_static_malloc                       0x08012a99   Thumb Code     4  usbd_conf.o(i.USBD_static_malloc)
    USB_ActivateEndpoint                     0x08012aa1   Thumb Code   122  stm32f4xx_ll_usb.o(i.USB_ActivateEndpoint)
    USB_ActivateSetup                        0x08012b21   Thumb Code    28  stm32f4xx_ll_usb.o(i.USB_ActivateSetup)
    USB_CoreInit                             0x08012b3d   Thumb Code   112  stm32f4xx_ll_usb.o(i.USB_CoreInit)
    USB_DeactivateEndpoint                   0x08012bf1   Thumb Code   194  stm32f4xx_ll_usb.o(i.USB_DeactivateEndpoint)
    USB_DevConnect                           0x08012cbd   Thumb Code    28  stm32f4xx_ll_usb.o(i.USB_DevConnect)
    USB_DevDisconnect                        0x08012cd9   Thumb Code    28  stm32f4xx_ll_usb.o(i.USB_DevDisconnect)
    USB_DevInit                              0x08012cf5   Thumb Code   362  stm32f4xx_ll_usb.o(i.USB_DevInit)
    USB_DisableGlobalInt                     0x08012e69   Thumb Code    12  stm32f4xx_ll_usb.o(i.USB_DisableGlobalInt)
    USB_EP0StartXfer                         0x08012e75   Thumb Code   276  stm32f4xx_ll_usb.o(i.USB_EP0StartXfer)
    USB_EP0_OutStart                         0x08012f8d   Thumb Code    84  stm32f4xx_ll_usb.o(i.USB_EP0_OutStart)
    USB_EPClearStall                         0x08012fe5   Thumb Code    88  stm32f4xx_ll_usb.o(i.USB_EPClearStall)
    USB_EPSetStall                           0x0801303d   Thumb Code    88  stm32f4xx_ll_usb.o(i.USB_EPSetStall)
    USB_EPStartXfer                          0x08013095   Thumb Code   482  stm32f4xx_ll_usb.o(i.USB_EPStartXfer)
    USB_EnableGlobalInt                      0x0801327d   Thumb Code    12  stm32f4xx_ll_usb.o(i.USB_EnableGlobalInt)
    USB_FlushRxFifo                          0x08013289   Thumb Code    36  stm32f4xx_ll_usb.o(i.USB_FlushRxFifo)
    USB_FlushTxFifo                          0x080132b1   Thumb Code    40  stm32f4xx_ll_usb.o(i.USB_FlushTxFifo)
    USB_GetDevSpeed                          0x080132dd   Thumb Code    26  stm32f4xx_ll_usb.o(i.USB_GetDevSpeed)
    USB_GetMode                              0x080132f7   Thumb Code     8  stm32f4xx_ll_usb.o(i.USB_GetMode)
    USB_ReadDevAllInEpInterrupt              0x080132ff   Thumb Code    14  stm32f4xx_ll_usb.o(i.USB_ReadDevAllInEpInterrupt)
    USB_ReadDevAllOutEpInterrupt             0x0801330d   Thumb Code    14  stm32f4xx_ll_usb.o(i.USB_ReadDevAllOutEpInterrupt)
    USB_ReadDevInEPInterrupt                 0x0801331b   Thumb Code    36  stm32f4xx_ll_usb.o(i.USB_ReadDevInEPInterrupt)
    USB_ReadDevOutEPInterrupt                0x0801333f   Thumb Code    16  stm32f4xx_ll_usb.o(i.USB_ReadDevOutEPInterrupt)
    USB_ReadInterrupts                       0x0801334f   Thumb Code     8  stm32f4xx_ll_usb.o(i.USB_ReadInterrupts)
    USB_ReadPacket                           0x08013357   Thumb Code    62  stm32f4xx_ll_usb.o(i.USB_ReadPacket)
    USB_SetCurrentMode                       0x08013395   Thumb Code    92  stm32f4xx_ll_usb.o(i.USB_SetCurrentMode)
    USB_SetDevAddress                        0x080133f1   Thumb Code    34  stm32f4xx_ll_usb.o(i.USB_SetDevAddress)
    USB_SetTurnaroundTime                    0x08013415   Thumb Code   158  stm32f4xx_ll_usb.o(i.USB_SetTurnaroundTime)
    USB_WritePacket                          0x080134fd   Thumb Code    40  stm32f4xx_ll_usb.o(i.USB_WritePacket)
    UsageFault_Handler                       0x08013525   Thumb Code     2  stm32f4xx_it.o(i.UsageFault_Handler)
    __0vsnprintf                             0x08013529   Thumb Code    40  printfa.o(i.__0vsnprintf)
    __1vsnprintf                             0x08013529   Thumb Code     0  printfa.o(i.__0vsnprintf)
    __2vsnprintf                             0x08013529   Thumb Code     0  printfa.o(i.__0vsnprintf)
    __c89vsnprintf                           0x08013529   Thumb Code     0  printfa.o(i.__0vsnprintf)
    vsnprintf                                0x08013529   Thumb Code     0  printfa.o(i.__0vsnprintf)
    __scatterload_copy                       0x08013575   Thumb Code    14  handlers.o(i.__scatterload_copy)
    __scatterload_null                       0x08013583   Thumb Code     2  handlers.o(i.__scatterload_null)
    __scatterload_zeroinit                   0x08013585   Thumb Code    14  handlers.o(i.__scatterload_zeroinit)
    main                                     0x08013e5d   Thumb Code    40  main.o(i.main)
    usb_printf                               0x08013e9d   Thumb Code    32  usbd_cdc_if.o(i.usb_printf)
    AHBPrescTable                            0x08013ec0   Data          16  system_stm32f4xx.o(.constdata)
    Region$$Table$$Base                      0x08013ed0   Number         0  anon$$obj.o(Region$$Table)
    Region$$Table$$Limit                     0x08013ef0   Number         0  anon$$obj.o(Region$$Table)
    FS_Desc                                  0x20000000   Data          28  usbd_desc.o(.data)
    USBD_LangIDDesc                          0x2000001c   Data           4  usbd_desc.o(.data)
    USBD_FS_DeviceDesc                       0x20000020   Data          18  usbd_desc.o(.data)
    USBD_StringSerial                        0x20000034   Data          26  usbd_desc.o(.data)
    USBD_Interface_fops_FS                   0x20000050   Data          20  usbd_cdc_if.o(.data)
    uwTickFreq                               0x20000064   Data           1  stm32f4xx_hal.o(.data)
    uwTickPrio                               0x20000068   Data           4  stm32f4xx_hal.o(.data)
    uwTick                                   0x2000006c   Data           4  stm32f4xx_hal.o(.data)
    SystemCoreClock                          0x20000070   Data           4  system_stm32f4xx.o(.data)
    USBD_CDC                                 0x20000150   Data          56  usbd_cdc.o(.data)
    hUsbDeviceFS                             0x20000188   Data         720  usb_device.o(.bss)
    USBD_StrDesc                             0x20000458   Data         512  usbd_desc.o(.bss)
    UserRxBufferFS                           0x20000658   Data        2048  usbd_cdc_if.o(.bss)
    UserTxBufferFS                           0x20000e58   Data        2048  usbd_cdc_if.o(.bss)
    hpcd_USB_OTG_FS                          0x20001878   Data        1032  usbd_conf.o(.bss)
    __initial_sp                             0x20002480   Data           0  startup_stm32f407xx.o(STACK)



==============================================================================

Memory Map of the image

  Image Entry point : 0x08010189

  Load Region LR_IROM1 (Base: 0x08010000, Size: 0x00004078, Max: 0x000f0000, ABSOLUTE, COMPRESSED[0x00003fb4])

    Execution Region ER_IROM1 (Exec base: 0x08010000, Load base: 0x08010000, Size: 0x00003ef0, Max: 0x000f0000, ABSOLUTE)

    Exec Addr    Load Addr    Size         Type   Attr      Idx    E Section Name        Object

    0x08010000   0x08010000   0x00000188   Data   RO            3    RESET               startup_stm32f407xx.o
    0x08010188   0x08010188   0x00000000   Code   RO         2853  * .ARM.Collect$$$$00000000  mc_w.l(entry.o)
    0x08010188   0x08010188   0x00000004   Code   RO         2892    .ARM.Collect$$$$00000001  mc_w.l(entry2.o)
    0x0801018c   0x0801018c   0x00000004   Code   RO         2895    .ARM.Collect$$$$00000004  mc_w.l(entry5.o)
    0x08010190   0x08010190   0x00000000   Code   RO         2897    .ARM.Collect$$$$00000008  mc_w.l(entry7b.o)
    0x08010190   0x08010190   0x00000000   Code   RO         2899    .ARM.Collect$$$$0000000A  mc_w.l(entry8b.o)
    0x08010190   0x08010190   0x00000008   Code   RO         2900    .ARM.Collect$$$$0000000B  mc_w.l(entry9a.o)
    0x08010198   0x08010198   0x00000000   Code   RO         2902    .ARM.Collect$$$$0000000D  mc_w.l(entry10a.o)
    0x08010198   0x08010198   0x00000000   Code   RO         2904    .ARM.Collect$$$$0000000F  mc_w.l(entry11a.o)
    0x08010198   0x08010198   0x00000004   Code   RO         2893    .ARM.Collect$$$$00002712  mc_w.l(entry2.o)
    0x0801019c   0x0801019c   0x00000024   Code   RO            4    .text               startup_stm32f407xx.o
    0x080101c0   0x080101c0   0x00000062   Code   RO         2856    .text               mc_w.l(uldiv.o)
    0x08010222   0x08010222   0x00000024   Code   RO         2858    .text               mc_w.l(memcpya.o)
    0x08010246   0x08010246   0x00000024   Code   RO         2860    .text               mc_w.l(memseta.o)
    0x0801026a   0x0801026a   0x0000002c   Code   RO         2909    .text               mc_w.l(uidiv.o)
    0x08010296   0x08010296   0x0000001e   Code   RO         2911    .text               mc_w.l(llshl.o)
    0x080102b4   0x080102b4   0x00000020   Code   RO         2913    .text               mc_w.l(llushr.o)
    0x080102d4   0x080102d4   0x00000000   Code   RO         2915    .text               mc_w.l(iusefp.o)
    0x080102d4   0x080102d4   0x0000014e   Code   RO         2916    .text               mf_w.l(dadd.o)
    0x08010422   0x08010422   0x000000e4   Code   RO         2918    .text               mf_w.l(dmul.o)
    0x08010506   0x08010506   0x000000de   Code   RO         2920    .text               mf_w.l(ddiv.o)
    0x080105e4   0x080105e4   0x00000030   Code   RO         2922    .text               mf_w.l(dfixul.o)
    0x08010614   0x08010614   0x00000030   Code   RO         2924    .text               mf_w.l(cdrcmple.o)
    0x08010644   0x08010644   0x00000024   Code   RO         2926    .text               mc_w.l(init.o)
    0x08010668   0x08010668   0x00000024   Code   RO         2929    .text               mc_w.l(llsshr.o)
    0x0801068c   0x0801068c   0x000000ba   Code   RO         2932    .text               mf_w.l(depilogue.o)
    0x08010746   0x08010746   0x00000056   Code   RO         2942    .text               mc_w.l(__dczerorl2.o)
    0x0801079c   0x0801079c   0x00000002   Code   RO          209    i.BusFault_Handler  stm32f4xx_it.o
    0x0801079e   0x0801079e   0x00000004   Code   RO          432    i.CDC_Control_FS    usbd_cdc_if.o
    0x080107a2   0x080107a2   0x00000004   Code   RO          433    i.CDC_DeInit_FS     usbd_cdc_if.o
    0x080107a6   0x080107a6   0x00000002   PAD
    0x080107a8   0x080107a8   0x00000024   Code   RO          434    i.CDC_Init_FS       usbd_cdc_if.o
    0x080107cc   0x080107cc   0x00000018   Code   RO          435    i.CDC_Receive_FS    usbd_cdc_if.o
    0x080107e4   0x080107e4   0x00000004   Code   RO          436    i.CDC_TransmitCplt_FS  usbd_cdc_if.o
    0x080107e8   0x080107e8   0x0000002c   Code   RO          437    i.CDC_Transmit_FS   usbd_cdc_if.o
    0x08010814   0x08010814   0x00000002   Code   RO          210    i.DebugMon_Handler  stm32f4xx_it.o
    0x08010816   0x08010816   0x00000004   Code   RO           13    i.Error_Handler     main.o
    0x0801081a   0x0801081a   0x00000002   PAD
    0x0801081c   0x0801081c   0x00000024   Code   RO         2154    i.HAL_Delay         stm32f4xx_hal.o
    0x08010840   0x08010840   0x000001f0   Code   RO         1628    i.HAL_GPIO_Init     stm32f4xx_hal_gpio.o
    0x08010a30   0x08010a30   0x0000000a   Code   RO         1632    i.HAL_GPIO_WritePin  stm32f4xx_hal_gpio.o
    0x08010a3a   0x08010a3a   0x00000002   PAD
    0x08010a3c   0x08010a3c   0x0000000c   Code   RO         2160    i.HAL_GetTick       stm32f4xx_hal.o
    0x08010a48   0x08010a48   0x00000010   Code   RO         2166    i.HAL_IncTick       stm32f4xx_hal.o
    0x08010a58   0x08010a58   0x00000034   Code   RO         2167    i.HAL_Init          stm32f4xx_hal.o
    0x08010a8c   0x08010a8c   0x00000040   Code   RO         2168    i.HAL_InitTick      stm32f4xx_hal.o
    0x08010acc   0x08010acc   0x00000030   Code   RO          291    i.HAL_MspInit       stm32f4xx_hal_msp.o
    0x08010afc   0x08010afc   0x0000001a   Code   RO         2017    i.HAL_NVIC_EnableIRQ  stm32f4xx_hal_cortex.o
    0x08010b16   0x08010b16   0x00000002   PAD
    0x08010b18   0x08010b18   0x00000040   Code   RO         2023    i.HAL_NVIC_SetPriority  stm32f4xx_hal_cortex.o
    0x08010b58   0x08010b58   0x00000024   Code   RO         2024    i.HAL_NVIC_SetPriorityGrouping  stm32f4xx_hal_cortex.o
    0x08010b7c   0x08010b7c   0x00000002   Code   RO          935    i.HAL_PCDEx_LPM_Callback  stm32f4xx_hal_pcd_ex.o
    0x08010b7e   0x08010b7e   0x00000008   Code   RO          936    i.HAL_PCDEx_SetRxFiFo  stm32f4xx_hal_pcd_ex.o
    0x08010b86   0x08010b86   0x00000044   Code   RO          937    i.HAL_PCDEx_SetTxFiFo  stm32f4xx_hal_pcd_ex.o
    0x08010bca   0x08010bca   0x00000008   Code   RO          501    i.HAL_PCD_ConnectCallback  usbd_conf.o
    0x08010bd2   0x08010bd2   0x00000012   Code   RO          502    i.HAL_PCD_DataInStageCallback  usbd_conf.o
    0x08010be4   0x08010be4   0x00000014   Code   RO          503    i.HAL_PCD_DataOutStageCallback  usbd_conf.o
    0x08010bf8   0x08010bf8   0x00000008   Code   RO          504    i.HAL_PCD_DisconnectCallback  usbd_conf.o
    0x08010c00   0x08010c00   0x0000004c   Code   RO          717    i.HAL_PCD_EP_Close  stm32f4xx_hal_pcd.o
    0x08010c4c   0x08010c4c   0x0000005c   Code   RO          718    i.HAL_PCD_EP_ClrStall  stm32f4xx_hal_pcd.o
    0x08010ca8   0x08010ca8   0x00000012   Code   RO          720    i.HAL_PCD_EP_GetRxCount  stm32f4xx_hal_pcd.o
    0x08010cba   0x08010cba   0x00000060   Code   RO          721    i.HAL_PCD_EP_Open   stm32f4xx_hal_pcd.o
    0x08010d1a   0x08010d1a   0x00000048   Code   RO          722    i.HAL_PCD_EP_Receive  stm32f4xx_hal_pcd.o
    0x08010d62   0x08010d62   0x00000074   Code   RO          723    i.HAL_PCD_EP_SetStall  stm32f4xx_hal_pcd.o
    0x08010dd6   0x08010dd6   0x00000040   Code   RO          724    i.HAL_PCD_EP_Transmit  stm32f4xx_hal_pcd.o
    0x08010e16   0x08010e16   0x00000002   PAD
    0x08010e18   0x08010e18   0x00000434   Code   RO          726    i.HAL_PCD_IRQHandler  stm32f4xx_hal_pcd.o
    0x0801124c   0x0801124c   0x00000008   Code   RO          505    i.HAL_PCD_ISOINIncompleteCallback  usbd_conf.o
    0x08011254   0x08011254   0x00000008   Code   RO          506    i.HAL_PCD_ISOOUTIncompleteCallback  usbd_conf.o
    0x0801125c   0x0801125c   0x000000e2   Code   RO          729    i.HAL_PCD_Init      stm32f4xx_hal_pcd.o
    0x0801133e   0x0801133e   0x00000002   PAD
    0x08011340   0x08011340   0x00000084   Code   RO          508    i.HAL_PCD_MspInit   usbd_conf.o
    0x080113c4   0x080113c4   0x0000002c   Code   RO          509    i.HAL_PCD_ResetCallback  usbd_conf.o
    0x080113f0   0x080113f0   0x00000008   Code   RO          510    i.HAL_PCD_ResumeCallback  usbd_conf.o
    0x080113f8   0x080113f8   0x00000008   Code   RO          511    i.HAL_PCD_SOFCallback  usbd_conf.o
    0x08011400   0x08011400   0x00000028   Code   RO          735    i.HAL_PCD_SetAddress  stm32f4xx_hal_pcd.o
    0x08011428   0x08011428   0x0000000e   Code   RO          512    i.HAL_PCD_SetupStageCallback  usbd_conf.o
    0x08011436   0x08011436   0x00000042   Code   RO          737    i.HAL_PCD_Start     stm32f4xx_hal_pcd.o
    0x08011478   0x08011478   0x00000030   Code   RO          513    i.HAL_PCD_SuspendCallback  usbd_conf.o
    0x080114a8   0x080114a8   0x00000134   Code   RO         1274    i.HAL_RCC_ClockConfig  stm32f4xx_hal_rcc.o
    0x080115dc   0x080115dc   0x0000000c   Code   RO         1279    i.HAL_RCC_GetHCLKFreq  stm32f4xx_hal_rcc.o
    0x080115e8   0x080115e8   0x00000060   Code   RO         1283    i.HAL_RCC_GetSysClockFreq  stm32f4xx_hal_rcc.o
    0x08011648   0x08011648   0x0000036c   Code   RO         1286    i.HAL_RCC_OscConfig  stm32f4xx_hal_rcc.o
    0x080119b4   0x080119b4   0x00000028   Code   RO         2028    i.HAL_SYSTICK_Config  stm32f4xx_hal_cortex.o
    0x080119dc   0x080119dc   0x00000002   Code   RO          211    i.HardFault_Handler  stm32f4xx_it.o
    0x080119de   0x080119de   0x00000002   PAD
    0x080119e0   0x080119e0   0x00000038   Code   RO          346    i.IntToUnicode      usbd_desc.o
    0x08011a18   0x08011a18   0x00000070   Code   RO          185    i.MX_GPIO_Init      gpio.o
    0x08011a88   0x08011a88   0x00000054   Code   RO          315    i.MX_USB_DEVICE_Init  usb_device.o
    0x08011adc   0x08011adc   0x00000002   Code   RO          212    i.MemManage_Handler  stm32f4xx_it.o
    0x08011ade   0x08011ade   0x00000002   Code   RO          213    i.NMI_Handler       stm32f4xx_it.o
    0x08011ae0   0x08011ae0   0x0000000c   Code   RO          214    i.OTG_FS_IRQHandler  stm32f4xx_it.o
    0x08011aec   0x08011aec   0x000000cc   Code   RO          741    i.PCD_EP_OutXfrComplete_int  stm32f4xx_hal_pcd.o
    0x08011bb8   0x08011bb8   0x000000a2   Code   RO          742    i.PCD_WriteEmptyTxFifo  stm32f4xx_hal_pcd.o
    0x08011c5a   0x08011c5a   0x00000002   Code   RO          215    i.PendSV_Handler    stm32f4xx_it.o
    0x08011c5c   0x08011c5c   0x00000002   Code   RO          216    i.SVC_Handler       stm32f4xx_it.o
    0x08011c5e   0x08011c5e   0x0000000a   Code   RO         2617    i.SWAPBYTE          usbd_ctlreq.o
    0x08011c68   0x08011c68   0x00000004   Code   RO          217    i.SysTick_Handler   stm32f4xx_it.o
    0x08011c6c   0x08011c6c   0x00000094   Code   RO           14    i.SystemClock_Config  main.o
    0x08011d00   0x08011d00   0x00000010   Code   RO         2442    i.SystemInit        system_stm32f4xx.o
    0x08011d10   0x08011d10   0x00000062   Code   RO         2750    i.USBD_CDC_DataIn   usbd_cdc.o
    0x08011d72   0x08011d72   0x0000002a   Code   RO         2751    i.USBD_CDC_DataOut  usbd_cdc.o
    0x08011d9c   0x08011d9c   0x00000048   Code   RO         2752    i.USBD_CDC_DeInit   usbd_cdc.o
    0x08011de4   0x08011de4   0x0000002e   Code   RO         2753    i.USBD_CDC_EP0_RxReady  usbd_cdc.o
    0x08011e12   0x08011e12   0x00000002   PAD
    0x08011e14   0x08011e14   0x0000000c   Code   RO         2754    i.USBD_CDC_GetDeviceQualifierDescriptor  usbd_cdc.o
    0x08011e20   0x08011e20   0x0000000c   Code   RO         2755    i.USBD_CDC_GetFSCfgDesc  usbd_cdc.o
    0x08011e2c   0x08011e2c   0x0000000c   Code   RO         2756    i.USBD_CDC_GetHSCfgDesc  usbd_cdc.o
    0x08011e38   0x08011e38   0x0000000c   Code   RO         2757    i.USBD_CDC_GetOtherSpeedCfgDesc  usbd_cdc.o
    0x08011e44   0x08011e44   0x000000a2   Code   RO         2758    i.USBD_CDC_Init     usbd_cdc.o
    0x08011ee6   0x08011ee6   0x00000028   Code   RO         2759    i.USBD_CDC_ReceivePacket  usbd_cdc.o
    0x08011f0e   0x08011f0e   0x0000000e   Code   RO         2760    i.USBD_CDC_RegisterInterface  usbd_cdc.o
    0x08011f1c   0x08011f1c   0x00000012   Code   RO         2761    i.USBD_CDC_SetRxBuffer  usbd_cdc.o
    0x08011f2e   0x08011f2e   0x00000016   Code   RO         2762    i.USBD_CDC_SetTxBuffer  usbd_cdc.o
    0x08011f44   0x08011f44   0x000000be   Code   RO         2763    i.USBD_CDC_Setup    usbd_cdc.o
    0x08012002   0x08012002   0x00000036   Code   RO         2764    i.USBD_CDC_TransmitPacket  usbd_cdc.o
    0x08012038   0x08012038   0x00000010   Code   RO         2479    i.USBD_ClrClassConfig  usbd_core.o
    0x08012048   0x08012048   0x00000010   Code   RO         2690    i.USBD_CtlContinueRx  usbd_ioreq.o
    0x08012058   0x08012058   0x00000010   Code   RO         2691    i.USBD_CtlContinueSendData  usbd_ioreq.o
    0x08012068   0x08012068   0x00000016   Code   RO         2618    i.USBD_CtlError     usbd_ctlreq.o
    0x0801207e   0x0801207e   0x0000001e   Code   RO         2692    i.USBD_CtlPrepareRx  usbd_ioreq.o
    0x0801209c   0x0801209c   0x00000016   Code   RO         2693    i.USBD_CtlReceiveStatus  usbd_ioreq.o
    0x080120b2   0x080120b2   0x0000001a   Code   RO         2694    i.USBD_CtlSendData  usbd_ioreq.o
    0x080120cc   0x080120cc   0x00000016   Code   RO         2695    i.USBD_CtlSendStatus  usbd_ioreq.o
    0x080120e2   0x080120e2   0x00000002   PAD
    0x080120e4   0x080120e4   0x00000020   Code   RO          347    i.USBD_FS_ConfigStrDescriptor  usbd_desc.o
    0x08012104   0x08012104   0x0000000c   Code   RO          348    i.USBD_FS_DeviceDescriptor  usbd_desc.o
    0x08012110   0x08012110   0x00000024   Code   RO          349    i.USBD_FS_InterfaceStrDescriptor  usbd_desc.o
    0x08012134   0x08012134   0x0000000c   Code   RO          350    i.USBD_FS_LangIDStrDescriptor  usbd_desc.o
    0x08012140   0x08012140   0x00000028   Code   RO          351    i.USBD_FS_ManufacturerStrDescriptor  usbd_desc.o
    0x08012168   0x08012168   0x0000002c   Code   RO          352    i.USBD_FS_ProductStrDescriptor  usbd_desc.o
    0x08012194   0x08012194   0x00000038   Code   RO          353    i.USBD_FS_SerialStrDescriptor  usbd_desc.o
    0x080121cc   0x080121cc   0x000000e6   Code   RO         2619    i.USBD_GetDescriptor  usbd_ctlreq.o
    0x080122b2   0x080122b2   0x00000048   Code   RO         2620    i.USBD_GetString    usbd_ctlreq.o
    0x080122fa   0x080122fa   0x00000018   Code   RO          514    i.USBD_Get_USB_Status  usbd_conf.o
    0x08012312   0x08012312   0x00000026   Code   RO         2481    i.USBD_Init         usbd_core.o
    0x08012338   0x08012338   0x00000012   Code   RO          515    i.USBD_LL_ClearStallEP  usbd_conf.o
    0x0801234a   0x0801234a   0x00000012   Code   RO          516    i.USBD_LL_CloseEP   usbd_conf.o
    0x0801235c   0x0801235c   0x000000a8   Code   RO         2482    i.USBD_LL_DataInStage  usbd_core.o
    0x08012404   0x08012404   0x0000006c   Code   RO         2483    i.USBD_LL_DataOutStage  usbd_core.o
    0x08012470   0x08012470   0x00000004   Code   RO         2484    i.USBD_LL_DevConnected  usbd_core.o
    0x08012474   0x08012474   0x00000018   Code   RO         2485    i.USBD_LL_DevDisconnected  usbd_core.o
    0x0801248c   0x0801248c   0x00000008   Code   RO          520    i.USBD_LL_GetRxDataSize  usbd_conf.o
    0x08012494   0x08012494   0x00000060   Code   RO          521    i.USBD_LL_Init      usbd_conf.o
    0x080124f4   0x080124f4   0x00000020   Code   RO          522    i.USBD_LL_IsStallEP  usbd_conf.o
    0x08012514   0x08012514   0x00000020   Code   RO         2486    i.USBD_LL_IsoINIncomplete  usbd_core.o
    0x08012534   0x08012534   0x00000020   Code   RO         2487    i.USBD_LL_IsoOUTIncomplete  usbd_core.o
    0x08012554   0x08012554   0x00000018   Code   RO          523    i.USBD_LL_OpenEP    usbd_conf.o
    0x0801256c   0x0801256c   0x00000012   Code   RO          524    i.USBD_LL_PrepareReceive  usbd_conf.o
    0x0801257e   0x0801257e   0x0000005a   Code   RO         2488    i.USBD_LL_Reset     usbd_core.o
    0x080125d8   0x080125d8   0x00000014   Code   RO         2489    i.USBD_LL_Resume    usbd_core.o
    0x080125ec   0x080125ec   0x00000020   Code   RO         2490    i.USBD_LL_SOF       usbd_core.o
    0x0801260c   0x0801260c   0x00000006   Code   RO         2491    i.USBD_LL_SetSpeed  usbd_core.o
    0x08012612   0x08012612   0x00000012   Code   RO          525    i.USBD_LL_SetUSBAddress  usbd_conf.o
    0x08012624   0x08012624   0x00000060   Code   RO         2492    i.USBD_LL_SetupStage  usbd_core.o
    0x08012684   0x08012684   0x00000012   Code   RO          526    i.USBD_LL_StallEP   usbd_conf.o
    0x08012696   0x08012696   0x00000012   Code   RO          527    i.USBD_LL_Start     usbd_conf.o
    0x080126a8   0x080126a8   0x00000012   Code   RO         2493    i.USBD_LL_Suspend   usbd_core.o
    0x080126ba   0x080126ba   0x00000012   Code   RO          529    i.USBD_LL_Transmit  usbd_conf.o
    0x080126cc   0x080126cc   0x0000002c   Code   RO         2621    i.USBD_ParseSetupRequest  usbd_ctlreq.o
    0x080126f8   0x080126f8   0x00000024   Code   RO         2494    i.USBD_RegisterClass  usbd_core.o
    0x0801271c   0x0801271c   0x00000014   Code   RO         2496    i.USBD_SetClassConfig  usbd_core.o
    0x08012730   0x08012730   0x000000bc   Code   RO         2622    i.USBD_SetConfig    usbd_ctlreq.o
    0x080127ec   0x080127ec   0x00000004   Code   RO         2497    i.USBD_Start        usbd_core.o
    0x080127f0   0x080127f0   0x00000114   Code   RO         2623    i.USBD_StdDevReq    usbd_ctlreq.o
    0x08012904   0x08012904   0x00000140   Code   RO         2624    i.USBD_StdEPReq     usbd_ctlreq.o
    0x08012a44   0x08012a44   0x00000052   Code   RO         2625    i.USBD_StdItfReq    usbd_ctlreq.o
    0x08012a96   0x08012a96   0x00000002   Code   RO          530    i.USBD_static_free  usbd_conf.o
    0x08012a98   0x08012a98   0x00000008   Code   RO          531    i.USBD_static_malloc  usbd_conf.o
    0x08012aa0   0x08012aa0   0x00000080   Code   RO          977    i.USB_ActivateEndpoint  stm32f4xx_ll_usb.o
    0x08012b20   0x08012b20   0x0000001c   Code   RO          979    i.USB_ActivateSetup  stm32f4xx_ll_usb.o
    0x08012b3c   0x08012b3c   0x00000074   Code   RO          981    i.USB_CoreInit      stm32f4xx_ll_usb.o
    0x08012bb0   0x08012bb0   0x00000040   Code   RO          982    i.USB_CoreReset     stm32f4xx_ll_usb.o
    0x08012bf0   0x08012bf0   0x000000cc   Code   RO          985    i.USB_DeactivateEndpoint  stm32f4xx_ll_usb.o
    0x08012cbc   0x08012cbc   0x0000001c   Code   RO          986    i.USB_DevConnect    stm32f4xx_ll_usb.o
    0x08012cd8   0x08012cd8   0x0000001c   Code   RO          987    i.USB_DevDisconnect  stm32f4xx_ll_usb.o
    0x08012cf4   0x08012cf4   0x00000174   Code   RO          988    i.USB_DevInit       stm32f4xx_ll_usb.o
    0x08012e68   0x08012e68   0x0000000c   Code   RO          989    i.USB_DisableGlobalInt  stm32f4xx_ll_usb.o
    0x08012e74   0x08012e74   0x00000118   Code   RO          992    i.USB_EP0StartXfer  stm32f4xx_ll_usb.o
    0x08012f8c   0x08012f8c   0x00000058   Code   RO          993    i.USB_EP0_OutStart  stm32f4xx_ll_usb.o
    0x08012fe4   0x08012fe4   0x00000058   Code   RO          994    i.USB_EPClearStall  stm32f4xx_ll_usb.o
    0x0801303c   0x0801303c   0x00000058   Code   RO          995    i.USB_EPSetStall    stm32f4xx_ll_usb.o
    0x08013094   0x08013094   0x000001e8   Code   RO          996    i.USB_EPStartXfer   stm32f4xx_ll_usb.o
    0x0801327c   0x0801327c   0x0000000c   Code   RO          997    i.USB_EnableGlobalInt  stm32f4xx_ll_usb.o
    0x08013288   0x08013288   0x00000028   Code   RO          998    i.USB_FlushRxFifo   stm32f4xx_ll_usb.o
    0x080132b0   0x080132b0   0x0000002c   Code   RO          999    i.USB_FlushTxFifo   stm32f4xx_ll_usb.o
    0x080132dc   0x080132dc   0x0000001a   Code   RO         1001    i.USB_GetDevSpeed   stm32f4xx_ll_usb.o
    0x080132f6   0x080132f6   0x00000008   Code   RO         1003    i.USB_GetMode       stm32f4xx_ll_usb.o
    0x080132fe   0x080132fe   0x0000000e   Code   RO         1010    i.USB_ReadDevAllInEpInterrupt  stm32f4xx_ll_usb.o
    0x0801330c   0x0801330c   0x0000000e   Code   RO         1011    i.USB_ReadDevAllOutEpInterrupt  stm32f4xx_ll_usb.o
    0x0801331a   0x0801331a   0x00000024   Code   RO         1012    i.USB_ReadDevInEPInterrupt  stm32f4xx_ll_usb.o
    0x0801333e   0x0801333e   0x00000010   Code   RO         1013    i.USB_ReadDevOutEPInterrupt  stm32f4xx_ll_usb.o
    0x0801334e   0x0801334e   0x00000008   Code   RO         1014    i.USB_ReadInterrupts  stm32f4xx_ll_usb.o
    0x08013356   0x08013356   0x0000003e   Code   RO         1015    i.USB_ReadPacket    stm32f4xx_ll_usb.o
    0x08013394   0x08013394   0x0000005c   Code   RO         1017    i.USB_SetCurrentMode  stm32f4xx_ll_usb.o
    0x080133f0   0x080133f0   0x00000022   Code   RO         1018    i.USB_SetDevAddress  stm32f4xx_ll_usb.o
    0x08013412   0x08013412   0x00000002   PAD
    0x08013414   0x08013414   0x000000e8   Code   RO         1020    i.USB_SetTurnaroundTime  stm32f4xx_ll_usb.o
    0x080134fc   0x080134fc   0x00000028   Code   RO         1023    i.USB_WritePacket   stm32f4xx_ll_usb.o
    0x08013524   0x08013524   0x00000002   Code   RO          218    i.UsageFault_Handler  stm32f4xx_it.o
    0x08013526   0x08013526   0x00000002   PAD
    0x08013528   0x08013528   0x0000002c   Code   RO         2870    i.__0vsnprintf      mc_w.l(printfa.o)
    0x08013554   0x08013554   0x00000020   Code   RO         2030    i.__NVIC_SetPriority  stm32f4xx_hal_cortex.o
    0x08013574   0x08013574   0x0000000e   Code   RO         2936    i.__scatterload_copy  mc_w.l(handlers.o)
    0x08013582   0x08013582   0x00000002   Code   RO         2937    i.__scatterload_null  mc_w.l(handlers.o)
    0x08013584   0x08013584   0x0000000e   Code   RO         2938    i.__scatterload_zeroinit  mc_w.l(handlers.o)
    0x08013592   0x08013592   0x00000002   PAD
    0x08013594   0x08013594   0x00000184   Code   RO         2872    i._fp_digits        mc_w.l(printfa.o)
    0x08013718   0x08013718   0x000006dc   Code   RO         2873    i._printf_core      mc_w.l(printfa.o)
    0x08013df4   0x08013df4   0x00000024   Code   RO         2874    i._printf_post_padding  mc_w.l(printfa.o)
    0x08013e18   0x08013e18   0x0000002e   Code   RO         2875    i._printf_pre_padding  mc_w.l(printfa.o)
    0x08013e46   0x08013e46   0x00000016   Code   RO         2876    i._snputc           mc_w.l(printfa.o)
    0x08013e5c   0x08013e5c   0x00000040   Code   RO           15    i.main              main.o
    0x08013e9c   0x08013e9c   0x00000024   Code   RO          438    i.usb_printf        usbd_cdc_if.o
    0x08013ec0   0x08013ec0   0x00000010   Data   RO         2443    .constdata          system_stm32f4xx.o
    0x08013ed0   0x08013ed0   0x00000020   Data   RO         2934    Region$$Table       anon$$obj.o


    Execution Region RW_IRAM2 (Exec base: 0x10000000, Load base: 0x08013fb4, Size: 0x00000000, Max: 0x00010000, ABSOLUTE)

    **** No section assigned to this execution region ****


    Execution Region RW_IRAM1 (Exec base: 0x20000000, Load base: 0x08013ef0, Size: 0x00002480, Max: 0x00020000, ABSOLUTE, COMPRESSED[0x000000c4])

    Exec Addr    Load Addr    Size         Type   Attr      Idx    E Section Name        Object

    0x20000000   COMPRESSED   0x0000001c   Data   RW          355    .data               usbd_desc.o
    0x2000001c   COMPRESSED   0x00000032   Data   RW          356    .data               usbd_desc.o
    0x2000004e   COMPRESSED   0x00000002   PAD
    0x20000050   COMPRESSED   0x00000014   Data   RW          440    .data               usbd_cdc_if.o
    0x20000064   COMPRESSED   0x0000000c   Data   RW         2174    .data               stm32f4xx_hal.o
    0x20000070   COMPRESSED   0x00000004   Data   RW         2445    .data               system_stm32f4xx.o
    0x20000074   COMPRESSED   0x00000001   Data   RW         2626    .data               usbd_ctlreq.o
    0x20000075   COMPRESSED   0x00000003   PAD
    0x20000078   COMPRESSED   0x000000d7   Data   RW         2765    .data               usbd_cdc.o
    0x2000014f   COMPRESSED   0x00000001   PAD
    0x20000150   COMPRESSED   0x00000038   Data   RW         2766    .data               usbd_cdc.o
    0x20000188        -       0x000002d0   Zero   RW          316    .bss                usb_device.o
    0x20000458        -       0x00000200   Zero   RW          354    .bss                usbd_desc.o
    0x20000658        -       0x00001000   Zero   RW          439    .bss                usbd_cdc_if.o
    0x20001658        -       0x00000628   Zero   RW          532    .bss                usbd_conf.o
    0x20001c80        -       0x00000800   Zero   RW            1    STACK               startup_stm32f407xx.o


==============================================================================

Image component sizes


      Code (inc. data)   RO Data    RW Data    ZI Data      Debug   Object Name

       112         10          0          0          0        939   gpio.o
       216         32          0          0          0     651551   main.o
        36          8        392          0       2048        848   startup_stm32f407xx.o
       180         28          0         12          0       9497   stm32f4xx_hal.o
       198         14          0          0          0      34007   stm32f4xx_hal_cortex.o
       506         46          0          0          0       2228   stm32f4xx_hal_gpio.o
        48          6          0          0          0        878   stm32f4xx_hal_msp.o
      2308         14          0          0          0      12909   stm32f4xx_hal_pcd.o
        78          0          0          0          0       2441   stm32f4xx_hal_pcd_ex.o
      1292         54          0          0          0       4582   stm32f4xx_hal_rcc.o
        32          6          0          0          0       4742   stm32f4xx_it.o
      2690        132          0          0          0      23430   stm32f4xx_ll_usb.o
        16          4         16          4          0       1163   system_stm32f4xx.o
        84         18          0          0        720        832   usb_device.o
       806         16          0        271          0      13957   usbd_cdc.o
       152         26          0         20       4096       5279   usbd_cdc_if.o
       644         24          0          0       1576      17124   usbd_conf.o
       744          0          0          0          0      12813   usbd_core.o
      1244         30          0          1          0      14440   usbd_ctlreq.o
       288        104          0         78        512       6289   usbd_desc.o
       132          0          0          0          0       4604   usbd_ioreq.o

    ----------------------------------------------------------------------
     11828        572        440        392       8952     824553   Object Totals
         0          0         32          0          0          0   (incl. Generated)
        22          0          0          6          0          0   (incl. Padding)

    ----------------------------------------------------------------------

      Code (inc. data)   RO Data    RW Data    ZI Data      Debug   Library Member Name

        86          0          0          0          0          0   __dczerorl2.o
         0          0          0          0          0          0   entry.o
         0          0          0          0          0          0   entry10a.o
         0          0          0          0          0          0   entry11a.o
         8          4          0          0          0          0   entry2.o
         4          0          0          0          0          0   entry5.o
         0          0          0          0          0          0   entry7b.o
         0          0          0          0          0          0   entry8b.o
         8          4          0          0          0          0   entry9a.o
        30          0          0          0          0          0   handlers.o
        36          8          0          0          0         68   init.o
         0          0          0          0          0          0   iusefp.o
        30          0          0          0          0         68   llshl.o
        36          0          0          0          0         68   llsshr.o
        32          0          0          0          0         68   llushr.o
        36          0          0          0          0         68   memcpya.o
        36          0          0          0          0        108   memseta.o
      2292         84          0          0          0        516   printfa.o
        44          0          0          0          0         80   uidiv.o
        98          0          0          0          0         92   uldiv.o
        48          0          0          0          0         68   cdrcmple.o
       334          0          0          0          0        148   dadd.o
       222          0          0          0          0        100   ddiv.o
       186          0          0          0          0        176   depilogue.o
        48          0          0          0          0         68   dfixul.o
       228          0          0          0          0         96   dmul.o

    ----------------------------------------------------------------------
      3844        100          0          0          0       1792   Library Totals
         2          0          0          0          0          0   (incl. Padding)

    ----------------------------------------------------------------------

      Code (inc. data)   RO Data    RW Data    ZI Data      Debug   Library Name

      2776        100          0          0          0       1136   mc_w.l
      1066          0          0          0          0        656   mf_w.l

    ----------------------------------------------------------------------
      3844        100          0          0          0       1792   Library Totals

    ----------------------------------------------------------------------

==============================================================================


      Code (inc. data)   RO Data    RW Data    ZI Data      Debug   

     15672        672        440        392       8952     809893   Grand Totals
     15672        672        440        196       8952     809893   ELF Image Totals (compressed)
     15672        672        440        196          0          0   ROM Totals

==============================================================================

    Total RO  Size (Code + RO Data)                16112 (  15.73kB)
    Total RW  Size (RW Data + ZI Data)              9344 (   9.13kB)
    Total ROM Size (Code + RO Data + RW Data)      16308 (  15.93kB)

==============================================================================

