Component: ARM Compiler 5.06 update 6 (build 750) Tool: armlink [4d35ed]

==============================================================================

Section Cross References

    startup_stm32f407xx.o(RESET) refers to startup_stm32f407xx.o(STACK) for __initial_sp
    startup_stm32f407xx.o(RESET) refers to startup_stm32f407xx.o(.text) for Reset_Handler
    startup_stm32f407xx.o(RESET) refers to stm32f4xx_it.o(i.NMI_Handler) for NMI_Handler
    startup_stm32f407xx.o(RESET) refers to stm32f4xx_it.o(i.HardFault_Handler) for HardFault_Handler
    startup_stm32f407xx.o(RESET) refers to stm32f4xx_it.o(i.MemManage_Handler) for MemManage_Handler
    startup_stm32f407xx.o(RESET) refers to stm32f4xx_it.o(i.BusFault_Handler) for BusFault_Handler
    startup_stm32f407xx.o(RESET) refers to stm32f4xx_it.o(i.UsageFault_Handler) for UsageFault_Handler
    startup_stm32f407xx.o(RESET) refers to stm32f4xx_it.o(i.SVC_Handler) for SVC_Handler
    startup_stm32f407xx.o(RESET) refers to stm32f4xx_it.o(i.DebugMon_Handler) for DebugMon_Handler
    startup_stm32f407xx.o(RESET) refers to stm32f4xx_it.o(i.PendSV_Handler) for PendSV_Handler
    startup_stm32f407xx.o(RESET) refers to stm32f4xx_it.o(i.SysTick_Handler) for SysTick_Handler
    startup_stm32f407xx.o(RESET) refers to stm32f4xx_it.o(i.OTG_FS_IRQHandler) for OTG_FS_IRQHandler
    startup_stm32f407xx.o(.text) refers to system_stm32f4xx.o(i.SystemInit) for SystemInit
    startup_stm32f407xx.o(.text) refers to entry.o(.ARM.Collect$$$$00000000) for __main
    main.o(i.SystemClock_Config) refers to memseta.o(.text) for __aeabi_memclr4
    main.o(i.SystemClock_Config) refers to stm32f4xx_hal_rcc.o(i.HAL_RCC_OscConfig) for HAL_RCC_OscConfig
    main.o(i.SystemClock_Config) refers to stm32f4xx_hal_rcc.o(i.HAL_RCC_ClockConfig) for HAL_RCC_ClockConfig
    main.o(i.main) refers to stm32f4xx_hal.o(i.HAL_Init) for HAL_Init
    main.o(i.main) refers to main.o(i.SystemClock_Config) for SystemClock_Config
    main.o(i.main) refers to gpio.o(i.MX_GPIO_Init) for MX_GPIO_Init
    main.o(i.main) refers to usb_device.o(i.MX_USB_DEVICE_Init) for MX_USB_DEVICE_Init
    main.o(i.main) refers to usbd_cdc_if.o(i.usb_printf) for usb_printf
    main.o(i.main) refers to stm32f4xx_hal.o(i.HAL_Delay) for HAL_Delay
    main.o(i.main) refers to iap.o(i.iap_write_appbin) for iap_write_appbin
    main.o(i.main) refers to iap.o(i.iap_load_app) for iap_load_app
    main.o(i.main) refers to main.o(.data) for .data
    main.o(i.main) refers to main.o(.bss) for .bss
    gpio.o(i.MX_GPIO_Init) refers to memseta.o(.text) for __aeabi_memclr4
    gpio.o(i.MX_GPIO_Init) refers to stm32f4xx_hal_gpio.o(i.HAL_GPIO_WritePin) for HAL_GPIO_WritePin
    gpio.o(i.MX_GPIO_Init) refers to stm32f4xx_hal_gpio.o(i.HAL_GPIO_Init) for HAL_GPIO_Init
    stm32f4xx_it.o(i.OTG_FS_IRQHandler) refers to stm32f4xx_hal_pcd.o(i.HAL_PCD_IRQHandler) for HAL_PCD_IRQHandler
    stm32f4xx_it.o(i.OTG_FS_IRQHandler) refers to usbd_conf.o(.bss) for hpcd_USB_OTG_FS
    stm32f4xx_it.o(i.SysTick_Handler) refers to stm32f4xx_hal.o(i.HAL_IncTick) for HAL_IncTick
    usb_device.o(i.MX_USB_DEVICE_Init) refers to usbd_core.o(i.USBD_Init) for USBD_Init
    usb_device.o(i.MX_USB_DEVICE_Init) refers to main.o(i.Error_Handler) for Error_Handler
    usb_device.o(i.MX_USB_DEVICE_Init) refers to usbd_core.o(i.USBD_RegisterClass) for USBD_RegisterClass
    usb_device.o(i.MX_USB_DEVICE_Init) refers to usbd_cdc.o(i.USBD_CDC_RegisterInterface) for USBD_CDC_RegisterInterface
    usb_device.o(i.MX_USB_DEVICE_Init) refers to usbd_core.o(i.USBD_Start) for USBD_Start
    usb_device.o(i.MX_USB_DEVICE_Init) refers to usbd_desc.o(.data) for FS_Desc
    usb_device.o(i.MX_USB_DEVICE_Init) refers to usb_device.o(.bss) for .bss
    usb_device.o(i.MX_USB_DEVICE_Init) refers to usbd_cdc.o(.data) for USBD_CDC
    usb_device.o(i.MX_USB_DEVICE_Init) refers to usbd_cdc_if.o(.data) for USBD_Interface_fops_FS
    usbd_desc.o(i.USBD_FS_ConfigStrDescriptor) refers to usbd_ctlreq.o(i.USBD_GetString) for USBD_GetString
    usbd_desc.o(i.USBD_FS_ConfigStrDescriptor) refers to usbd_desc.o(.bss) for .bss
    usbd_desc.o(i.USBD_FS_DeviceDescriptor) refers to usbd_desc.o(.data) for .data
    usbd_desc.o(i.USBD_FS_InterfaceStrDescriptor) refers to usbd_ctlreq.o(i.USBD_GetString) for USBD_GetString
    usbd_desc.o(i.USBD_FS_InterfaceStrDescriptor) refers to usbd_desc.o(.bss) for .bss
    usbd_desc.o(i.USBD_FS_LangIDStrDescriptor) refers to usbd_desc.o(.data) for .data
    usbd_desc.o(i.USBD_FS_ManufacturerStrDescriptor) refers to usbd_ctlreq.o(i.USBD_GetString) for USBD_GetString
    usbd_desc.o(i.USBD_FS_ManufacturerStrDescriptor) refers to usbd_desc.o(.bss) for .bss
    usbd_desc.o(i.USBD_FS_ProductStrDescriptor) refers to usbd_ctlreq.o(i.USBD_GetString) for USBD_GetString
    usbd_desc.o(i.USBD_FS_ProductStrDescriptor) refers to usbd_desc.o(.bss) for .bss
    usbd_desc.o(i.USBD_FS_SerialStrDescriptor) refers to usbd_desc.o(i.IntToUnicode) for IntToUnicode
[...]
    i.Error_Handler                          0x0800085a   Section        0  main.o(i.Error_Handler)
    i.FLASH_Erase_Sector                     0x08000860   Section        0  stm32f4xx_hal_flash_ex.o(i.FLASH_Erase_Sector)
    i.FLASH_FlushCaches                      0x080008b0   Section        0  stm32f4xx_hal_flash_ex.o(i.FLASH_FlushCaches)
    i.FLASH_MassErase                        0x08000904   Section        0  stm32f4xx_hal_flash_ex.o(i.FLASH_MassErase)
    FLASH_MassErase                          0x08000905   Thumb Code    34  stm32f4xx_hal_flash_ex.o(i.FLASH_MassErase)
    i.FLASH_Program_Byte                     0x0800092c   Section        0  stm32f4xx_hal_flash.o(i.FLASH_Program_Byte)
    FLASH_Program_Byte                       0x0800092d   Thumb Code    26  stm32f4xx_hal_flash.o(i.FLASH_Program_Byte)
    i.FLASH_Program_DoubleWord               0x0800094c   Section        0  stm32f4xx_hal_flash.o(i.FLASH_Program_DoubleWord)
    FLASH_Program_DoubleWord                 0x0800094d   Thumb Code    38  stm32f4xx_hal_flash.o(i.FLASH_Program_DoubleWord)
    i.FLASH_Program_HalfWord                 0x08000978   Section        0  stm32f4xx_hal_flash.o(i.FLASH_Program_HalfWord)
    FLASH_Program_HalfWord                   0x08000979   Thumb Code    30  stm32f4xx_hal_flash.o(i.FLASH_Program_HalfWord)
    i.FLASH_Program_Word                     0x0800099c   Section        0  stm32f4xx_hal_flash.o(i.FLASH_Program_Word)
    FLASH_Program_Word                       0x0800099d   Thumb Code    30  stm32f4xx_hal_flash.o(i.FLASH_Program_Word)
    i.FLASH_SetErrorCode                     0x080009c0   Section        0  stm32f4xx_hal_flash.o(i.FLASH_SetErrorCode)
    FLASH_SetErrorCode                       0x080009c1   Thumb Code    96  stm32f4xx_hal_flash.o(i.FLASH_SetErrorCode)
    i.FLASH_WaitForLastOperation             0x08000a28   Section        0  stm32f4xx_hal_flash.o(i.FLASH_WaitForLastOperation)
    i.HAL_Delay                              0x08000a78   Section        0  stm32f4xx_hal.o(i.HAL_Delay)
    i.HAL_FLASHEx_Erase                      0x08000a9c   Section        0  stm32f4xx_hal_flash_ex.o(i.HAL_FLASHEx_Erase)
    i.HAL_FLASH_Lock                         0x08000b34   Section        0  stm32f4xx_hal_flash.o(i.HAL_FLASH_Lock)
    i.HAL_FLASH_Program                      0x08000b48   Section        0  stm32f4xx_hal_flash.o(i.HAL_FLASH_Program)
    i.HAL_FLASH_Unlock                       0x08000bc4   Section        0  stm32f4xx_hal_flash.o(i.HAL_FLASH_Unlock)
    i.HAL_GPIO_Init                          0x08000bf0   Section        0  stm32f4xx_hal_gpio.o(i.HAL_GPIO_Init)
    i.HAL_GPIO_WritePin                      0x08000de0   Section        0  stm32f4xx_hal_gpio.o(i.HAL_GPIO_WritePin)
    i.HAL_GetTick                            0x08000dec   Section        0  stm32f4xx_hal.o(i.HAL_GetTick)
    i.HAL_IncTick                            0x08000df8   Section        0  stm32f4xx_hal.o(i.HAL_IncTick)
    i.HAL_Init                               0x08000e08   Section        0  stm32f4xx_hal.o(i.HAL_Init)
    i.HAL_InitTick                           0x08000e3c   Section        0  stm32f4xx_hal.o(i.HAL_InitTick)
    i.HAL_MspInit                            0x08000e7c   Section        0  stm32f4xx_hal_msp.o(i.HAL_MspInit)
    i.HAL_NVIC_EnableIRQ                     0x08000eac   Section        0  stm32f4xx_hal_cortex.o(i.HAL_NVIC_EnableIRQ)
    i.HAL_NVIC_SetPriority                   0x08000ec8   Section        0  stm32f4xx_hal_cortex.o(i.HAL_NVIC_SetPriority)
    i.HAL_NVIC_SetPriorityGrouping           0x08000f08   Section        0  stm32f4xx_hal_cortex.o(i.HAL_NVIC_SetPriorityGrouping)
    i.HAL_PCDEx_LPM_Callback                 0x08000f2c   Section        0  stm32f4xx_hal_pcd_ex.o(i.HAL_PCDEx_LPM_Callback)
    i.HAL_PCDEx_SetRxFiFo                    0x08000f2e   Section        0  stm32f4xx_hal_pcd_ex.o(i.HAL_PCDEx_SetRxFiFo)
    i.HAL_PCDEx_SetTxFiFo                    0x08000f36   Section        0  stm32f4xx_hal_pcd_ex.o(i.HAL_PCDEx_SetTxFiFo)
    i.HAL_PCD_ConnectCallback                0x08000f7a   Section        0  usbd_conf.o(i.HAL_PCD_ConnectCallback)
    i.HAL_PCD_DataInStageCallback            0x08000f82   Section        0  usbd_conf.o(i.HAL_PCD_DataInStageCallback)
    i.HAL_PCD_DataOutStageCallback           0x08000f94   Section        0  usbd_conf.o(i.HAL_PCD_DataOutStageCallback)
    i.HAL_PCD_DisconnectCallback             0x08000fa8   Section        0  usbd_conf.o(i.HAL_PCD_DisconnectCallback)
    i.HAL_PCD_EP_Close                       0x08000fb0   Section        0  stm32f4xx_hal_pcd.o(i.HAL_PCD_EP_Close)
    i.HAL_PCD_EP_ClrStall                    0x08000ffc   Section        0  stm32f4xx_hal_pcd.o(i.HAL_PCD_EP_ClrStall)
    i.HAL_PCD_EP_GetRxCount                  0x08001058   Section        0  stm32f4xx_hal_pcd.o(i.HAL_PCD_EP_GetRxCount)
    i.HAL_PCD_EP_Open                        0x0800106a   Section        0  stm32f4xx_hal_pcd.o(i.HAL_PCD_EP_Open)
    i.HAL_PCD_EP_Receive                     0x080010ca   Section        0  stm32f4xx_hal_pcd.o(i.HAL_PCD_EP_Receive)
    i.HAL_PCD_EP_SetStall                    0x08001112   Section        0  stm32f4xx_hal_pcd.o(i.HAL_PCD_EP_SetStall)
    i.HAL_PCD_EP_Transmit                    0x08001186   Section        0  stm32f4xx_hal_pcd.o(i.HAL_PCD_EP_Transmit)
    i.HAL_PCD_IRQHandler                     0x080011c8   Section        0  stm32f4xx_hal_pcd.o(i.HAL_PCD_IRQHandler)
    i.HAL_PCD_ISOINIncompleteCallback        0x080015fc   Section        0  usbd_conf.o(i.HAL_PCD_ISOINIncompleteCallback)
    i.HAL_PCD_ISOOUTIncompleteCallback       0x08001604   Section        0  usbd_conf.o(i.HAL_PCD_ISOOUTIncompleteCallback)
    i.HAL_PCD_Init                           0x0800160c   Section        0  stm32f4xx_hal_pcd.o(i.HAL_PCD_Init)
    i.HAL_PCD_MspInit                        0x080016f0   Section        0  usbd_conf.o(i.HAL_PCD_MspInit)
    i.HAL_PCD_ResetCallback                  0x08001774   Section        0  usbd_conf.o(i.HAL_PCD_ResetCallback)
    i.HAL_PCD_ResumeCallback                 0x080017a0   Section        0  usbd_conf.o(i.HAL_PCD_ResumeCallback)
    i.HAL_PCD_SOFCallback                    0x080017a8   Section        0  usbd_conf.o(i.HAL_PCD_SOFCallback)
    i.HAL_PCD_SetAddress                     0x080017b0   Section        0  stm32f4xx_hal_pcd.o(i.HAL_PCD_SetAddress)
    i.HAL_PCD_SetupStageCallback             0x080017d8   Section        0  usbd_conf.o(i.HAL_PCD_SetupStageCallback)
    i.HAL_PCD_Start                          0x080017e6   Section        0  stm32f4xx_hal_pcd.o(i.HAL_PCD_Start)
    i.HAL_PCD_SuspendCallback                0x08001828   Section        0  usbd_conf.o(i.HAL_PCD_SuspendCallback)
    i.HAL_RCC_ClockConfig                    0x08001858   Section        0  stm32f4xx_hal_rcc.o(i.HAL_RCC_ClockConfig)
    i.HAL_RCC_GetHCLKFreq                    0x0800198c   Section        0  stm32f4xx_hal_rcc.o(i.HAL_RCC_GetHCLKFreq)
    i.HAL_RCC_GetSysClockFreq                0x08001998   Section        0  stm32f4xx_hal_rcc.o(i.HAL_RCC_GetSysClockFreq)
    i.HAL_RCC_OscConfig                      0x080019f8   Section        0  stm32f4xx_hal_rcc.o(i.HAL_RCC_OscConfig)
    i.HAL_SYSTICK_Config                     0x08001d64   Section        0  stm32f4xx_hal_cortex.o(i.HAL_SYSTICK_Config)
    i.HardFault_Handler                      0x08001d8c   Section        0  stm32f4xx_it.o(i.HardFault_Handler)
    i.IntToUnicode                           0x08001d90   Section        0  usbd_desc.o(i.IntToUnicode)
    IntToUnicode                             0x08001d91   Thumb Code    56  usbd_desc.o(i.IntToUnicode)
    i.MX_GPIO_Init                           0x08001dc8   Section        0  gpio.o(i.MX_GPIO_Init)
    i.MX_USB_DEVICE_Init                     0x08001e38   Section        0  usb_device.o(i.MX_USB_DEVICE_Init)
    i.MemManage_Handler                      0x08001e8c   Section        0  stm32f4xx_it.o(i.MemManage_Handler)
    i.NMI_Handler                            0x08001e8e   Section        0  stm32f4xx_it.o(i.NMI_Handler)
    i.OTG_FS_IRQHandler                      0x08001e90   Section        0  stm32f4xx_it.o(i.OTG_FS_IRQHandler)
    i.PCD_EP_OutXfrComplete_int              0x08001e9c   Section        0  stm32f4xx_hal_pcd.o(i.PCD_EP_OutXfrComplete_int)
    PCD_EP_OutXfrComplete_int                0x08001e9d   Thumb Code   196  stm32f4xx_hal_pcd.o(i.PCD_EP_OutXfrComplete_int)
    i.PCD_WriteEmptyTxFifo                   0x08001f68   Section        0  stm32f4xx_hal_pcd.o(i.PCD_WriteEmptyTxFifo)
    PCD_WriteEmptyTxFifo                     0x08001f69   Thumb Code   162  stm32f4xx_hal_pcd.o(i.PCD_WriteEmptyTxFifo)
    i.PendSV_Handler                         0x0800200a   Section        0  stm32f4xx_it.o(i.PendSV_Handler)
    i.STMFLASH_GetFlashSector                0x0800200c   Section        0  stmflash.o(i.STMFLASH_GetFlashSector)
    i.STMFLASH_Write                         0x080020ac   Section        0  stmflash.o(i.STMFLASH_Write)
    i.SVC_Handler                            0x08002144   Section        0  stm32f4xx_it.o(i.SVC_Handler)
    i.SWAPBYTE                               0x08002146   Section        0  usbd_ctlreq.o(i.SWAPBYTE)
    SWAPBYTE                                 0x08002147   Thumb Code    10  usbd_ctlreq.o(i.SWAPBYTE)
    i.SysTick_Handler                        0x08002150   Section        0  stm32f4xx_it.o(i.SysTick_Handler)
    i.SystemClock_Config                     0x08002154   Section        0  main.o(i.SystemClock_Config)
    i.SystemInit                             0x080021e8   Section        0  system_stm32f4xx.o(i.SystemInit)
    i.USBD_CDC_DataIn                        0x080021f8   Section        0  usbd_cdc.o(i.USBD_CDC_DataIn)
    USBD_CDC_DataIn                          0x080021f9   Thumb Code    98  usbd_cdc.o(i.USBD_CDC_DataIn)
    i.USBD_CDC_DataOut                       0x0800225a   Section        0  usbd_cdc.o(i.USBD_CDC_DataOut)
    USBD_CDC_DataOut                         0x0800225b   Thumb Code    42  usbd_cdc.o(i.USBD_CDC_DataOut)
    i.USBD_CDC_DeInit                        0x08002284   Section        0  usbd_cdc.o(i.USBD_CDC_DeInit)
    USBD_CDC_DeInit                          0x08002285   Thumb Code    72  usbd_cdc.o(i.USBD_CDC_DeInit)
    i.USBD_CDC_EP0_RxReady                   0x080022cc   Section        0  usbd_cdc.o(i.USBD_CDC_EP0_RxReady)
    USBD_CDC_EP0_RxReady                     0x080022cd   Thumb Code    46  usbd_cdc.o(i.USBD_CDC_EP0_RxReady)
    i.USBD_CDC_GetDeviceQualifierDescriptor  0x080022fc   Section        0  usbd_cdc.o(i.USBD_CDC_GetDeviceQualifierDescriptor)
    i.USBD_CDC_GetFSCfgDesc                  0x08002308   Section        0  usbd_cdc.o(i.USBD_CDC_GetFSCfgDesc)
    USBD_CDC_GetFSCfgDesc                    0x08002309   Thumb Code     8  usbd_cdc.o(i.USBD_CDC_GetFSCfgDesc)
    i.USBD_CDC_GetHSCfgDesc                  0x08002314   Section        0  usbd_cdc.o(i.USBD_CDC_GetHSCfgDesc)
    USBD_CDC_GetHSCfgDesc                    0x08002315   Thumb Code     8  usbd_cdc.o(i.USBD_CDC_GetHSCfgDesc)
    i.USBD_CDC_GetOtherSpeedCfgDesc          0x08002320   Section        0  usbd_cdc.o(i.USBD_CDC_GetOtherSpeedCfgDesc)
    USBD_CDC_GetOtherSpeedCfgDesc            0x08002321   Thumb Code     8  usbd_cdc.o(i.USBD_CDC_GetOtherSpeedCfgDesc)
    i.USBD_CDC_Init                          0x0800232c   Section        0  usbd_cdc.o(i.USBD_CDC_Init)
    USBD_CDC_Init                            0x0800232d   Thumb Code   162  usbd_cdc.o(i.USBD_CDC_Init)
    i.USBD_CDC_ReceivePacket                 0x080023ce   Section        0  usbd_cdc.o(i.USBD_CDC_ReceivePacket)
    i.USBD_CDC_RegisterInterface             0x080023f6   Section        0  usbd_cdc.o(i.USBD_CDC_RegisterInterface)
    i.USBD_CDC_SetRxBuffer                   0x08002404   Section        0  usbd_cdc.o(i.USBD_CDC_SetRxBuffer)
    i.USBD_CDC_SetTxBuffer                   0x08002416   Section        0  usbd_cdc.o(i.USBD_CDC_SetTxBuffer)
    i.USBD_CDC_Setup                         0x0800242c   Section        0  usbd_cdc.o(i.USBD_CDC_Setup)
    USBD_CDC_Setup                           0x0800242d   Thumb Code   190  usbd_cdc.o(i.USBD_CDC_Setup)
    i.USBD_CDC_TransmitPacket                0x080024ea   Section        0  usbd_cdc.o(i.USBD_CDC_TransmitPacket)
    i.USBD_ClrClassConfig                    0x08002520   Section        0  usbd_core.o(i.USBD_ClrClassConfig)
    i.USBD_CtlContinueRx                     0x08002530   Section        0  usbd_ioreq.o(i.USBD_CtlContinueRx)
    i.USBD_CtlContinueSendData               0x08002540   Section        0  usbd_ioreq.o(i.USBD_CtlContinueSendData)
    i.USBD_CtlError                          0x08002550   Section        0  usbd_ctlreq.o(i.USBD_CtlError)
    i.USBD_CtlPrepareRx                      0x08002566   Section        0  usbd_ioreq.o(i.USBD_CtlPrepareRx)
    i.USBD_CtlReceiveStatus                  0x08002584   Section        0  usbd_ioreq.o(i.USBD_CtlReceiveStatus)
    i.USBD_CtlSendData                       0x0800259a   Section        0  usbd_ioreq.o(i.USBD_CtlSendData)
    i.USBD_CtlSendStatus                     0x080025b4   Section        0  usbd_ioreq.o(i.USBD_CtlSendStatus)
    i.USBD_FS_ConfigStrDescriptor            0x080025cc   Section        0  usbd_desc.o(i.USBD_FS_ConfigStrDescriptor)
    i.USBD_FS_DeviceDescriptor               0x080025ec   Section        0  usbd_desc.o(i.USBD_FS_DeviceDescriptor)
    i.USBD_FS_InterfaceStrDescriptor         0x080025f8   Section        0  usbd_desc.o(i.USBD_FS_InterfaceStrDescriptor)
    i.USBD_FS_LangIDStrDescriptor            0x0800261c   Section        0  usbd_desc.o(i.USBD_FS_LangIDStrDescriptor)
    i.USBD_FS_ManufacturerStrDescriptor      0x08002628   Section        0  usbd_desc.o(i.USBD_FS_ManufacturerStrDescriptor)
    i.USBD_FS_ProductStrDescriptor           0x08002650   Section        0  usbd_desc.o(i.USBD_FS_ProductStrDescriptor)
    i.USBD_FS_SerialStrDescriptor            0x0800267c   Section        0  usbd_desc.o(i.USBD_FS_SerialStrDescriptor)
    i.USBD_GetDescriptor                     0x080026b4   Section        0  usbd_ctlreq.o(i.USBD_GetDescriptor)
    USBD_GetDescriptor                       0x080026b5   Thumb Code   230  usbd_ctlreq.o(i.USBD_GetDescriptor)
    i.USBD_GetString                         0x0800279a   Section        0  usbd_ctlreq.o(i.USBD_GetString)
    i.USBD_Get_USB_Status                    0x080027e2   Section        0  usbd_conf.o(i.USBD_Get_USB_Status)
    i.USBD_Init                              0x080027fa   Section        0  usbd_core.o(i.USBD_Init)
    i.USBD_LL_ClearStallEP                   0x08002820   Section        0  usbd_conf.o(i.USBD_LL_ClearStallEP)
    i.USBD_LL_CloseEP                        0x08002832   Section        0  usbd_conf.o(i.USBD_LL_CloseEP)
    i.USBD_LL_DataInStage                    0x08002844   Section        0  usbd_core.o(i.USBD_LL_DataInStage)
    i.USBD_LL_DataOutStage                   0x080028ec   Section        0  usbd_core.o(i.USBD_LL_DataOutStage)
    i.USBD_LL_DevConnected                   0x08002958   Section        0  usbd_core.o(i.USBD_LL_DevConnected)
    i.USBD_LL_DevDisconnected                0x0800295c   Section        0  usbd_core.o(i.USBD_LL_DevDisconnected)
    i.USBD_LL_GetRxDataSize                  0x08002974   Section        0  usbd_conf.o(i.USBD_LL_GetRxDataSize)
    i.USBD_LL_Init                           0x0800297c   Section        0  usbd_conf.o(i.USBD_LL_Init)
    i.USBD_LL_IsStallEP                      0x080029dc   Section        0  usbd_conf.o(i.USBD_LL_IsStallEP)
    i.USBD_LL_IsoINIncomplete                0x080029fc   Section        0  usbd_core.o(i.USBD_LL_IsoINIncomplete)
    i.USBD_LL_IsoOUTIncomplete               0x08002a1c   Section        0  usbd_core.o(i.USBD_LL_IsoOUTIncomplete)
    i.USBD_LL_OpenEP                         0x08002a3c   Section        0  usbd_conf.o(i.USBD_LL_OpenEP)
    i.USBD_LL_PrepareReceive                 0x08002a54   Section        0  usbd_conf.o(i.USBD_LL_PrepareReceive)
    i.USBD_LL_Reset                          0x08002a66   Section        0  usbd_core.o(i.USBD_LL_Reset)
    i.USBD_LL_Resume                         0x08002ac0   Section        0  usbd_core.o(i.USBD_LL_Resume)
    i.USBD_LL_SOF                            0x08002ad4   Section        0  usbd_core.o(i.USBD_LL_SOF)
    i.USBD_LL_SetSpeed                       0x08002af4   Section        0  usbd_core.o(i.USBD_LL_SetSpeed)
    i.USBD_LL_SetUSBAddress                  0x08002afa   Section        0  usbd_conf.o(i.USBD_LL_SetUSBAddress)
    i.USBD_LL_SetupStage                     0x08002b0c   Section        0  usbd_core.o(i.USBD_LL_SetupStage)
    i.USBD_LL_StallEP                        0x08002b6c   Section        0  usbd_conf.o(i.USBD_LL_StallEP)
    i.USBD_LL_Start                          0x08002b7e   Section        0  usbd_conf.o(i.USBD_LL_Start)
    i.USBD_LL_Suspend                        0x08002b90   Section        0  usbd_core.o(i.USBD_LL_Suspend)
    i.USBD_LL_Transmit                       0x08002ba2   Section        0  usbd_conf.o(i.USBD_LL_Transmit)
    i.USBD_ParseSetupRequest                 0x08002bb4   Section        0  usbd_ctlreq.o(i.USBD_ParseSetupRequest)
    i.USBD_RegisterClass                     0x08002be0   Section        0  usbd_core.o(i.USBD_RegisterClass)
    i.USBD_SetClassConfig                    0x08002c04   Section        0  usbd_core.o(i.USBD_SetClassConfig)
    i.USBD_SetConfig                         0x08002c18   Section        0  usbd_ctlreq.o(i.USBD_SetConfig)
    USBD_SetConfig                           0x08002c19   Thumb Code   182  usbd_ctlreq.o(i.USBD_SetConfig)
    i.USBD_Start                             0x08002cd4   Section        0  usbd_core.o(i.USBD_Start)
    i.USBD_StdDevReq                         0x08002cd8   Section        0  usbd_ctlreq.o(i.USBD_StdDevReq)
    i.USBD_StdEPReq                          0x08002dec   Section        0  usbd_ctlreq.o(i.USBD_StdEPReq)
    i.USBD_StdItfReq                         0x08002f2c   Section        0  usbd_ctlreq.o(i.USBD_StdItfReq)
    i.USBD_static_free                       0x08002f7e   Section        0  usbd_conf.o(i.USBD_static_free)
    i.USBD_static_malloc                     0x08002f80   Section        0  usbd_conf.o(i.USBD_static_malloc)
    i.USB_ActivateEndpoint                   0x08002f88   Section        0  stm32f4xx_ll_usb.o(i.USB_ActivateEndpoint)
    i.USB_ActivateSetup                      0x08003008   Section        0  stm32f4xx_ll_usb.o(i.USB_ActivateSetup)
    i.USB_CoreInit                           0x08003024   Section        0  stm32f4xx_ll_usb.o(i.USB_CoreInit)
    i.USB_CoreReset                          0x08003098   Section        0  stm32f4xx_ll_usb.o(i.USB_CoreReset)
    USB_CoreReset                            0x08003099   Thumb Code    58  stm32f4xx_ll_usb.o(i.USB_CoreReset)
    i.USB_DeactivateEndpoint                 0x080030d8   Section        0  stm32f4xx_ll_usb.o(i.USB_DeactivateEndpoint)
    i.USB_DevConnect                         0x080031a4   Section        0  stm32f4xx_ll_usb.o(i.USB_DevConnect)
    i.USB_DevDisconnect                      0x080031c0   Section        0  stm32f4xx_ll_usb.o(i.USB_DevDisconnect)
    i.USB_DevInit                            0x080031dc   Section        0  stm32f4xx_ll_usb.o(i.USB_DevInit)
    i.USB_DisableGlobalInt                   0x08003350   Section        0  stm32f4xx_ll_usb.o(i.USB_DisableGlobalInt)
    i.USB_EP0StartXfer                       0x0800335c   Section        0  stm32f4xx_ll_usb.o(i.USB_EP0StartXfer)
    i.USB_EP0_OutStart                       0x08003474   Section        0  stm32f4xx_ll_usb.o(i.USB_EP0_OutStart)
    i.USB_EPClearStall                       0x080034cc   Section        0  stm32f4xx_ll_usb.o(i.USB_EPClearStall)
    i.USB_EPSetStall                         0x08003524   Section        0  stm32f4xx_ll_usb.o(i.USB_EPSetStall)
    i.USB_EPStartXfer                        0x0800357c   Section        0  stm32f4xx_ll_usb.o(i.USB_EPStartXfer)
    i.USB_EnableGlobalInt                    0x08003764   Section        0  stm32f4xx_ll_usb.o(i.USB_EnableGlobalInt)
    i.USB_FlushRxFifo                        0x08003770   Section        0  stm32f4xx_ll_usb.o(i.USB_FlushRxFifo)
    i.USB_FlushTxFifo                        0x08003798   Section        0  stm32f4xx_ll_usb.o(i.USB_FlushTxFifo)
    i.USB_GetDevSpeed                        0x080037c4   Section        0  stm32f4xx_ll_usb.o(i.USB_GetDevSpeed)
    i.USB_GetMode                            0x080037de   Section        0  stm32f4xx_ll_usb.o(i.USB_GetMode)
    i.USB_ReadDevAllInEpInterrupt            0x080037e6   Section        0  stm32f4xx_ll_usb.o(i.USB_ReadDevAllInEpInterrupt)
    i.USB_ReadDevAllOutEpInterrupt           0x080037f4   Section        0  stm32f4xx_ll_usb.o(i.USB_ReadDevAllOutEpInterrupt)
    i.USB_ReadDevInEPInterrupt               0x08003802   Section        0  stm32f4xx_ll_usb.o(i.USB_ReadDevInEPInterrupt)
    i.USB_ReadDevOutEPInterrupt              0x08003826   Section        0  stm32f4xx_ll_usb.o(i.USB_ReadDevOutEPInterrupt)
    i.USB_ReadInterrupts                     0x08003836   Section        0  stm32f4xx_ll_usb.o(i.USB_ReadInterrupts)
    i.USB_ReadPacket                         0x0800383e   Section        0  stm32f4xx_ll_usb.o(i.USB_ReadPacket)
    i.USB_SetCurrentMode                     0x0800387c   Section        0  stm32f4xx_ll_usb.o(i.USB_SetCurrentMode)
    i.USB_SetDevAddress                      0x080038d8   Section        0  stm32f4xx_ll_usb.o(i.USB_SetDevAddress)
    i.USB_SetTurnaroundTime                  0x080038fc   Section        0  stm32f4xx_ll_usb.o(i.USB_SetTurnaroundTime)
    i.USB_WritePacket                        0x080039e4   Section        0  stm32f4xx_ll_usb.o(i.USB_WritePacket)
    i.UsageFault_Handler                     0x08003a0c   Section        0  stm32f4xx_it.o(i.UsageFault_Handler)
    i.__0vsnprintf                           0x08003a10   Section        0  printfa.o(i.__0vsnprintf)
    i.__NVIC_SetPriority                     0x08003a3c   Section        0  stm32f4xx_hal_cortex.o(i.__NVIC_SetPriority)
    __NVIC_SetPriority                       0x08003a3d   Thumb Code    32  stm32f4xx_hal_cortex.o(i.__NVIC_SetPriority)
    i.__scatterload_copy                     0x08003a5c   Section       14  handlers.o(i.__scatterload_copy)
    i.__scatterload_null                     0x08003a6a   Section        2  handlers.o(i.__scatterload_null)
    i.__scatterload_zeroinit                 0x08003a6c   Section       14  handlers.o(i.__scatterload_zeroinit)
    i._fp_digits                             0x08003a7c   Section        0  printfa.o(i._fp_digits)
    _fp_digits                               0x08003a7d   Thumb Code   366  printfa.o(i._fp_digits)
    i._printf_core                           0x08003c00   Section        0  printfa.o(i._printf_core)
    _printf_core                             0x08003c01   Thumb Code  1744  printfa.o(i._printf_core)
    i._printf_post_padding                   0x080042dc   Section        0  printfa.o(i._printf_post_padding)
    _printf_post_padding                     0x080042dd   Thumb Code    36  printfa.o(i._printf_post_padding)
    i._printf_pre_padding                    0x08004300   Section        0  printfa.o(i._printf_pre_padding)
    _printf_pre_padding                      0x08004301   Thumb Code    46  printfa.o(i._printf_pre_padding)
    i._snputc                                0x0800432e   Section        0  printfa.o(i._snputc)
    _snputc                                  0x0800432f   Thumb Code    22  printfa.o(i._snputc)
    i.iap_load_app                           0x08004344   Section        0  iap.o(i.iap_load_app)
    i.iap_write_appbin                       0x08004370   Section        0  iap.o(i.iap_write_appbin)
    i.main                                   0x080043dc   Section        0  main.o(i.main)
    i.usb_printf                             0x0800453c   Section        0  usbd_cdc_if.o(i.usb_printf)
    .constdata                               0x08004560   Section       16  system_stm32f4xx.o(.constdata)
    .data                                    0x10000000   Section        4  main.o(.data)
    .data                                    0x10000004   Section       28  usbd_desc.o(.data)
    .data                                    0x10000020   Section       50  usbd_desc.o(.data)
    .data                                    0x10000054   Section       20  usbd_cdc_if.o(.data)
    .data                                    0x10000068   Section       12  stm32f4xx_hal.o(.data)
    .data                                    0x10000074   Section        4  system_stm32f4xx.o(.data)
    .data                                    0x10000078   Section        1  usbd_ctlreq.o(.data)
    cfgidx                                   0x10000078   Data           1  usbd_ctlreq.o(.data)
    .data                                    0x1000007c   Section      215  usbd_cdc.o(.data)
    USBD_CDC_DeviceQualifierDesc             0x1000007c   Data          10  usbd_cdc.o(.data)
    USBD_CDC_CfgHSDesc                       0x10000088   Data          67  usbd_cdc.o(.data)
    USBD_CDC_CfgFSDesc                       0x100000cc   Data          67  usbd_cdc.o(.data)
    USBD_CDC_OtherSpeedCfgDesc               0x10000110   Data          67  usbd_cdc.o(.data)
    .data                                    0x10000154   Section       56  usbd_cdc.o(.data)
    .data                                    0x1000018c   Section        4  iap.o(.data)
    .bss                                     0x10000190   Section      720  usb_device.o(.bss)
    .bss                                     0x10000460   Section      512  usbd_desc.o(.bss)
    .bss                                     0x10000660   Section     4096  usbd_cdc_if.o(.bss)
    .bss                                     0x10001660   Section     1576  usbd_conf.o(.bss)
    mem                                      0x10001660   Data         544  usbd_conf.o(.bss)
    .bss                                     0x10001c88   Section       32  stm32f4xx_hal_flash.o(.bss)
    .bss                                     0x10001ca8   Section     2048  iap.o(.bss)
    STACK                                    0x100024a8   Section     2048  startup_stm32f407xx.o(STACK)
    .bss                                     0x20000000   Section    122880  main.o(.bss)

    Global Symbols

    Symbol Name                              Value     Ov Type        Size  Object(Section)

    BuildAttributes$$THM_ISAv4$E$P$D$K$B$S$7EM$VFPi3$EXTD16$VFPS$VFMA$PE$A:L22UL41UL21$X:L11$S22US41US21$IEEE1$IW$USESV6$~STKCKD$USESV7$~SHL$OSPACE$ROPI$EBA8$MICROLIB$REQ8$PRES8$EABIv2 0x00000000   Number         0  anon$$obj.o ABSOLUTE
    __ARM_use_no_argv                        0x00000000   Number         0  main.o ABSOLUTE
    __cpp_initialize__aeabi_                  - Undefined Weak Reference
    __cxa_finalize                            - Undefined Weak Reference
    _clock_init                               - Undefined Weak Reference
    _microlib_exit                            - Undefined Weak Reference
    __Vectors_Size                           0x00000188   Number         0  startup_stm32f407xx.o ABSOLUTE
    __Vectors                                0x08000000   Data           4  startup_stm32f407xx.o(RESET)
    __Vectors_End                            0x08000188   Data           0  startup_stm32f407xx.o(RESET)
    __main                                   0x08000189   Thumb Code     0  entry.o(.ARM.Collect$$$$00000000)
    _main_stk                                0x08000189   Thumb Code     0  entry2.o(.ARM.Collect$$$$00000001)
    _main_scatterload                        0x0800018d   Thumb Code     0  entry5.o(.ARM.Collect$$$$00000004)
    __main_after_scatterload                 0x08000191   Thumb Code     0  entry5.o(.ARM.Collect$$$$00000004)
    _main_clock                              0x08000191   Thumb Code     0  entry7b.o(.ARM.Collect$$$$00000008)
    _main_cpp_init                           0x08000191   Thumb Code     0  entry8b.o(.ARM.Collect$$$$0000000A)
    _main_init                               0x08000191   Thumb Code     0  entry9a.o(.ARM.Collect$$$$0000000B)
    __rt_final_cpp                           0x08000199   Thumb Code     0  entry10a.o(.ARM.Collect$$$$0000000D)
    __rt_final_exit                          0x08000199   Thumb Code     0  entry11a.o(.ARM.Collect$$$$0000000F)
    WFI_SET                                  0x0800019d   Thumb Code     2  user.o(.emb_text)
    INTX_DISABLE                             0x0800019f   Thumb Code     4  user.o(.emb_text)
    INTX_ENABLE                              0x080001a3   Thumb Code     4  user.o(.emb_text)
    MSR_MSP                                  0x080001a7   Thumb Code     6  user.o(.emb_text)
    Reset_Handler                            0x080001ad   Thumb Code     8  startup_stm32f407xx.o(.text)
    ADC_IRQHandler                           0x080001c7   Thumb Code     0  startup_stm32f407xx.o(.text)
    CAN1_RX0_IRQHandler                      0x080001c7   Thumb Code     0  startup_stm32f407xx.o(.text)
    CAN1_RX1_IRQHandler                      0x080001c7   Thumb Code     0  startup_stm32f407xx.o(.text)
    CAN1_SCE_IRQHandler                      0x080001c7   Thumb Code     0  startup_stm32f407xx.o(.text)
    CAN1_TX_IRQHandler                       0x080001c7   Thumb Code     0  startup_stm32f407xx.o(.text)
    CAN2_RX0_IRQHandler                      0x080001c7   Thumb Code     0  startup_stm32f407xx.o(.text)
    CAN2_RX1_IRQHandler                      0x080001c7   Thumb Code     0  startup_stm32f407xx.o(.text)
    CAN2_SCE_IRQHandler                      0x080001c7   Thumb Code     0  startup_stm32f407xx.o(.text)
    CAN2_TX_IRQHandler                       0x080001c7   Thumb Code     0  startup_stm32f407xx.o(.text)
    DCMI_IRQHandler                          0x080001c7   Thumb Code     0  startup_stm32f407xx.o(.text)
    DMA1_Stream0_IRQHandler                  0x080001c7   Thumb Code     0  startup_stm32f407xx.o(.text)
    DMA1_Stream1_IRQHandler                  0x080001c7   Thumb Code     0  startup_stm32f407xx.o(.text)
    DMA1_Stream2_IRQHandler                  0x080001c7   Thumb Code     0  startup_stm32f407xx.o(.text)
    DMA1_Stream3_IRQHandler                  0x080001c7   Thumb Code     0  startup_stm32f407xx.o(.text)
    DMA1_Stream4_IRQHandler                  0x080001c7   Thumb Code     0  startup_stm32f407xx.o(.text)
    DMA1_Stream5_IRQHandler                  0x080001c7   Thumb Code     0  startup_stm32f407xx.o(.text)
    DMA1_Stream6_IRQHandler                  0x080001c7   Thumb Code     0  startup_stm32f407xx.o(.text)
    DMA1_Stream7_IRQHandler                  0x080001c7   Thumb Code     0  startup_stm32f407xx.o(.text)
    DMA2_Stream0_IRQHandler                  0x080001c7   Thumb Code     0  startup_stm32f407xx.o(.text)
    DMA2_Stream1_IRQHandler                  0x080001c7   Thumb Code     0  startup_stm32f407xx.o(.text)
    DMA2_Stream2_IRQHandler                  0x080001c7   Thumb Code     0  startup_stm32f407xx.o(.text)
    DMA2_Stream3_IRQHandler                  0x080001c7   Thumb Code     0  startup_stm32f407xx.o(.text)
    DMA2_Stream4_IRQHandler                  0x080001c7   Thumb Code     0  startup_stm32f407xx.o(.text)
    DMA2_Stream5_IRQHandler                  0x080001c7   Thumb Code     0  startup_stm32f407xx.o(.text)
    DMA2_Stream6_IRQHandler                  0x080001c7   Thumb Code     0  startup_stm32f407xx.o(.text)
    DMA2_Stream7_IRQHandler                  0x080001c7   Thumb Code     0  startup_stm32f407xx.o(.text)
    ETH_IRQHandler                           0x080001c7   Thumb Code     0  startup_stm32f407xx.o(.text)
    ETH_WKUP_IRQHandler                      0x080001c7   Thumb Code     0  startup_stm32f407xx.o(.text)
    EXTI0_IRQHandler                         0x080001c7   Thumb Code     0  startup_stm32f407xx.o(.text)
    EXTI15_10_IRQHandler                     0x080001c7   Thumb Code     0  startup_stm32f407xx.o(.text)
    EXTI1_IRQHandler                         0x080001c7   Thumb Code     0  startup_stm32f407xx.o(.text)
    EXTI2_IRQHandler                         0x080001c7   Thumb Code     0  startup_stm32f407xx.o(.text)
    EXTI3_IRQHandler                         0x080001c7   Thumb Code     0  startup_stm32f407xx.o(.text)
    EXTI4_IRQHandler                         0x080001c7   Thumb Code     0  startup_stm32f407xx.o(.text)
    EXTI9_5_IRQHandler                       0x080001c7   Thumb Code     0  startup_stm32f407xx.o(.text)
    FLASH_IRQHandler                         0x080001c7   Thumb Code     0  startup_stm32f407xx.o(.text)
    FMC_IRQHandler                           0x080001c7   Thumb Code     0  startup_stm32f407xx.o(.text)
    FPU_IRQHandler                           0x080001c7   Thumb Code     0  startup_stm32f407xx.o(.text)
    HASH_RNG_IRQHandler                      0x080001c7   Thumb Code     0  startup_stm32f407xx.o(.text)
    I2C1_ER_IRQHandler                       0x080001c7   Thumb Code     0  startup_stm32f407xx.o(.text)
    I2C1_EV_IRQHandler                       0x080001c7   Thumb Code     0  startup_stm32f407xx.o(.text)
    I2C2_ER_IRQHandler                       0x080001c7   Thumb Code     0  startup_stm32f407xx.o(.text)
    I2C2_EV_IRQHandler                       0x080001c7   Thumb Code     0  startup_stm32f407xx.o(.text)
    I2C3_ER_IRQHandler                       0x080001c7   Thumb Code     0  startup_stm32f407xx.o(.text)
    I2C3_EV_IRQHandler                       0x080001c7   Thumb Code     0  startup_stm32f407xx.o(.text)
    OTG_FS_WKUP_IRQHandler                   0x080001c7   Thumb Code     0  startup_stm32f407xx.o(.text)
    OTG_HS_EP1_IN_IRQHandler                 0x080001c7   Thumb Code     0  startup_stm32f407xx.o(.text)
    OTG_HS_EP1_OUT_IRQHandler                0x080001c7   Thumb Code     0  startup_stm32f407xx.o(.text)
    OTG_HS_IRQHandler                        0x080001c7   Thumb Code     0  startup_stm32f407xx.o(.text)
    OTG_HS_WKUP_IRQHandler                   0x080001c7   Thumb Code     0  startup_stm32f407xx.o(.text)
    PVD_IRQHandler                           0x080001c7   Thumb Code     0  startup_stm32f407xx.o(.text)
    RCC_IRQHandler                           0x080001c7   Thumb Code     0  startup_stm32f407xx.o(.text)
    RTC_Alarm_IRQHandler                     0x080001c7   Thumb Code     0  startup_stm32f407xx.o(.text)
    RTC_WKUP_IRQHandler                      0x080001c7   Thumb Code     0  startup_stm32f407xx.o(.text)
    SDIO_IRQHandler                          0x080001c7   Thumb Code     0  startup_stm32f407xx.o(.text)
    SPI1_IRQHandler                          0x080001c7   Thumb Code     0  startup_stm32f407xx.o(.text)
    SPI2_IRQHandler                          0x080001c7   Thumb Code     0  startup_stm32f407xx.o(.text)
    SPI3_IRQHandler                          0x080001c7   Thumb Code     0  startup_stm32f407xx.o(.text)
    TAMP_STAMP_IRQHandler                    0x080001c7   Thumb Code     0  startup_stm32f407xx.o(.text)
    TIM1_BRK_TIM9_IRQHandler                 0x080001c7   Thumb Code     0  startup_stm32f407xx.o(.text)
    TIM1_CC_IRQHandler                       0x080001c7   Thumb Code     0  startup_stm32f407xx.o(.text)
    TIM1_TRG_COM_TIM11_IRQHandler            0x080001c7   Thumb Code     0  startup_stm32f407xx.o(.text)
    TIM1_UP_TIM10_IRQHandler                 0x080001c7   Thumb Code     0  startup_stm32f407xx.o(.text)
    TIM2_IRQHandler                          0x080001c7   Thumb Code     0  startup_stm32f407xx.o(.text)
    TIM3_IRQHandler                          0x080001c7   Thumb Code     0  startup_stm32f407xx.o(.text)
    TIM4_IRQHandler                          0x080001c7   Thumb Code     0  startup_stm32f407xx.o(.text)
    TIM5_IRQHandler                          0x080001c7   Thumb Code     0  startup_stm32f407xx.o(.text)
    TIM6_DAC_IRQHandler                      0x080001c7   Thumb Code     0  startup_stm32f407xx.o(.text)
    TIM7_IRQHandler                          0x080001c7   Thumb Code     0  startup_stm32f407xx.o(.text)
    TIM8_BRK_TIM12_IRQHandler                0x080001c7   Thumb Code     0  startup_stm32f407xx.o(.text)
    TIM8_CC_IRQHandler                       0x080001c7   Thumb Code     0  startup_stm32f407xx.o(.text)
    TIM8_TRG_COM_TIM14_IRQHandler            0x080001c7   Thumb Code     0  startup_stm32f407xx.o(.text)
    TIM8_UP_TIM13_IRQHandler                 0x080001c7   Thumb Code     0  startup_stm32f407xx.o(.text)
    UART4_IRQHandler                         0x080001c7   Thumb Code     0  startup_stm32f407xx.o(.text)
    UART5_IRQHandler                         0x080001c7   Thumb Code     0  startup_stm32f407xx.o(.text)
    USART1_IRQHandler                        0x080001c7   Thumb Code     0  startup_stm32f407xx.o(.text)
    USART2_IRQHandler                        0x080001c7   Thumb Code     0  startup_stm32f407xx.o(.text)
    USART3_IRQHandler                        0x080001c7   Thumb Code     0  startup_stm32f407xx.o(.text)
    USART6_IRQHandler                        0x080001c7   Thumb Code     0  startup_stm32f407xx.o(.text)
    WWDG_IRQHandler                          0x080001c7   Thumb Code     0  startup_stm32f407xx.o(.text)
    __aeabi_uldivmod                         0x080001d1   Thumb Code    98  uldiv.o(.text)
    __aeabi_memcpy                           0x08000233   Thumb Code    36  memcpya.o(.text)
    __aeabi_memcpy4                          0x08000233   Thumb Code     0  memcpya.o(.text)
    __aeabi_memcpy8                          0x08000233   Thumb Code     0  memcpya.o(.text)
    __aeabi_memset                           0x08000257   Thumb Code    14  memseta.o(.text)
    __aeabi_memset4                          0x08000257   Thumb Code     0  memseta.o(.text)
    __aeabi_memset8                          0x08000257   Thumb Code     0  memseta.o(.text)
    __aeabi_memclr                           0x08000265   Thumb Code     4  memseta.o(.text)
    __aeabi_memclr4                          0x08000265   Thumb Code     0  memseta.o(.text)
    __aeabi_memclr8                          0x08000265   Thumb Code     0  memseta.o(.text)
    _memset$wrapper                          0x08000269   Thumb Code    18  memseta.o(.text)
    __aeabi_uidiv                            0x0800027b   Thumb Code     0  uidiv.o(.text)
    __aeabi_uidivmod                         0x0800027b   Thumb Code    44  uidiv.o(.text)
    __aeabi_llsl                             0x080002a7   Thumb Code    30  llshl.o(.text)
    _ll_shift_l                              0x080002a7   Thumb Code     0  llshl.o(.text)
    __aeabi_llsr                             0x080002c5   Thumb Code    32  llushr.o(.text)
    _ll_ushift_r                             0x080002c5   Thumb Code     0  llushr.o(.text)
    __I$use$fp                               0x080002e5   Thumb Code     0  iusefp.o(.text)
    __aeabi_dadd                             0x080002e5   Thumb Code   322  dadd.o(.text)
    __aeabi_dsub                             0x08000427   Thumb Code     6  dadd.o(.text)
    __aeabi_drsub                            0x0800042d   Thumb Code     6  dadd.o(.text)
    __aeabi_dmul                             0x08000433   Thumb Code   228  dmul.o(.text)
    __aeabi_ddiv                             0x08000517   Thumb Code   222  ddiv.o(.text)
    __aeabi_d2ulz                            0x080005f5   Thumb Code    48  dfixul.o(.text)
    __aeabi_cdrcmple                         0x08000625   Thumb Code    48  cdrcmple.o(.text)
    __scatterload                            0x08000655   Thumb Code    28  init.o(.text)
    __scatterload_rt2                        0x08000655   Thumb Code     0  init.o(.text)
    __aeabi_lasr                             0x08000679   Thumb Code    36  llsshr.o(.text)
    _ll_sshift_r                             0x08000679   Thumb Code     0  llsshr.o(.text)
    _double_round                            0x0800069d   Thumb Code    30  depilogue.o(.text)
    _double_epilogue                         0x080006bb   Thumb Code   156  depilogue.o(.text)
    __decompress                             0x08000757   Thumb Code     0  __dczerorl2.o(.text)
    __decompress1                            0x08000757   Thumb Code    86  __dczerorl2.o(.text)
    BusFault_Handler                         0x080007ad   Thumb Code     2  stm32f4xx_it.o(i.BusFault_Handler)
    CDC_Transmit_FS                          0x0800082d   Thumb Code    38  usbd_cdc_if.o(i.CDC_Transmit_FS)
    DebugMon_Handler                         0x08000859   Thumb Code     2  stm32f4xx_it.o(i.DebugMon_Handler)
    Error_Handler                            0x0800085b   Thumb Code     4  main.o(i.Error_Handler)
    FLASH_Erase_Sector                       0x08000861   Thumb Code    74  stm32f4xx_hal_flash_ex.o(i.FLASH_Erase_Sector)
    FLASH_FlushCaches                        0x080008b1   Thumb Code    80  stm32f4xx_hal_flash_ex.o(i.FLASH_FlushCaches)
    FLASH_WaitForLastOperation               0x08000a29   Thumb Code    72  stm32f4xx_hal_flash.o(i.FLASH_WaitForLastOperation)
    HAL_Delay                                0x08000a79   Thumb Code    32  stm32f4xx_hal.o(i.HAL_Delay)
    HAL_FLASHEx_Erase                        0x08000a9d   Thumb Code   144  stm32f4xx_hal_flash_ex.o(i.HAL_FLASHEx_Erase)
    HAL_FLASH_Lock                           0x08000b35   Thumb Code    14  stm32f4xx_hal_flash.o(i.HAL_FLASH_Lock)
    HAL_FLASH_Program                        0x08000b49   Thumb Code   116  stm32f4xx_hal_flash.o(i.HAL_FLASH_Program)
    HAL_FLASH_Unlock                         0x08000bc5   Thumb Code    32  stm32f4xx_hal_flash.o(i.HAL_FLASH_Unlock)
    HAL_GPIO_Init                            0x08000bf1   Thumb Code   450  stm32f4xx_hal_gpio.o(i.HAL_GPIO_Init)
    HAL_GPIO_WritePin                        0x08000de1   Thumb Code    10  stm32f4xx_hal_gpio.o(i.HAL_GPIO_WritePin)
    HAL_GetTick                              0x08000ded   Thumb Code     6  stm32f4xx_hal.o(i.HAL_GetTick)
    HAL_IncTick                              0x08000df9   Thumb Code    12  stm32f4xx_hal.o(i.HAL_IncTick)
    HAL_Init                                 0x08000e09   Thumb Code    48  stm32f4xx_hal.o(i.HAL_Init)
    HAL_InitTick                             0x08000e3d   Thumb Code    54  stm32f4xx_hal.o(i.HAL_InitTick)
    HAL_MspInit                              0x08000e7d   Thumb Code    42  stm32f4xx_hal_msp.o(i.HAL_MspInit)
    HAL_NVIC_EnableIRQ                       0x08000ead   Thumb Code    26  stm32f4xx_hal_cortex.o(i.HAL_NVIC_EnableIRQ)
    HAL_NVIC_SetPriority                     0x08000ec9   Thumb Code    60  stm32f4xx_hal_cortex.o(i.HAL_NVIC_SetPriority)
    HAL_NVIC_SetPriorityGrouping             0x08000f09   Thumb Code    26  stm32f4xx_hal_cortex.o(i.HAL_NVIC_SetPriorityGrouping)
    HAL_PCDEx_LPM_Callback                   0x08000f2d   Thumb Code     2  stm32f4xx_hal_pcd_ex.o(i.HAL_PCDEx_LPM_Callback)
    HAL_PCDEx_SetRxFiFo                      0x08000f2f   Thumb Code     8  stm32f4xx_hal_pcd_ex.o(i.HAL_PCDEx_SetRxFiFo)
    HAL_PCDEx_SetTxFiFo                      0x08000f37   Thumb Code    68  stm32f4xx_hal_pcd_ex.o(i.HAL_PCDEx_SetTxFiFo)
    HAL_PCD_ConnectCallback                  0x08000f7b   Thumb Code     8  usbd_conf.o(i.HAL_PCD_ConnectCallback)
    HAL_PCD_DataInStageCallback              0x08000f83   Thumb Code    18  usbd_conf.o(i.HAL_PCD_DataInStageCallback)
    HAL_PCD_DataOutStageCallback             0x08000f95   Thumb Code    20  usbd_conf.o(i.HAL_PCD_DataOutStageCallback)
    HAL_PCD_DisconnectCallback               0x08000fa9   Thumb Code     8  usbd_conf.o(i.HAL_PCD_DisconnectCallback)
    HAL_PCD_EP_Close                         0x08000fb1   Thumb Code    76  stm32f4xx_hal_pcd.o(i.HAL_PCD_EP_Close)
    HAL_PCD_EP_ClrStall                      0x08000ffd   Thumb Code    92  stm32f4xx_hal_pcd.o(i.HAL_PCD_EP_ClrStall)
    HAL_PCD_EP_GetRxCount                    0x08001059   Thumb Code    18  stm32f4xx_hal_pcd.o(i.HAL_PCD_EP_GetRxCount)
    HAL_PCD_EP_Open                          0x0800106b   Thumb Code    96  stm32f4xx_hal_pcd.o(i.HAL_PCD_EP_Open)
    HAL_PCD_EP_Receive                       0x080010cb   Thumb Code    72  stm32f4xx_hal_pcd.o(i.HAL_PCD_EP_Receive)
    HAL_PCD_EP_SetStall                      0x08001113   Thumb Code   116  stm32f4xx_hal_pcd.o(i.HAL_PCD_EP_SetStall)
    HAL_PCD_EP_Transmit                      0x08001187   Thumb Code    64  stm32f4xx_hal_pcd.o(i.HAL_PCD_EP_Transmit)
    HAL_PCD_IRQHandler                       0x080011c9   Thumb Code  1070  stm32f4xx_hal_pcd.o(i.HAL_PCD_IRQHandler)
    HAL_PCD_ISOINIncompleteCallback          0x080015fd   Thumb Code     8  usbd_conf.o(i.HAL_PCD_ISOINIncompleteCallback)
    HAL_PCD_ISOOUTIncompleteCallback         0x08001605   Thumb Code     8  usbd_conf.o(i.HAL_PCD_ISOOUTIncompleteCallback)
    HAL_PCD_Init                             0x0800160d   Thumb Code   226  stm32f4xx_hal_pcd.o(i.HAL_PCD_Init)
    HAL_PCD_MspInit                          0x080016f1   Thumb Code   122  usbd_conf.o(i.HAL_PCD_MspInit)
    HAL_PCD_ResetCallback                    0x08001775   Thumb Code    44  usbd_conf.o(i.HAL_PCD_ResetCallback)
    HAL_PCD_ResumeCallback                   0x080017a1   Thumb Code     8  usbd_conf.o(i.HAL_PCD_ResumeCallback)
    HAL_PCD_SOFCallback                      0x080017a9   Thumb Code     8  usbd_conf.o(i.HAL_PCD_SOFCallback)
    HAL_PCD_SetAddress                       0x080017b1   Thumb Code    40  stm32f4xx_hal_pcd.o(i.HAL_PCD_SetAddress)
    HAL_PCD_SetupStageCallback               0x080017d9   Thumb Code    14  usbd_conf.o(i.HAL_PCD_SetupStageCallback)
    HAL_PCD_Start                            0x080017e7   Thumb Code    66  stm32f4xx_hal_pcd.o(i.HAL_PCD_Start)
    HAL_PCD_SuspendCallback                  0x08001829   Thumb Code    44  usbd_conf.o(i.HAL_PCD_SuspendCallback)
    HAL_RCC_ClockConfig                      0x08001859   Thumb Code   288  stm32f4xx_hal_rcc.o(i.HAL_RCC_ClockConfig)
    HAL_RCC_GetHCLKFreq                      0x0800198d   Thumb Code     6  stm32f4xx_hal_rcc.o(i.HAL_RCC_GetHCLKFreq)
    HAL_RCC_GetSysClockFreq                  0x08001999   Thumb Code    88  stm32f4xx_hal_rcc.o(i.HAL_RCC_GetSysClockFreq)
    HAL_RCC_OscConfig                        0x080019f9   Thumb Code   856  stm32f4xx_hal_rcc.o(i.HAL_RCC_OscConfig)
    HAL_SYSTICK_Config                       0x08001d65   Thumb Code    40  stm32f4xx_hal_cortex.o(i.HAL_SYSTICK_Config)
    HardFault_Handler                        0x08001d8d   Thumb Code     2  stm32f4xx_it.o(i.HardFault_Handler)
    MX_GPIO_Init                             0x08001dc9   Thumb Code   102  gpio.o(i.MX_GPIO_Init)
    MX_USB_DEVICE_Init                       0x08001e39   Thumb Code    66  usb_device.o(i.MX_USB_DEVICE_Init)
    MemManage_Handler                        0x08001e8d   Thumb Code     2  stm32f4xx_it.o(i.MemManage_Handler)
    NMI_Handler                              0x08001e8f   Thumb Code     2  stm32f4xx_it.o(i.NMI_Handler)
    OTG_FS_IRQHandler                        0x08001e91   Thumb Code     6  stm32f4xx_it.o(i.OTG_FS_IRQHandler)
    PendSV_Handler                           0x0800200b   Thumb Code     2  stm32f4xx_it.o(i.PendSV_Handler)
    STMFLASH_GetFlashSector                  0x0800200d   Thumb Code   114  stmflash.o(i.STMFLASH_GetFlashSector)
    STMFLASH_Write                           0x080020ad   Thumb Code   146  stmflash.o(i.STMFLASH_Write)
    SVC_Handler                              0x08002145   Thumb Code     2  stm32f4xx_it.o(i.SVC_Handler)
    SysTick_Handler                          0x08002151   Thumb Code     4  stm32f4xx_it.o(i.SysTick_Handler)
    SystemClock_Config                       0x08002155   Thumb Code   140  main.o(i.SystemClock_Config)
    SystemInit                               0x080021e9   Thumb Code    12  system_stm32f4xx.o(i.SystemInit)
    USBD_CDC_GetDeviceQualifierDescriptor    0x080022fd   Thumb Code     8  usbd_cdc.o(i.USBD_CDC_GetDeviceQualifierDescriptor)
    USBD_CDC_ReceivePacket                   0x080023cf   Thumb Code    40  usbd_cdc.o(i.USBD_CDC_ReceivePacket)
    USBD_CDC_RegisterInterface               0x080023f7   Thumb Code    14  usbd_cdc.o(i.USBD_CDC_RegisterInterface)
    USBD_CDC_SetRxBuffer                     0x08002405   Thumb Code    18  usbd_cdc.o(i.USBD_CDC_SetRxBuffer)
    USBD_CDC_SetTxBuffer                     0x08002417   Thumb Code    22  usbd_cdc.o(i.USBD_CDC_SetTxBuffer)
    USBD_CDC_TransmitPacket                  0x080024eb   Thumb Code    54  usbd_cdc.o(i.USBD_CDC_TransmitPacket)
    USBD_ClrClassConfig                      0x08002521   Thumb Code    16  usbd_core.o(i.USBD_ClrClassConfig)
    USBD_CtlContinueRx                       0x08002531   Thumb Code    16  usbd_ioreq.o(i.USBD_CtlContinueRx)
    USBD_CtlContinueSendData                 0x08002541   Thumb Code    16  usbd_ioreq.o(i.USBD_CtlContinueSendData)
    USBD_CtlError                            0x08002551   Thumb Code    22  usbd_ctlreq.o(i.USBD_CtlError)
    USBD_CtlPrepareRx                        0x08002567   Thumb Code    30  usbd_ioreq.o(i.USBD_CtlPrepareRx)
    USBD_CtlReceiveStatus                    0x08002585   Thumb Code    22  usbd_ioreq.o(i.USBD_CtlReceiveStatus)
    USBD_CtlSendData                         0x0800259b   Thumb Code    26  usbd_ioreq.o(i.USBD_CtlSendData)
    USBD_CtlSendStatus                       0x080025b5   Thumb Code    22  usbd_ioreq.o(i.USBD_CtlSendStatus)
    USBD_FS_ConfigStrDescriptor              0x080025cd   Thumb Code    16  usbd_desc.o(i.USBD_FS_ConfigStrDescriptor)
    USBD_FS_DeviceDescriptor                 0x080025ed   Thumb Code     8  usbd_desc.o(i.USBD_FS_DeviceDescriptor)
    USBD_FS_InterfaceStrDescriptor           0x080025f9   Thumb Code    16  usbd_desc.o(i.USBD_FS_InterfaceStrDescriptor)
    USBD_FS_LangIDStrDescriptor              0x0800261d   Thumb Code     8  usbd_desc.o(i.USBD_FS_LangIDStrDescriptor)
    USBD_FS_ManufacturerStrDescriptor        0x08002629   Thumb Code    16  usbd_desc.o(i.USBD_FS_ManufacturerStrDescriptor)
    USBD_FS_ProductStrDescriptor             0x08002651   Thumb Code    16  usbd_desc.o(i.USBD_FS_ProductStrDescriptor)
    USBD_FS_SerialStrDescriptor              0x0800267d   Thumb Code    48  usbd_desc.o(i.USBD_FS_SerialStrDescriptor)
    USBD_GetString                           0x0800279b   Thumb Code    72  usbd_ctlreq.o(i.USBD_GetString)
    USBD_Get_USB_Status                      0x080027e3   Thumb Code    24  usbd_conf.o(i.USBD_Get_USB_Status)
    USBD_Init                                0x080027fb   Thumb Code    38  usbd_core.o(i.USBD_Init)
    USBD_LL_ClearStallEP                     0x08002821   Thumb Code    18  usbd_conf.o(i.USBD_LL_ClearStallEP)
    USBD_LL_CloseEP                          0x08002833   Thumb Code    18  usbd_conf.o(i.USBD_LL_CloseEP)
    USBD_LL_DataInStage                      0x08002845   Thumb Code   168  usbd_core.o(i.USBD_LL_DataInStage)
    USBD_LL_DataOutStage                     0x080028ed   Thumb Code   108  usbd_core.o(i.USBD_LL_DataOutStage)
    USBD_LL_DevConnected                     0x08002959   Thumb Code     4  usbd_core.o(i.USBD_LL_DevConnected)
    USBD_LL_DevDisconnected                  0x0800295d   Thumb Code    24  usbd_core.o(i.USBD_LL_DevDisconnected)
    USBD_LL_GetRxDataSize                    0x08002975   Thumb Code     8  usbd_conf.o(i.USBD_LL_GetRxDataSize)
    USBD_LL_Init                             0x0800297d   Thumb Code    90  usbd_conf.o(i.USBD_LL_Init)
    USBD_LL_IsStallEP                        0x080029dd   Thumb Code    32  usbd_conf.o(i.USBD_LL_IsStallEP)
    USBD_LL_IsoINIncomplete                  0x080029fd   Thumb Code    32  usbd_core.o(i.USBD_LL_IsoINIncomplete)
    USBD_LL_IsoOUTIncomplete                 0x08002a1d   Thumb Code    32  usbd_core.o(i.USBD_LL_IsoOUTIncomplete)
    USBD_LL_OpenEP                           0x08002a3d   Thumb Code    24  usbd_conf.o(i.USBD_LL_OpenEP)
    USBD_LL_PrepareReceive                   0x08002a55   Thumb Code    18  usbd_conf.o(i.USBD_LL_PrepareReceive)
    USBD_LL_Reset                            0x08002a67   Thumb Code    90  usbd_core.o(i.USBD_LL_Reset)
    USBD_LL_Resume                           0x08002ac1   Thumb Code    20  usbd_core.o(i.USBD_LL_Resume)
    USBD_LL_SOF                              0x08002ad5   Thumb Code    32  usbd_core.o(i.USBD_LL_SOF)
    USBD_LL_SetSpeed                         0x08002af5   Thumb Code     6  usbd_core.o(i.USBD_LL_SetSpeed)
    USBD_LL_SetUSBAddress                    0x08002afb   Thumb Code    18  usbd_conf.o(i.USBD_LL_SetUSBAddress)
    USBD_LL_SetupStage                       0x08002b0d   Thumb Code    96  usbd_core.o(i.USBD_LL_SetupStage)
    USBD_LL_StallEP                          0x08002b6d   Thumb Code    18  usbd_conf.o(i.USBD_LL_StallEP)
    USBD_LL_Start                            0x08002b7f   Thumb Code    18  usbd_conf.o(i.USBD_LL_Start)
    USBD_LL_Suspend                          0x08002b91   Thumb Code    18  usbd_core.o(i.USBD_LL_Suspend)
    USBD_LL_Transmit                         0x08002ba3   Thumb Code    18  usbd_conf.o(i.USBD_LL_Transmit)
    USBD_ParseSetupRequest                   0x08002bb5   Thumb Code    44  usbd_ctlreq.o(i.USBD_ParseSetupRequest)
    USBD_RegisterClass                       0x08002be1   Thumb Code    36  usbd_core.o(i.USBD_RegisterClass)
    USBD_SetClassConfig                      0x08002c05   Thumb Code    20  usbd_core.o(i.USBD_SetClassConfig)
    USBD_Start                               0x08002cd5   Thumb Code     4  usbd_core.o(i.USBD_Start)
    USBD_StdDevReq                           0x08002cd9   Thumb Code   276  usbd_ctlreq.o(i.USBD_StdDevReq)
    USBD_StdEPReq                            0x08002ded   Thumb Code   320  usbd_ctlreq.o(i.USBD_StdEPReq)
    USBD_StdItfReq                           0x08002f2d   Thumb Code    82  usbd_ctlreq.o(i.USBD_StdItfReq)
    USBD_static_free                         0x08002f7f   Thumb Code     2  usbd_conf.o(i.USBD_static_free)
    USBD_static_malloc                       0x08002f81   Thumb Code     4  usbd_conf.o(i.USBD_static_malloc)
    USB_ActivateEndpoint                     0x08002f89   Thumb Code   122  stm32f4xx_ll_usb.o(i.USB_ActivateEndpoint)
    USB_ActivateSetup                        0x08003009   Thumb Code    28  stm32f4xx_ll_usb.o(i.USB_ActivateSetup)
    USB_CoreInit                             0x08003025   Thumb Code   112  stm32f4xx_ll_usb.o(i.USB_CoreInit)
    USB_DeactivateEndpoint                   0x080030d9   Thumb Code   194  stm32f4xx_ll_usb.o(i.USB_DeactivateEndpoint)
    USB_DevConnect                           0x080031a5   Thumb Code    28  stm32f4xx_ll_usb.o(i.USB_DevConnect)
    USB_DevDisconnect                        0x080031c1   Thumb Code    28  stm32f4xx_ll_usb.o(i.USB_DevDisconnect)
    USB_DevInit                              0x080031dd   Thumb Code   362  stm32f4xx_ll_usb.o(i.USB_DevInit)
    USB_DisableGlobalInt                     0x08003351   Thumb Code    12  stm32f4xx_ll_usb.o(i.USB_DisableGlobalInt)
    USB_EP0StartXfer                         0x0800335d   Thumb Code   276  stm32f4xx_ll_usb.o(i.USB_EP0StartXfer)
    USB_EP0_OutStart                         0x08003475   Thumb Code    84  stm32f4xx_ll_usb.o(i.USB_EP0_OutStart)
    USB_EPClearStall                         0x080034cd   Thumb Code    88  stm32f4xx_ll_usb.o(i.USB_EPClearStall)
    USB_EPSetStall                           0x08003525   Thumb Code    88  stm32f4xx_ll_usb.o(i.USB_EPSetStall)
    USB_EPStartXfer                          0x0800357d   Thumb Code   482  stm32f4xx_ll_usb.o(i.USB_EPStartXfer)
    USB_EnableGlobalInt                      0x08003765   Thumb Code    12  stm32f4xx_ll_usb.o(i.USB_EnableGlobalInt)
    USB_FlushRxFifo                          0x08003771   Thumb Code    36  stm32f4xx_ll_usb.o(i.USB_FlushRxFifo)
    USB_FlushTxFifo                          0x08003799   Thumb Code    40  stm32f4xx_ll_usb.o(i.USB_FlushTxFifo)
    USB_GetDevSpeed                          0x080037c5   Thumb Code    26  stm32f4xx_ll_usb.o(i.USB_GetDevSpeed)
    USB_GetMode                              0x080037df   Thumb Code     8  stm32f4xx_ll_usb.o(i.USB_GetMode)
    USB_ReadDevAllInEpInterrupt              0x080037e7   Thumb Code    14  stm32f4xx_ll_usb.o(i.USB_ReadDevAllInEpInterrupt)
    USB_ReadDevAllOutEpInterrupt             0x080037f5   Thumb Code    14  stm32f4xx_ll_usb.o(i.USB_ReadDevAllOutEpInterrupt)
    USB_ReadDevInEPInterrupt                 0x08003803   Thumb Code    36  stm32f4xx_ll_usb.o(i.USB_ReadDevInEPInterrupt)
    USB_ReadDevOutEPInterrupt                0x08003827   Thumb Code    16  stm32f4xx_ll_usb.o(i.USB_ReadDevOutEPInterrupt)
    USB_ReadInterrupts                       0x08003837   Thumb Code     8  stm32f4xx_ll_usb.o(i.USB_ReadInterrupts)
    USB_ReadPacket                           0x0800383f   Thumb Code    62  stm32f4xx_ll_usb.o(i.USB_ReadPacket)
    USB_SetCurrentMode                       0x0800387d   Thumb Code    92  stm32f4xx_ll_usb.o(i.USB_SetCurrentMode)
    USB_SetDevAddress                        0x080038d9   Thumb Code    34  stm32f4xx_ll_usb.o(i.USB_SetDevAddress)
    USB_SetTurnaroundTime                    0x080038fd   Thumb Code   158  stm32f4xx_ll_usb.o(i.USB_SetTurnaroundTime)
    USB_WritePacket                          0x080039e5   Thumb Code    40  stm32f4xx_ll_usb.o(i.USB_WritePacket)
    UsageFault_Handler                       0x08003a0d   Thumb Code     2  stm32f4xx_it.o(i.UsageFault_Handler)
    __0vsnprintf                             0x08003a11   Thumb Code    40  printfa.o(i.__0vsnprintf)
    __1vsnprintf                             0x08003a11   Thumb Code     0  printfa.o(i.__0vsnprintf)
    __2vsnprintf                             0x08003a11   Thumb Code     0  printfa.o(i.__0vsnprintf)
    __c89vsnprintf                           0x08003a11   Thumb Code     0  printfa.o(i.__0vsnprintf)
    vsnprintf                                0x08003a11   Thumb Code     0  printfa.o(i.__0vsnprintf)
    __scatterload_copy                       0x08003a5d   Thumb Code    14  handlers.o(i.__scatterload_copy)
    __scatterload_null                       0x08003a6b   Thumb Code     2  handlers.o(i.__scatterload_null)
    __scatterload_zeroinit                   0x08003a6d   Thumb Code    14  handlers.o(i.__scatterload_zeroinit)
    iap_load_app                             0x08004345   Thumb Code    36  iap.o(i.iap_load_app)
    iap_write_appbin                         0x08004371   Thumb Code   102  iap.o(i.iap_write_appbin)
    main                                     0x080043dd   Thumb Code   182  main.o(i.main)
    usb_printf                               0x0800453d   Thumb Code    32  usbd_cdc_if.o(i.usb_printf)
    AHBPrescTable                            0x08004560   Data          16  system_stm32f4xx.o(.constdata)
    Region$$Table$$Base                      0x08004570   Number         0  anon$$obj.o(Region$$Table)
    Region$$Table$$Limit                     0x080045a0   Number         0  anon$$obj.o(Region$$Table)
    USART_RX_CNT                             0x10000000   Data           4  main.o(.data)
    FS_Desc                                  0x10000004   Data          28  usbd_desc.o(.data)
    USBD_LangIDDesc                          0x10000020   Data           4  usbd_desc.o(.data)
    USBD_FS_DeviceDesc                       0x10000024   Data          18  usbd_desc.o(.data)
    USBD_StringSerial                        0x10000038   Data          26  usbd_desc.o(.data)
    USBD_Interface_fops_FS                   0x10000054   Data          20  usbd_cdc_if.o(.data)
    uwTickFreq                               0x10000068   Data           1  stm32f4xx_hal.o(.data)
    uwTickPrio                               0x1000006c   Data           4  stm32f4xx_hal.o(.data)
    uwTick                                   0x10000070   Data           4  stm32f4xx_hal.o(.data)
    SystemCoreClock                          0x10000074   Data           4  system_stm32f4xx.o(.data)
    USBD_CDC                                 0x10000154   Data          56  usbd_cdc.o(.data)
    jump2app                                 0x1000018c   Data           4  iap.o(.data)
    hUsbDeviceFS                             0x10000190   Data         720  usb_device.o(.bss)
    USBD_StrDesc                             0x10000460   Data         512  usbd_desc.o(.bss)
    UserRxBufferFS                           0x10000660   Data        2048  usbd_cdc_if.o(.bss)
    UserTxBufferFS                           0x10000e60   Data        2048  usbd_cdc_if.o(.bss)
    hpcd_USB_OTG_FS                          0x10001880   Data        1032  usbd_conf.o(.bss)
    pFlash                                   0x10001c88   Data          32  stm32f4xx_hal_flash.o(.bss)
    iapbuf                                   0x10001ca8   Data        2048  iap.o(.bss)
    __initial_sp                             0x10002ca8   Data           0  startup_stm32f407xx.o(STACK)
    USART_RX_BUF                             0x20000000   Data       122880  main.o(.bss)



==============================================================================

Memory Map of the image

  Image Entry point : 0x08000189

  Load Region LR_IROM1 (Base: 0x08000000, Size: 0x00004730, Max: 0x00100000, ABSOLUTE, COMPRESSED[0x00004668])

    Execution Region ER_IROM1 (Exec base: 0x08000000, Load base: 0x08000000, Size: 0x000045a0, Max: 0x00100000, ABSOLUTE)

    Exec Addr    Load Addr    Size         Type   Attr      Idx    E Section Name        Object

    0x08000000   0x08000000   0x00000188   Data   RO            3    RESET               startup_stm32f407xx.o
    0x08000188   0x08000188   0x00000000   Code   RO         2975  * .ARM.Collect$$$$00000000  mc_w.l(entry.o)
    0x08000188   0x08000188   0x00000004   Code   RO         3014    .ARM.Collect$$$$00000001  mc_w.l(entry2.o)
    0x0800018c   0x0800018c   0x00000004   Code   RO         3017    .ARM.Collect$$$$00000004  mc_w.l(entry5.o)
    0x08000190   0x08000190   0x00000000   Code   RO         3019    .ARM.Collect$$$$00000008  mc_w.l(entry7b.o)
    0x08000190   0x08000190   0x00000000   Code   RO         3021    .ARM.Collect$$$$0000000A  mc_w.l(entry8b.o)
    0x08000190   0x08000190   0x00000008   Code   RO         3022    .ARM.Collect$$$$0000000B  mc_w.l(entry9a.o)
    0x08000198   0x08000198   0x00000000   Code   RO         3024    .ARM.Collect$$$$0000000D  mc_w.l(entry10a.o)
    0x08000198   0x08000198   0x00000000   Code   RO         3026    .ARM.Collect$$$$0000000F  mc_w.l(entry11a.o)
    0x08000198   0x08000198   0x00000004   Code   RO         3015    .ARM.Collect$$$$00002712  mc_w.l(entry2.o)
    0x0800019c   0x0800019c   0x00000010   Code   RO         2956    .emb_text           user.o
    0x080001ac   0x080001ac   0x00000024   Code   RO            4    .text               startup_stm32f407xx.o
    0x080001d0   0x080001d0   0x00000062   Code   RO         2978    .text               mc_w.l(uldiv.o)
    0x08000232   0x08000232   0x00000024   Code   RO         2980    .text               mc_w.l(memcpya.o)
    0x08000256   0x08000256   0x00000024   Code   RO         2982    .text               mc_w.l(memseta.o)
    0x0800027a   0x0800027a   0x0000002c   Code   RO         3031    .text               mc_w.l(uidiv.o)
    0x080002a6   0x080002a6   0x0000001e   Code   RO         3033    .text               mc_w.l(llshl.o)
    0x080002c4   0x080002c4   0x00000020   Code   RO         3035    .text               mc_w.l(llushr.o)
    0x080002e4   0x080002e4   0x00000000   Code   RO         3037    .text               mc_w.l(iusefp.o)
    0x080002e4   0x080002e4   0x0000014e   Code   RO         3038    .text               mf_w.l(dadd.o)
    0x08000432   0x08000432   0x000000e4   Code   RO         3040    .text               mf_w.l(dmul.o)
    0x08000516   0x08000516   0x000000de   Code   RO         3042    .text               mf_w.l(ddiv.o)
    0x080005f4   0x080005f4   0x00000030   Code   RO         3044    .text               mf_w.l(dfixul.o)
    0x08000624   0x08000624   0x00000030   Code   RO         3046    .text               mf_w.l(cdrcmple.o)
    0x08000654   0x08000654   0x00000024   Code   RO         3048    .text               mc_w.l(init.o)
    0x08000678   0x08000678   0x00000024   Code   RO         3051    .text               mc_w.l(llsshr.o)
    0x0800069c   0x0800069c   0x000000ba   Code   RO         3054    .text               mf_w.l(depilogue.o)
    0x08000756   0x08000756   0x00000056   Code   RO         3064    .text               mc_w.l(__dczerorl2.o)
    0x080007ac   0x080007ac   0x00000002   Code   RO          219    i.BusFault_Handler  stm32f4xx_it.o
    0x080007ae   0x080007ae   0x00000004   Code   RO          446    i.CDC_Control_FS    usbd_cdc_if.o
    0x080007b2   0x080007b2   0x00000004   Code   RO          447    i.CDC_DeInit_FS     usbd_cdc_if.o
    0x080007b6   0x080007b6   0x00000002   PAD
    0x080007b8   0x080007b8   0x00000024   Code   RO          448    i.CDC_Init_FS       usbd_cdc_if.o
    0x080007dc   0x080007dc   0x0000004c   Code   RO          449    i.CDC_Receive_FS    usbd_cdc_if.o
    0x08000828   0x08000828   0x00000004   Code   RO          450    i.CDC_TransmitCplt_FS  usbd_cdc_if.o
    0x0800082c   0x0800082c   0x0000002c   Code   RO          451    i.CDC_Transmit_FS   usbd_cdc_if.o
    0x08000858   0x08000858   0x00000002   Code   RO          220    i.DebugMon_Handler  stm32f4xx_it.o
    0x0800085a   0x0800085a   0x00000004   Code   RO           13    i.Error_Handler     main.o
    0x0800085e   0x0800085e   0x00000002   PAD
    0x08000860   0x08000860   0x00000050   Code   RO         1562    i.FLASH_Erase_Sector  stm32f4xx_hal_flash_ex.o
    0x080008b0   0x080008b0   0x00000054   Code   RO         1563    i.FLASH_FlushCaches  stm32f4xx_hal_flash_ex.o
    0x08000904   0x08000904   0x00000028   Code   RO         1564    i.FLASH_MassErase   stm32f4xx_hal_flash_ex.o
    0x0800092c   0x0800092c   0x00000020   Code   RO         1444    i.FLASH_Program_Byte  stm32f4xx_hal_flash.o
    0x0800094c   0x0800094c   0x0000002c   Code   RO         1445    i.FLASH_Program_DoubleWord  stm32f4xx_hal_flash.o
    0x08000978   0x08000978   0x00000024   Code   RO         1446    i.FLASH_Program_HalfWord  stm32f4xx_hal_flash.o
    0x0800099c   0x0800099c   0x00000024   Code   RO         1447    i.FLASH_Program_Word  stm32f4xx_hal_flash.o
    0x080009c0   0x080009c0   0x00000068   Code   RO         1448    i.FLASH_SetErrorCode  stm32f4xx_hal_flash.o
    0x08000a28   0x08000a28   0x00000050   Code   RO         1449    i.FLASH_WaitForLastOperation  stm32f4xx_hal_flash.o
    0x08000a78   0x08000a78   0x00000024   Code   RO         2169    i.HAL_Delay         stm32f4xx_hal.o
    0x08000a9c   0x08000a9c   0x00000098   Code   RO         1565    i.HAL_FLASHEx_Erase  stm32f4xx_hal_flash_ex.o
    0x08000b34   0x08000b34   0x00000014   Code   RO         1453    i.HAL_FLASH_Lock    stm32f4xx_hal_flash.o
    0x08000b48   0x08000b48   0x0000007c   Code   RO         1458    i.HAL_FLASH_Program  stm32f4xx_hal_flash.o
    0x08000bc4   0x08000bc4   0x0000002c   Code   RO         1460    i.HAL_FLASH_Unlock  stm32f4xx_hal_flash.o
    0x08000bf0   0x08000bf0   0x000001f0   Code   RO         1643    i.HAL_GPIO_Init     stm32f4xx_hal_gpio.o
    0x08000de0   0x08000de0   0x0000000a   Code   RO         1647    i.HAL_GPIO_WritePin  stm32f4xx_hal_gpio.o
    0x08000dea   0x08000dea   0x00000002   PAD
    0x08000dec   0x08000dec   0x0000000c   Code   RO         2175    i.HAL_GetTick       stm32f4xx_hal.o
    0x08000df8   0x08000df8   0x00000010   Code   RO         2181    i.HAL_IncTick       stm32f4xx_hal.o
    0x08000e08   0x08000e08   0x00000034   Code   RO         2182    i.HAL_Init          stm32f4xx_hal.o
    0x08000e3c   0x08000e3c   0x00000040   Code   RO         2183    i.HAL_InitTick      stm32f4xx_hal.o
    0x08000e7c   0x08000e7c   0x00000030   Code   RO          301    i.HAL_MspInit       stm32f4xx_hal_msp.o
    0x08000eac   0x08000eac   0x0000001a   Code   RO         2032    i.HAL_NVIC_EnableIRQ  stm32f4xx_hal_cortex.o
    0x08000ec6   0x08000ec6   0x00000002   PAD
    0x08000ec8   0x08000ec8   0x00000040   Code   RO         2038    i.HAL_NVIC_SetPriority  stm32f4xx_hal_cortex.o
    0x08000f08   0x08000f08   0x00000024   Code   RO         2039    i.HAL_NVIC_SetPriorityGrouping  stm32f4xx_hal_cortex.o
    0x08000f2c   0x08000f2c   0x00000002   Code   RO          950    i.HAL_PCDEx_LPM_Callback  stm32f4xx_hal_pcd_ex.o
    0x08000f2e   0x08000f2e   0x00000008   Code   RO          951    i.HAL_PCDEx_SetRxFiFo  stm32f4xx_hal_pcd_ex.o
    0x08000f36   0x08000f36   0x00000044   Code   RO          952    i.HAL_PCDEx_SetTxFiFo  stm32f4xx_hal_pcd_ex.o
    0x08000f7a   0x08000f7a   0x00000008   Code   RO          516    i.HAL_PCD_ConnectCallback  usbd_conf.o
    0x08000f82   0x08000f82   0x00000012   Code   RO          517    i.HAL_PCD_DataInStageCallback  usbd_conf.o
    0x08000f94   0x08000f94   0x00000014   Code   RO          518    i.HAL_PCD_DataOutStageCallback  usbd_conf.o
    0x08000fa8   0x08000fa8   0x00000008   Code   RO          519    i.HAL_PCD_DisconnectCallback  usbd_conf.o
    0x08000fb0   0x08000fb0   0x0000004c   Code   RO          732    i.HAL_PCD_EP_Close  stm32f4xx_hal_pcd.o
    0x08000ffc   0x08000ffc   0x0000005c   Code   RO          733    i.HAL_PCD_EP_ClrStall  stm32f4xx_hal_pcd.o
    0x08001058   0x08001058   0x00000012   Code   RO          735    i.HAL_PCD_EP_GetRxCount  stm32f4xx_hal_pcd.o
    0x0800106a   0x0800106a   0x00000060   Code   RO          736    i.HAL_PCD_EP_Open   stm32f4xx_hal_pcd.o
    0x080010ca   0x080010ca   0x00000048   Code   RO          737    i.HAL_PCD_EP_Receive  stm32f4xx_hal_pcd.o
    0x08001112   0x08001112   0x00000074   Code   RO          738    i.HAL_PCD_EP_SetStall  stm32f4xx_hal_pcd.o
    0x08001186   0x08001186   0x00000040   Code   RO          739    i.HAL_PCD_EP_Transmit  stm32f4xx_hal_pcd.o
    0x080011c6   0x080011c6   0x00000002   PAD
    0x080011c8   0x080011c8   0x00000434   Code   RO          741    i.HAL_PCD_IRQHandler  stm32f4xx_hal_pcd.o
    0x080015fc   0x080015fc   0x00000008   Code   RO          520    i.HAL_PCD_ISOINIncompleteCallback  usbd_conf.o
    0x08001604   0x08001604   0x00000008   Code   RO          521    i.HAL_PCD_ISOOUTIncompleteCallback  usbd_conf.o
    0x0800160c   0x0800160c   0x000000e2   Code   RO          744    i.HAL_PCD_Init      stm32f4xx_hal_pcd.o
    0x080016ee   0x080016ee   0x00000002   PAD
    0x080016f0   0x080016f0   0x00000084   Code   RO          523    i.HAL_PCD_MspInit   usbd_conf.o
    0x08001774   0x08001774   0x0000002c   Code   RO          524    i.HAL_PCD_ResetCallback  usbd_conf.o
    0x080017a0   0x080017a0   0x00000008   Code   RO          525    i.HAL_PCD_ResumeCallback  usbd_conf.o
    0x080017a8   0x080017a8   0x00000008   Code   RO          526    i.HAL_PCD_SOFCallback  usbd_conf.o
    0x080017b0   0x080017b0   0x00000028   Code   RO          750    i.HAL_PCD_SetAddress  stm32f4xx_hal_pcd.o
    0x080017d8   0x080017d8   0x0000000e   Code   RO          527    i.HAL_PCD_SetupStageCallback  usbd_conf.o
    0x080017e6   0x080017e6   0x00000042   Code   RO          752    i.HAL_PCD_Start     stm32f4xx_hal_pcd.o
    0x08001828   0x08001828   0x00000030   Code   RO          528    i.HAL_PCD_SuspendCallback  usbd_conf.o
    0x08001858   0x08001858   0x00000134   Code   RO         1289    i.HAL_RCC_ClockConfig  stm32f4xx_hal_rcc.o
    0x0800198c   0x0800198c   0x0000000c   Code   RO         1294    i.HAL_RCC_GetHCLKFreq  stm32f4xx_hal_rcc.o
    0x08001998   0x08001998   0x00000060   Code   RO         1298    i.HAL_RCC_GetSysClockFreq  stm32f4xx_hal_rcc.o
    0x080019f8   0x080019f8   0x0000036c   Code   RO         1301    i.HAL_RCC_OscConfig  stm32f4xx_hal_rcc.o
    0x08001d64   0x08001d64   0x00000028   Code   RO         2043    i.HAL_SYSTICK_Config  stm32f4xx_hal_cortex.o
    0x08001d8c   0x08001d8c   0x00000002   Code   RO          221    i.HardFault_Handler  stm32f4xx_it.o
    0x08001d8e   0x08001d8e   0x00000002   PAD
    0x08001d90   0x08001d90   0x00000038   Code   RO          360    i.IntToUnicode      usbd_desc.o
    0x08001dc8   0x08001dc8   0x00000070   Code   RO          195    i.MX_GPIO_Init      gpio.o
    0x08001e38   0x08001e38   0x00000054   Code   RO          325    i.MX_USB_DEVICE_Init  usb_device.o
    0x08001e8c   0x08001e8c   0x00000002   Code   RO          222    i.MemManage_Handler  stm32f4xx_it.o
    0x08001e8e   0x08001e8e   0x00000002   Code   RO          223    i.NMI_Handler       stm32f4xx_it.o
    0x08001e90   0x08001e90   0x0000000c   Code   RO          224    i.OTG_FS_IRQHandler  stm32f4xx_it.o
    0x08001e9c   0x08001e9c   0x000000cc   Code   RO          756    i.PCD_EP_OutXfrComplete_int  stm32f4xx_hal_pcd.o
    0x08001f68   0x08001f68   0x000000a2   Code   RO          757    i.PCD_WriteEmptyTxFifo  stm32f4xx_hal_pcd.o
    0x0800200a   0x0800200a   0x00000002   Code   RO          225    i.PendSV_Handler    stm32f4xx_it.o
    0x0800200c   0x0800200c   0x000000a0   Code   RO         2908    i.STMFLASH_GetFlashSector  stmflash.o
    0x080020ac   0x080020ac   0x00000098   Code   RO         2911    i.STMFLASH_Write    stmflash.o
    0x08002144   0x08002144   0x00000002   Code   RO          226    i.SVC_Handler       stm32f4xx_it.o
    0x08002146   0x08002146   0x0000000a   Code   RO         2632    i.SWAPBYTE          usbd_ctlreq.o
    0x08002150   0x08002150   0x00000004   Code   RO          227    i.SysTick_Handler   stm32f4xx_it.o
    0x08002154   0x08002154   0x00000094   Code   RO           14    i.SystemClock_Config  main.o
    0x080021e8   0x080021e8   0x00000010   Code   RO         2457    i.SystemInit        system_stm32f4xx.o
    0x080021f8   0x080021f8   0x00000062   Code   RO         2765    i.USBD_CDC_DataIn   usbd_cdc.o
    0x0800225a   0x0800225a   0x0000002a   Code   RO         2766    i.USBD_CDC_DataOut  usbd_cdc.o
    0x08002284   0x08002284   0x00000048   Code   RO         2767    i.USBD_CDC_DeInit   usbd_cdc.o
    0x080022cc   0x080022cc   0x0000002e   Code   RO         2768    i.USBD_CDC_EP0_RxReady  usbd_cdc.o
    0x080022fa   0x080022fa   0x00000002   PAD
    0x080022fc   0x080022fc   0x0000000c   Code   RO         2769    i.USBD_CDC_GetDeviceQualifierDescriptor  usbd_cdc.o
    0x08002308   0x08002308   0x0000000c   Code   RO         2770    i.USBD_CDC_GetFSCfgDesc  usbd_cdc.o
    0x08002314   0x08002314   0x0000000c   Code   RO         2771    i.USBD_CDC_GetHSCfgDesc  usbd_cdc.o
    0x08002320   0x08002320   0x0000000c   Code   RO         2772    i.USBD_CDC_GetOtherSpeedCfgDesc  usbd_cdc.o
    0x0800232c   0x0800232c   0x000000a2   Code   RO         2773    i.USBD_CDC_Init     usbd_cdc.o
    0x080023ce   0x080023ce   0x00000028   Code   RO         2774    i.USBD_CDC_ReceivePacket  usbd_cdc.o
    0x080023f6   0x080023f6   0x0000000e   Code   RO         2775    i.USBD_CDC_RegisterInterface  usbd_cdc.o
    0x08002404   0x08002404   0x00000012   Code   RO         2776    i.USBD_CDC_SetRxBuffer  usbd_cdc.o
    0x08002416   0x08002416   0x00000016   Code   RO         2777    i.USBD_CDC_SetTxBuffer  usbd_cdc.o
    0x0800242c   0x0800242c   0x000000be   Code   RO         2778    i.USBD_CDC_Setup    usbd_cdc.o
    0x080024ea   0x080024ea   0x00000036   Code   RO         2779    i.USBD_CDC_TransmitPacket  usbd_cdc.o
    0x08002520   0x08002520   0x00000010   Code   RO         2494    i.USBD_ClrClassConfig  usbd_core.o
    0x08002530   0x08002530   0x00000010   Code   RO         2705    i.USBD_CtlContinueRx  usbd_ioreq.o
    0x08002540   0x08002540   0x00000010   Code   RO         2706    i.USBD_CtlContinueSendData  usbd_ioreq.o
    0x08002550   0x08002550   0x00000016   Code   RO         2633    i.USBD_CtlError     usbd_ctlreq.o
    0x08002566   0x08002566   0x0000001e   Code   RO         2707    i.USBD_CtlPrepareRx  usbd_ioreq.o
    0x08002584   0x08002584   0x00000016   Code   RO         2708    i.USBD_CtlReceiveStatus  usbd_ioreq.o
    0x0800259a   0x0800259a   0x0000001a   Code   RO         2709    i.USBD_CtlSendData  usbd_ioreq.o
    0x080025b4   0x080025b4   0x00000016   Code   RO         2710    i.USBD_CtlSendStatus  usbd_ioreq.o
    0x080025ca   0x080025ca   0x00000002   PAD
    0x080025cc   0x080025cc   0x00000020   Code   RO          361    i.USBD_FS_ConfigStrDescriptor  usbd_desc.o
    0x080025ec   0x080025ec   0x0000000c   Code   RO          362    i.USBD_FS_DeviceDescriptor  usbd_desc.o
    0x080025f8   0x080025f8   0x00000024   Code   RO          363    i.USBD_FS_InterfaceStrDescriptor  usbd_desc.o
    0x0800261c   0x0800261c   0x0000000c   Code   RO          364    i.USBD_FS_LangIDStrDescriptor  usbd_desc.o
    0x08002628   0x08002628   0x00000028   Code   RO          365    i.USBD_FS_ManufacturerStrDescriptor  usbd_desc.o
    0x08002650   0x08002650   0x0000002c   Code   RO          366    i.USBD_FS_ProductStrDescriptor  usbd_desc.o
    0x0800267c   0x0800267c   0x00000038   Code   RO          367    i.USBD_FS_SerialStrDescriptor  usbd_desc.o
    0x080026b4   0x080026b4   0x000000e6   Code   RO         2634    i.USBD_GetDescriptor  usbd_ctlreq.o
    0x0800279a   0x0800279a   0x00000048   Code   RO         2635    i.USBD_GetString    usbd_ctlreq.o
    0x080027e2   0x080027e2   0x00000018   Code   RO          529    i.USBD_Get_USB_Status  usbd_conf.o
    0x080027fa   0x080027fa   0x00000026   Code   RO         2496    i.USBD_Init         usbd_core.o
    0x08002820   0x08002820   0x00000012   Code   RO          530    i.USBD_LL_ClearStallEP  usbd_conf.o
    0x08002832   0x08002832   0x00000012   Code   RO          531    i.USBD_LL_CloseEP   usbd_conf.o
    0x08002844   0x08002844   0x000000a8   Code   RO         2497    i.USBD_LL_DataInStage  usbd_core.o
    0x080028ec   0x080028ec   0x0000006c   Code   RO         2498    i.USBD_LL_DataOutStage  usbd_core.o
    0x08002958   0x08002958   0x00000004   Code   RO         2499    i.USBD_LL_DevConnected  usbd_core.o
    0x0800295c   0x0800295c   0x00000018   Code   RO         2500    i.USBD_LL_DevDisconnected  usbd_core.o
    0x08002974   0x08002974   0x00000008   Code   RO          535    i.USBD_LL_GetRxDataSize  usbd_conf.o
    0x0800297c   0x0800297c   0x00000060   Code   RO          536    i.USBD_LL_Init      usbd_conf.o
    0x080029dc   0x080029dc   0x00000020   Code   RO          537    i.USBD_LL_IsStallEP  usbd_conf.o
    0x080029fc   0x080029fc   0x00000020   Code   RO         2501    i.USBD_LL_IsoINIncomplete  usbd_core.o
    0x08002a1c   0x08002a1c   0x00000020   Code   RO         2502    i.USBD_LL_IsoOUTIncomplete  usbd_core.o
    0x08002a3c   0x08002a3c   0x00000018   Code   RO          538    i.USBD_LL_OpenEP    usbd_conf.o
    0x08002a54   0x08002a54   0x00000012   Code   RO          539    i.USBD_LL_PrepareReceive  usbd_conf.o
    0x08002a66   0x08002a66   0x0000005a   Code   RO         2503    i.USBD_LL_Reset     usbd_core.o
    0x08002ac0   0x08002ac0   0x00000014   Code   RO         2504    i.USBD_LL_Resume    usbd_core.o
    0x08002ad4   0x08002ad4   0x00000020   Code   RO         2505    i.USBD_LL_SOF       usbd_core.o
    0x08002af4   0x08002af4   0x00000006   Code   RO         2506    i.USBD_LL_SetSpeed  usbd_core.o
    0x08002afa   0x08002afa   0x00000012   Code   RO          540    i.USBD_LL_SetUSBAddress  usbd_conf.o
    0x08002b0c   0x08002b0c   0x00000060   Code   RO         2507    i.USBD_LL_SetupStage  usbd_core.o
    0x08002b6c   0x08002b6c   0x00000012   Code   RO          541    i.USBD_LL_StallEP   usbd_conf.o
    0x08002b7e   0x08002b7e   0x00000012   Code   RO          542    i.USBD_LL_Start     usbd_conf.o
    0x08002b90   0x08002b90   0x00000012   Code   RO         2508    i.USBD_LL_Suspend   usbd_core.o
    0x08002ba2   0x08002ba2   0x00000012   Code   RO          544    i.USBD_LL_Transmit  usbd_conf.o
    0x08002bb4   0x08002bb4   0x0000002c   Code   RO         2636    i.USBD_ParseSetupRequest  usbd_ctlreq.o
    0x08002be0   0x08002be0   0x00000024   Code   RO         2509    i.USBD_RegisterClass  usbd_core.o
    0x08002c04   0x08002c04   0x00000014   Code   RO         2511    i.USBD_SetClassConfig  usbd_core.o
    0x08002c18   0x08002c18   0x000000bc   Code   RO         2637    i.USBD_SetConfig    usbd_ctlreq.o
    0x08002cd4   0x08002cd4   0x00000004   Code   RO         2512    i.USBD_Start        usbd_core.o
    0x08002cd8   0x08002cd8   0x00000114   Code   RO         2638    i.USBD_StdDevReq    usbd_ctlreq.o
    0x08002dec   0x08002dec   0x00000140   Code   RO         2639    i.USBD_StdEPReq     usbd_ctlreq.o
    0x08002f2c   0x08002f2c   0x00000052   Code   RO         2640    i.USBD_StdItfReq    usbd_ctlreq.o
    0x08002f7e   0x08002f7e   0x00000002   Code   RO          545    i.USBD_static_free  usbd_conf.o
    0x08002f80   0x08002f80   0x00000008   Code   RO          546    i.USBD_static_malloc  usbd_conf.o
    0x08002f88   0x08002f88   0x00000080   Code   RO          992    i.USB_ActivateEndpoint  stm32f4xx_ll_usb.o
    0x08003008   0x08003008   0x0000001c   Code   RO          994    i.USB_ActivateSetup  stm32f4xx_ll_usb.o
    0x08003024   0x08003024   0x00000074   Code   RO          996    i.USB_CoreInit      stm32f4xx_ll_usb.o
    0x08003098   0x08003098   0x00000040   Code   RO          997    i.USB_CoreReset     stm32f4xx_ll_usb.o
    0x080030d8   0x080030d8   0x000000cc   Code   RO         1000    i.USB_DeactivateEndpoint  stm32f4xx_ll_usb.o
    0x080031a4   0x080031a4   0x0000001c   Code   RO         1001    i.USB_DevConnect    stm32f4xx_ll_usb.o
    0x080031c0   0x080031c0   0x0000001c   Code   RO         1002    i.USB_DevDisconnect  stm32f4xx_ll_usb.o
    0x080031dc   0x080031dc   0x00000174   Code   RO         1003    i.USB_DevInit       stm32f4xx_ll_usb.o
    0x08003350   0x08003350   0x0000000c   Code   RO         1004    i.USB_DisableGlobalInt  stm32f4xx_ll_usb.o
    0x0800335c   0x0800335c   0x00000118   Code   RO         1007    i.USB_EP0StartXfer  stm32f4xx_ll_usb.o
    0x08003474   0x08003474   0x00000058   Code   RO         1008    i.USB_EP0_OutStart  stm32f4xx_ll_usb.o
    0x080034cc   0x080034cc   0x00000058   Code   RO         1009    i.USB_EPClearStall  stm32f4xx_ll_usb.o
    0x08003524   0x08003524   0x00000058   Code   RO         1010    i.USB_EPSetStall    stm32f4xx_ll_usb.o
    0x0800357c   0x0800357c   0x000001e8   Code   RO         1011    i.USB_EPStartXfer   stm32f4xx_ll_usb.o
    0x08003764   0x08003764   0x0000000c   Code   RO         1012    i.USB_EnableGlobalInt  stm32f4xx_ll_usb.o
    0x08003770   0x08003770   0x00000028   Code   RO         1013    i.USB_FlushRxFifo   stm32f4xx_ll_usb.o
    0x08003798   0x08003798   0x0000002c   Code   RO         1014    i.USB_FlushTxFifo   stm32f4xx_ll_usb.o
    0x080037c4   0x080037c4   0x0000001a   Code   RO         1016    i.USB_GetDevSpeed   stm32f4xx_ll_usb.o
    0x080037de   0x080037de   0x00000008   Code   RO         1018    i.USB_GetMode       stm32f4xx_ll_usb.o
    0x080037e6   0x080037e6   0x0000000e   Code   RO         1025    i.USB_ReadDevAllInEpInterrupt  stm32f4xx_ll_usb.o
    0x080037f4   0x080037f4   0x0000000e   Code   RO         1026    i.USB_ReadDevAllOutEpInterrupt  stm32f4xx_ll_usb.o
    0x08003802   0x08003802   0x00000024   Code   RO         1027    i.USB_ReadDevInEPInterrupt  stm32f4xx_ll_usb.o
    0x08003826   0x08003826   0x00000010   Code   RO         1028    i.USB_ReadDevOutEPInterrupt  stm32f4xx_ll_usb.o
    0x08003836   0x08003836   0x00000008   Code   RO         1029    i.USB_ReadInterrupts  stm32f4xx_ll_usb.o
    0x0800383e   0x0800383e   0x0000003e   Code   RO         1030    i.USB_ReadPacket    stm32f4xx_ll_usb.o
    0x0800387c   0x0800387c   0x0000005c   Code   RO         1032    i.USB_SetCurrentMode  stm32f4xx_ll_usb.o
    0x080038d8   0x080038d8   0x00000022   Code   RO         1033    i.USB_SetDevAddress  stm32f4xx_ll_usb.o
    0x080038fa   0x080038fa   0x00000002   PAD
    0x080038fc   0x080038fc   0x000000e8   Code   RO         1035    i.USB_SetTurnaroundTime  stm32f4xx_ll_usb.o
    0x080039e4   0x080039e4   0x00000028   Code   RO         1038    i.USB_WritePacket   stm32f4xx_ll_usb.o
    0x08003a0c   0x08003a0c   0x00000002   Code   RO          228    i.UsageFault_Handler  stm32f4xx_it.o
    0x08003a0e   0x08003a0e   0x00000002   PAD
    0x08003a10   0x08003a10   0x0000002c   Code   RO         2992    i.__0vsnprintf      mc_w.l(printfa.o)
    0x08003a3c   0x08003a3c   0x00000020   Code   RO         2045    i.__NVIC_SetPriority  stm32f4xx_hal_cortex.o
    0x08003a5c   0x08003a5c   0x0000000e   Code   RO         3058    i.__scatterload_copy  mc_w.l(handlers.o)
    0x08003a6a   0x08003a6a   0x00000002   Code   RO         3059    i.__scatterload_null  mc_w.l(handlers.o)
    0x08003a6c   0x08003a6c   0x0000000e   Code   RO         3060    i.__scatterload_zeroinit  mc_w.l(handlers.o)
    0x08003a7a   0x08003a7a   0x00000002   PAD
    0x08003a7c   0x08003a7c   0x00000184   Code   RO         2994    i._fp_digits        mc_w.l(printfa.o)
    0x08003c00   0x08003c00   0x000006dc   Code   RO         2995    i._printf_core      mc_w.l(printfa.o)
    0x080042dc   0x080042dc   0x00000024   Code   RO         2996    i._printf_post_padding  mc_w.l(printfa.o)
    0x08004300   0x08004300   0x0000002e   Code   RO         2997    i._printf_pre_padding  mc_w.l(printfa.o)
    0x0800432e   0x0800432e   0x00000016   Code   RO         2998    i._snputc           mc_w.l(printfa.o)
    0x08004344   0x08004344   0x0000002c   Code   RO         2871    i.iap_load_app      iap.o
    0x08004370   0x08004370   0x0000006c   Code   RO         2872    i.iap_write_appbin  iap.o
    0x080043dc   0x080043dc   0x00000160   Code   RO           15    i.main              main.o
    0x0800453c   0x0800453c   0x00000024   Code   RO          452    i.usb_printf        usbd_cdc_if.o
    0x08004560   0x08004560   0x00000010   Data   RO         2458    .constdata          system_stm32f4xx.o
    0x08004570   0x08004570   0x00000030   Data   RO         3056    Region$$Table       anon$$obj.o


    Execution Region RW_IRAM2 (Exec base: 0x10000000, Load base: 0x080045a0, Size: 0x00002ca8, Max: 0x00010000, ABSOLUTE, COMPRESSED[0x000000c8])

    Exec Addr    Load Addr    Size         Type   Attr      Idx    E Section Name        Object

    0x10000000   COMPRESSED   0x00000004   Data   RW           17    .data               main.o
    0x10000004   COMPRESSED   0x0000001c   Data   RW          369    .data               usbd_desc.o
    0x10000020   COMPRESSED   0x00000032   Data   RW          370    .data               usbd_desc.o
    0x10000052   COMPRESSED   0x00000002   PAD
    0x10000054   COMPRESSED   0x00000014   Data   RW          454    .data               usbd_cdc_if.o
    0x10000068   COMPRESSED   0x0000000c   Data   RW         2189    .data               stm32f4xx_hal.o
    0x10000074   COMPRESSED   0x00000004   Data   RW         2460    .data               system_stm32f4xx.o
    0x10000078   COMPRESSED   0x00000001   Data   RW         2641    .data               usbd_ctlreq.o
    0x10000079   COMPRESSED   0x00000003   PAD
    0x1000007c   COMPRESSED   0x000000d7   Data   RW         2780    .data               usbd_cdc.o
    0x10000153   COMPRESSED   0x00000001   PAD
    0x10000154   COMPRESSED   0x00000038   Data   RW         2781    .data               usbd_cdc.o
    0x1000018c   COMPRESSED   0x00000004   Data   RW         2874    .data               iap.o
    0x10000190        -       0x000002d0   Zero   RW          326    .bss                usb_device.o
    0x10000460        -       0x00000200   Zero   RW          368    .bss                usbd_desc.o
    0x10000660        -       0x00001000   Zero   RW          453    .bss                usbd_cdc_if.o
    0x10001660        -       0x00000628   Zero   RW          547    .bss                usbd_conf.o
    0x10001c88        -       0x00000020   Zero   RW         1461    .bss                stm32f4xx_hal_flash.o
    0x10001ca8        -       0x00000800   Zero   RW         2873    .bss                iap.o
    0x100024a8        -       0x00000800   Zero   RW            1    STACK               startup_stm32f407xx.o


    Execution Region RW_IRAM1 (Exec base: 0x20000000, Load base: 0x080045a0, Size: 0x0001e000, Max: 0x00020000, ABSOLUTE)

    Exec Addr    Load Addr    Size         Type   Attr      Idx    E Section Name        Object

    0x20000000        -       0x0001e000   Zero   RW           16    .bss                main.o


==============================================================================

Image component sizes


      Code (inc. data)   RO Data    RW Data    ZI Data      Debug   Object Name

       112         10          0          0          0        955   gpio.o
       152         14          0          4       2048       2064   iap.o
       504        178          0          4     122880     662987   main.o
        36          8        392          0       2048        852   startup_stm32f407xx.o
       180         28          0         12          0       9537   stm32f4xx_hal.o
       198         14          0          0          0      34043   stm32f4xx_hal_cortex.o
       520         66          0          0         32       6770   stm32f4xx_hal_flash.o
       356         24          0          0          0       4078   stm32f4xx_hal_flash_ex.o
       506         46          0          0          0       2240   stm32f4xx_hal_gpio.o
        48          6          0          0          0        886   stm32f4xx_hal_msp.o
      2308         14          0          0          0      12981   stm32f4xx_hal_pcd.o
        78          0          0          0          0       2465   stm32f4xx_hal_pcd_ex.o
      1292         54          0          0          0       4610   stm32f4xx_hal_rcc.o
        32          6          0          0          0       4794   stm32f4xx_it.o
      2690        132          0          0          0      23578   stm32f4xx_ll_usb.o
       312         52          0          0          0       2323   stmflash.o
        16          4         16          4          0       1175   system_stm32f4xx.o
        84         18          0          0        720        844   usb_device.o
       806         16          0        271          0      14045   usbd_cdc.o
       204         34          0         20       4096       5479   usbd_cdc_if.o
       644         24          0          0       1576      17268   usbd_conf.o
       744          0          0          0          0      12917   usbd_core.o
      1244         30          0          1          0      14496   usbd_ctlreq.o
       288        104          0         78        512       6345   usbd_desc.o
       132          0          0          0          0       4640   usbd_ioreq.o
        16          0          0          0          0        504   user.o

    ----------------------------------------------------------------------
     13524        882        456        400     133912     852876   Object Totals
         0          0         48          0          0          0   (incl. Generated)
        22          0          0          6          0          0   (incl. Padding)

    ----------------------------------------------------------------------

      Code (inc. data)   RO Data    RW Data    ZI Data      Debug   Library Member Name

        86          0          0          0          0          0   __dczerorl2.o
         0          0          0          0          0          0   entry.o
         0          0          0          0          0          0   entry10a.o
         0          0          0          0          0          0   entry11a.o
         8          4          0          0          0          0   entry2.o
         4          0          0          0          0          0   entry5.o
         0          0          0          0          0          0   entry7b.o
         0          0          0          0          0          0   entry8b.o
         8          4          0          0          0          0   entry9a.o
        30          0          0          0          0          0   handlers.o
        36          8          0          0          0         68   init.o
         0          0          0          0          0          0   iusefp.o
        30          0          0          0          0         68   llshl.o
        36          0          0          0          0         68   llsshr.o
        32          0          0          0          0         68   llushr.o
        36          0          0          0          0         68   memcpya.o
        36          0          0          0          0        108   memseta.o
      2292         84          0          0          0        516   printfa.o
        44          0          0          0          0         80   uidiv.o
        98          0          0          0          0         92   uldiv.o
        48          0          0          0          0         68   cdrcmple.o
       334          0          0          0          0        148   dadd.o
       222          0          0          0          0        100   ddiv.o
       186          0          0          0          0        176   depilogue.o
        48          0          0          0          0         68   dfixul.o
       228          0          0          0          0         96   dmul.o

    ----------------------------------------------------------------------
      3844        100          0          0          0       1792   Library Totals
         2          0          0          0          0          0   (incl. Padding)

    ----------------------------------------------------------------------

      Code (inc. data)   RO Data    RW Data    ZI Data      Debug   Library Name

      2776        100          0          0          0       1136   mc_w.l
      1066          0          0          0          0        656   mf_w.l

    ----------------------------------------------------------------------
      3844        100          0          0          0       1792   Library Totals

    ----------------------------------------------------------------------

==============================================================================


      Code (inc. data)   RO Data    RW Data    ZI Data      Debug   

     17368        982        456        400     133912     836416   Grand Totals
     17368        982        456        200     133912     836416   ELF Image Totals (compressed)
     17368        982        456        200          0          0   ROM Totals

==============================================================================

    Total RO  Size (Code + RO Data)                17824 (  17.41kB)
    Total RW  Size (RW Data + ZI Data)            134312 ( 131.16kB)
    Total ROM Size (Code + RO Data + RW Data)      18024 (  17.60kB)

==============================================================================

